Archive member included to satisfy reference by file (symbol)

/home/maddocks/src/test/i2c-usb-f7/libopencm3/lib/libopencm3_stm32f7.a(gpio_common_all.o)
                              i2c-stm32f7-usb.o (gpio_set)
/home/maddocks/src/test/i2c-usb-f7/libopencm3/lib/libopencm3_stm32f7.a(gpio_common_f0234.o)
                              i2c-stm32f7-usb.o (gpio_mode_setup)
/home/maddocks/src/test/i2c-usb-f7/libopencm3/lib/libopencm3_stm32f7.a(i2c_common_v2.o)
                              i2c_ctx.o (i2c_peripheral_enable)
/home/maddocks/src/test/i2c-usb-f7/libopencm3/lib/libopencm3_stm32f7.a(rcc.o)
                              i2c-stm32f7-usb.o (rcc_clock_setup_hsi)
/home/maddocks/src/test/i2c-usb-f7/libopencm3/lib/libopencm3_stm32f7.a(rcc_common_all.o)
                              i2c-stm32f7-usb.o (rcc_periph_clock_enable)
/home/maddocks/src/test/i2c-usb-f7/libopencm3/lib/libopencm3_stm32f7.a(usb.o)
                              i2c-stm32f7-usb.o (usbd_init)
/home/maddocks/src/test/i2c-usb-f7/libopencm3/lib/libopencm3_stm32f7.a(usb_standard.o)
                              i2c-stm32f7-usb.o (usbd_register_set_config_callback)
/home/maddocks/src/test/i2c-usb-f7/libopencm3/lib/libopencm3_stm32f7.a(usb_control.o)
                              i2c-stm32f7-usb.o (usbd_register_control_callback)
/home/maddocks/src/test/i2c-usb-f7/libopencm3/lib/libopencm3_stm32f7.a(usb_f107.o)
                              i2c-stm32f7-usb.o (stm32f107_usb_driver)
/home/maddocks/src/test/i2c-usb-f7/libopencm3/lib/libopencm3_stm32f7.a(vector.o)
                              (reset_handler)
/home/maddocks/src/test/i2c-usb-f7/libopencm3/lib/libopencm3_stm32f7.a(systick.o)
                              time_libopencm3.o (systick_set_reload)
/home/maddocks/src/test/i2c-usb-f7/libopencm3/lib/libopencm3_stm32f7.a(assert.o)
                              /home/maddocks/src/test/i2c-usb-f7/libopencm3/lib/libopencm3_stm32f7.a(rcc.o) (cm3_assert_failed)
/home/maddocks/src/test/i2c-usb-f7/libopencm3/lib/libopencm3_stm32f7.a(flash_common_all.o)
                              /home/maddocks/src/test/i2c-usb-f7/libopencm3/lib/libopencm3_stm32f7.a(rcc.o) (flash_prefetch_enable)
/home/maddocks/src/test/i2c-usb-f7/libopencm3/lib/libopencm3_stm32f7.a(flash.o)
                              /home/maddocks/src/test/i2c-usb-f7/libopencm3/lib/libopencm3_stm32f7.a(rcc.o) (flash_art_enable)
/home/maddocks/src/test/i2c-usb-f7/libopencm3/lib/libopencm3_stm32f7.a(pwr.o)
                              /home/maddocks/src/test/i2c-usb-f7/libopencm3/lib/libopencm3_stm32f7.a(rcc.o) (pwr_set_vos_scale)
/home/maddocks/src/test/i2c-usb-f7/libopencm3/lib/libopencm3_stm32f7.a(usb_dwc_common.o)
                              /home/maddocks/src/test/i2c-usb-f7/libopencm3/lib/libopencm3_stm32f7.a(usb_f107.o) (dwc_set_address)
/home/maddocks/src/test/i2c-usb-f7/libopencm3/lib/libopencm3_stm32f7.a(flash_common_f.o)
                              /home/maddocks/src/test/i2c-usb-f7/libopencm3/lib/libopencm3_stm32f7.a(flash.o) (flash_clear_eop_flag)
/home/maddocks/src/test/i2c-usb-f7/libopencm3/lib/libopencm3_stm32f7.a(flash_common_f24.o)
                              /home/maddocks/src/test/i2c-usb-f7/libopencm3/lib/libopencm3_stm32f7.a(flash.o) (flash_clear_pgaerr_flag)
/usr/lib/gcc/arm-none-eabi/9.2.1/../../../arm-none-eabi/lib/thumb/v7e-m+fp/hard/libc.a(lib_a-abort.o)
                              util.o (abort)
/usr/lib/gcc/arm-none-eabi/9.2.1/../../../arm-none-eabi/lib/thumb/v7e-m+fp/hard/libc.a(lib_a-fprintf.o)
                              regdump.o (fprintf)
/usr/lib/gcc/arm-none-eabi/9.2.1/../../../arm-none-eabi/lib/thumb/v7e-m+fp/hard/libc.a(lib_a-impure.o)
                              regdump.o (_impure_ptr)
/usr/lib/gcc/arm-none-eabi/9.2.1/../../../arm-none-eabi/lib/thumb/v7e-m+fp/hard/libc.a(lib_a-malloc.o)
                              util.o (malloc)
/usr/lib/gcc/arm-none-eabi/9.2.1/../../../arm-none-eabi/lib/thumb/v7e-m+fp/hard/libc.a(lib_a-mallocr.o)
                              /usr/lib/gcc/arm-none-eabi/9.2.1/../../../arm-none-eabi/lib/thumb/v7e-m+fp/hard/libc.a(lib_a-malloc.o) (_malloc_r)
/usr/lib/gcc/arm-none-eabi/9.2.1/../../../arm-none-eabi/lib/thumb/v7e-m+fp/hard/libc.a(lib_a-memcpy.o)
                              /home/maddocks/src/test/i2c-usb-f7/libopencm3/lib/libopencm3_stm32f7.a(usb_standard.o) (memcpy)
/usr/lib/gcc/arm-none-eabi/9.2.1/../../../arm-none-eabi/lib/thumb/v7e-m+fp/hard/libc.a(lib_a-memset.o)
                              i2c_ctx.o (memset)
/usr/lib/gcc/arm-none-eabi/9.2.1/../../../arm-none-eabi/lib/thumb/v7e-m+fp/hard/libc.a(lib_a-mlock.o)
                              /usr/lib/gcc/arm-none-eabi/9.2.1/../../../arm-none-eabi/lib/thumb/v7e-m+fp/hard/libc.a(lib_a-mallocr.o) (__malloc_lock)
/usr/lib/gcc/arm-none-eabi/9.2.1/../../../arm-none-eabi/lib/thumb/v7e-m+fp/hard/libc.a(lib_a-puts.o)
                              i2c_ctx.o (puts)
/usr/lib/gcc/arm-none-eabi/9.2.1/../../../arm-none-eabi/lib/thumb/v7e-m+fp/hard/libc.a(lib_a-sbrkr.o)
[...]
Memory Configuration

Name             Origin             Length             Attributes
rom              0x0000000008000000 0x0000000000200000 xr
ram              0x0000000020000000 0x0000000000080000 xrw
*default*        0x0000000000000000 0xffffffffffffffff

Linker script and memory map

LOAD i2c_ctx.o
LOAD bitops.o
LOAD fibre.o
LOAD fibre_default.o
LOAD list.o
LOAD messageq.o
LOAD regdump.o
LOAD ringbuf.o
LOAD time_libopencm3.o
LOAD util.o
LOAD i2c-stm32f7-usb.o
LOAD /home/maddocks/src/test/i2c-usb-f7/libopencm3/lib/libopencm3_stm32f7.a
START GROUP
LOAD /usr/lib/gcc/arm-none-eabi/9.2.1/../../../arm-none-eabi/lib/thumb/v7e-m+fp/hard/libc.a
LOAD /usr/lib/gcc/arm-none-eabi/9.2.1/thumb/v7e-m+fp/hard/libgcc.a
LOAD /usr/lib/gcc/arm-none-eabi/9.2.1/../../../arm-none-eabi/lib/thumb/v7e-m+fp/hard/libnosys.a
END GROUP
START GROUP
LOAD /usr/lib/gcc/arm-none-eabi/9.2.1/thumb/v7e-m+fp/hard/libgcc.a
LOAD /usr/lib/gcc/arm-none-eabi/9.2.1/../../../arm-none-eabi/lib/thumb/v7e-m+fp/hard/libc.a
END GROUP

.text           0x0000000008000000     0x9190
 *(.vectors)
 .vectors       0x0000000008000000      0x1e0 /home/maddocks/src/test/i2c-usb-f7/libopencm3/lib/libopencm3_stm32f7.a(vector.o)
                0x0000000008000000                vector_table
 *(.text*)
 .text.i2c_ctx_is_timed_out
                0x00000000080001e0       0x3c i2c_ctx.o
 .text.i2c_ctx_init
                0x000000000800021c       0x1e i2c_ctx.o
                0x000000000800021c                i2c_ctx_init
 *fill*         0x000000000800023a        0x2 
 .text.i2c_ctx_reset
                0x000000000800023c       0x68 i2c_ctx.o
                0x000000000800023c                i2c_ctx_reset
 .text.i2c_ctx_start
                0x00000000080002a4       0x46 i2c_ctx.o
                0x00000000080002a4                i2c_ctx_start
 .text.i2c_ctx_sendaddr
                0x00000000080002ea       0x78 i2c_ctx.o
                0x00000000080002ea                i2c_ctx_sendaddr
 .text.i2c_ctx_senddata
                0x0000000008000362       0x40 i2c_ctx.o
                0x0000000008000362                i2c_ctx_senddata
 .text.i2c_ctx_getdata
                0x00000000080003a2       0x60 i2c_ctx.o
                0x00000000080003a2                i2c_ctx_getdata
 .text.i2c_ctx_stop
                0x0000000008000402       0x46 i2c_ctx.o
                0x0000000008000402                i2c_ctx_stop
 .text.bitcnt   0x0000000008000448       0x2a bitops.o
                0x0000000008000448                bitcnt
 .text.ctz      0x0000000008000472        0xa bitops.o
                0x0000000008000472                ctz
 .text.messageq_empty
                0x000000000800047c       0x1a fibre.o
 *fill*         0x0000000008000496        0x2 
 .text.fibre_run
                0x0000000008000498       0x3c fibre.o
                0x0000000008000498                fibre_run
 .text.handle_atomic_runq
                0x00000000080004d4       0x24 fibre.o
 .text.fibre_scheduler_next
                0x00000000080004f8       0xfc fibre.o
                0x00000000080004f8                fibre_scheduler_next
 .text.fibre_scheduler_main_loop
                0x00000000080005f4        0xc fibre_default.o
                0x00000000080005f4                fibre_scheduler_main_loop
 .text.list_insert
                0x0000000008000600       0x10 list.o
                0x0000000008000600                list_insert
 .text.list_extract
                0x0000000008000610       0x10 list.o
                0x0000000008000610                list_extract
 .text.list_iterate
                0x0000000008000620        0x8 list.o
                0x0000000008000620                list_iterate
 .text.list_iterator_next
                0x0000000008000628        0xe list.o
                0x0000000008000628                list_iterator_next
 .text.list_iterator_remove
                0x0000000008000636       0x1a list.o
                0x0000000008000636                list_iterator_remove
 .text.list_contains
                0x0000000008000650       0x24 list.o
                0x0000000008000650                list_contains
 .text.list_remove
                0x0000000008000674       0x18 list.o
                0x0000000008000674                list_remove
 .text.messageq_receive
                0x000000000800068c       0x4a messageq.o
                0x000000000800068c                messageq_receive
 .text.messageq_release
                0x00000000080006d6       0x1a messageq.o
                0x00000000080006d6                messageq_release
 .text.fregdump_single
                0x00000000080006f0       0x58 regdump.o
                0x00000000080006f0                fregdump_single
 .text.fregdump
                0x0000000008000748       0x20 regdump.o
                0x0000000008000748                fregdump
 .text.regdump  0x0000000008000768       0x14 regdump.o
                0x0000000008000768                regdump
 .text.time_init
                0x000000000800077c       0x1c time_libopencm3.o
                0x000000000800077c                time_init
 .text.sys_tick_handler
                0x0000000008000798       0x18 time_libopencm3.o
                0x0000000008000798                sys_tick_handler
 .text.time_now
                0x00000000080007b0        0xc time_libopencm3.o
                0x00000000080007b0                time_now
 .text.cyclecmp32
                0x00000000080007bc        0x4 util.o
                0x00000000080007bc                cyclecmp32
 .text.usb_set_config
                0x00000000080007c0       0x28 i2c-stm32f7-usb.o
 .text.usb_fibre
                0x00000000080007e8       0x90 i2c-stm32f7-usb.o
 .text.usb_control_request
                0x0000000008000878      0x144 i2c-stm32f7-usb.o
 .text.startup.main
                0x00000000080009bc       0xbc i2c-stm32f7-usb.o
                0x00000000080009bc                main
 .text.gpio_set
                0x0000000008000a78        0x4 /home/maddocks/src/test/i2c-usb-f7/libopencm3/lib/libopencm3_stm32f7.a(gpio_common_all.o)
                0x0000000008000a78                gpio_set
 .text.gpio_mode_setup
                0x0000000008000a7c       0x40 /home/maddocks/src/test/i2c-usb-f7/libopencm3/lib/libopencm3_stm32f7.a(gpio_common_f0234.o)
                0x0000000008000a7c                gpio_mode_setup
 .text.gpio_set_output_options
                0x0000000008000abc       0x36 /home/maddocks/src/test/i2c-usb-f7/libopencm3/lib/libopencm3_stm32f7.a(gpio_common_f0234.o)
                0x0000000008000abc                gpio_set_output_options
 .text.gpio_set_af
                0x0000000008000af2       0x54 /home/maddocks/src/test/i2c-usb-f7/libopencm3/lib/libopencm3_stm32f7.a(gpio_common_f0234.o)
                0x0000000008000af2                gpio_set_af
 .text.i2c_peripheral_enable
                0x0000000008000b46        0xa /home/maddocks/src/test/i2c-usb-f7/libopencm3/lib/libopencm3_stm32f7.a(i2c_common_v2.o)
                0x0000000008000b46                i2c_peripheral_enable
 .text.i2c_peripheral_disable
                0x0000000008000b50        0xa /home/maddocks/src/test/i2c-usb-f7/libopencm3/lib/libopencm3_stm32f7.a(i2c_common_v2.o)
                0x0000000008000b50                i2c_peripheral_disable
 .text.i2c_send_start
                0x0000000008000b5a        0xa /home/maddocks/src/test/i2c-usb-f7/libopencm3/lib/libopencm3_stm32f7.a(i2c_common_v2.o)
                0x0000000008000b5a                i2c_send_start
 .text.i2c_send_stop
                0x0000000008000b64        0xa /home/maddocks/src/test/i2c-usb-f7/libopencm3/lib/libopencm3_stm32f7.a(i2c_common_v2.o)
                0x0000000008000b64                i2c_send_stop
 .text.i2c_set_own_7bit_slave_address
                0x0000000008000b6e        0xa /home/maddocks/src/test/i2c-usb-f7/libopencm3/lib/libopencm3_stm32f7.a(i2c_common_v2.o)
                0x0000000008000b6e                i2c_set_own_7bit_slave_address
 .text.i2c_set_clock_frequency
                0x0000000008000b78        0xe /home/maddocks/src/test/i2c-usb-f7/libopencm3/lib/libopencm3_stm32f7.a(i2c_common_v2.o)
                0x0000000008000b78                i2c_set_clock_frequency
 .text.i2c_send_data
                0x0000000008000b86        0x4 /home/maddocks/src/test/i2c-usb-f7/libopencm3/lib/libopencm3_stm32f7.a(i2c_common_v2.o)
                0x0000000008000b86                i2c_send_data
 .text.i2c_set_ccr
                0x0000000008000b8a        0xc /home/maddocks/src/test/i2c-usb-f7/libopencm3/lib/libopencm3_stm32f7.a(i2c_common_v2.o)
                0x0000000008000b8a                i2c_set_ccr
 .text.i2c_set_trise
                0x0000000008000b96        0x4 /home/maddocks/src/test/i2c-usb-f7/libopencm3/lib/libopencm3_stm32f7.a(i2c_common_v2.o)
                0x0000000008000b96                i2c_set_trise
 .text.i2c_send_7bit_address
                0x0000000008000b9a        0xa /home/maddocks/src/test/i2c-usb-f7/libopencm3/lib/libopencm3_stm32f7.a(i2c_common_v2.o)
                0x0000000008000b9a                i2c_send_7bit_address
 .text.i2c_get_data
                0x0000000008000ba4        0x6 /home/maddocks/src/test/i2c-usb-f7/libopencm3/lib/libopencm3_stm32f7.a(i2c_common_v2.o)
                0x0000000008000ba4                i2c_get_data
 *fill*         0x0000000008000baa        0x2 
 .text.rcc_wait_for_osc_ready.part.0
                0x0000000008000bac       0x10 /home/maddocks/src/test/i2c-usb-f7/libopencm3/lib/libopencm3_stm32f7.a(rcc.o)
 .text.rcc_wait_for_sysclk_status.part.0
                0x0000000008000bbc       0x14 /home/maddocks/src/test/i2c-usb-f7/libopencm3/lib/libopencm3_stm32f7.a(rcc.o)
 .text.rcc_wait_for_osc_ready
                0x0000000008000bd0       0x48 /home/maddocks/src/test/i2c-usb-f7/libopencm3/lib/libopencm3_stm32f7.a(rcc.o)
                0x0000000008000bd0                rcc_wait_for_osc_ready
 .text.rcc_osc_on
                0x0000000008000c18       0x44 /home/maddocks/src/test/i2c-usb-f7/libopencm3/lib/libopencm3_stm32f7.a(rcc.o)
                0x0000000008000c18                rcc_osc_on
 .text.rcc_set_sysclk_source
                0x0000000008000c5c       0x14 /home/maddocks/src/test/i2c-usb-f7/libopencm3/lib/libopencm3_stm32f7.a(rcc.o)
                0x0000000008000c5c                rcc_set_sysclk_source
 .text.rcc_set_ppre2
                0x0000000008000c70       0x14 /home/maddocks/src/test/i2c-usb-f7/libopencm3/lib/libopencm3_stm32f7.a(rcc.o)
                0x0000000008000c70                rcc_set_ppre2
 .text.rcc_set_ppre1
                0x0000000008000c84       0x14 /home/maddocks/src/test/i2c-usb-f7/libopencm3/lib/libopencm3_stm32f7.a(rcc.o)
                0x0000000008000c84                rcc_set_ppre1
 .text.rcc_set_hpre
                0x0000000008000c98       0x14 /home/maddocks/src/test/i2c-usb-f7/libopencm3/lib/libopencm3_stm32f7.a(rcc.o)
                0x0000000008000c98                rcc_set_hpre
 .text.rcc_set_main_pll_hsi
                0x0000000008000cac       0x1c /home/maddocks/src/test/i2c-usb-f7/libopencm3/lib/libopencm3_stm32f7.a(rcc.o)
                0x0000000008000cac                rcc_set_main_pll_hsi
 .text.rcc_clock_setup_hsi
                0x0000000008000cc8       0x94 /home/maddocks/src/test/i2c-usb-f7/libopencm3/lib/libopencm3_stm32f7.a(rcc.o)
                0x0000000008000cc8                rcc_clock_setup_hsi
 .text.rcc_periph_clock_enable
                0x0000000008000d5c       0x1c /home/maddocks/src/test/i2c-usb-f7/libopencm3/lib/libopencm3_stm32f7.a(rcc_common_all.o)
                0x0000000008000d5c                rcc_periph_clock_enable
 .text.rcc_periph_reset_pulse
                0x0000000008000d78       0x24 /home/maddocks/src/test/i2c-usb-f7/libopencm3/lib/libopencm3_stm32f7.a(rcc_common_all.o)
                0x0000000008000d78                rcc_periph_reset_pulse
 .text.usbd_init
                0x0000000008000d9c       0x54 /home/maddocks/src/test/i2c-usb-f7/libopencm3/lib/libopencm3_stm32f7.a(usb.o)
                0x0000000008000d9c                usbd_init
 .text.usbd_poll
                0x0000000008000df0        0x8 /home/maddocks/src/test/i2c-usb-f7/libopencm3/lib/libopencm3_stm32f7.a(usb.o)
                0x0000000008000df0                usbd_poll
 .text.usbd_ep_setup
                0x0000000008000df8       0x10 /home/maddocks/src/test/i2c-usb-f7/libopencm3/lib/libopencm3_stm32f7.a(usb.o)
                0x0000000008000df8                usbd_ep_setup
 .text._usbd_reset
                0x0000000008000e08       0x30 /home/maddocks/src/test/i2c-usb-f7/libopencm3/lib/libopencm3_stm32f7.a(usb.o)
                0x0000000008000e08                _usbd_reset
 .text.usbd_ep_write_packet
                0x0000000008000e38       0x10 /home/maddocks/src/test/i2c-usb-f7/libopencm3/lib/libopencm3_stm32f7.a(usb.o)
                0x0000000008000e38                usbd_ep_write_packet
 .text.usbd_ep_read_packet
                0x0000000008000e48       0x10 /home/maddocks/src/test/i2c-usb-f7/libopencm3/lib/libopencm3_stm32f7.a(usb.o)
                0x0000000008000e48                usbd_ep_read_packet
 .text.usbd_ep_stall_set
                0x0000000008000e58        0x8 /home/maddocks/src/test/i2c-usb-f7/libopencm3/lib/libopencm3_stm32f7.a(usb.o)
                0x0000000008000e58                usbd_ep_stall_set
 .text.usbd_ep_stall_get
                0x0000000008000e60        0x8 /home/maddocks/src/test/i2c-usb-f7/libopencm3/lib/libopencm3_stm32f7.a(usb.o)
                0x0000000008000e60                usbd_ep_stall_get
 .text.usb_standard_set_address
                0x0000000008000e68       0x2a /home/maddocks/src/test/i2c-usb-f7/libopencm3/lib/libopencm3_stm32f7.a(usb_standard.o)
 .text.usb_standard_set_configuration
                0x0000000008000e92       0x96 /home/maddocks/src/test/i2c-usb-f7/libopencm3/lib/libopencm3_stm32f7.a(usb_standard.o)
 .text.usb_standard_get_configuration
                0x0000000008000f28       0x22 /home/maddocks/src/test/i2c-usb-f7/libopencm3/lib/libopencm3_stm32f7.a(usb_standard.o)
 .text.usb_standard_get_interface
                0x0000000008000f4a       0x38 /home/maddocks/src/test/i2c-usb-f7/libopencm3/lib/libopencm3_stm32f7.a(usb_standard.o)
 .text.usb_standard_device_get_status
                0x0000000008000f82       0x18 /home/maddocks/src/test/i2c-usb-f7/libopencm3/lib/libopencm3_stm32f7.a(usb_standard.o)
 .text.usb_standard_endpoint_get_status
                0x0000000008000f9a       0x2c /home/maddocks/src/test/i2c-usb-f7/libopencm3/lib/libopencm3_stm32f7.a(usb_standard.o)
 .text.usb_standard_endpoint_stall
                0x0000000008000fc6       0x10 /home/maddocks/src/test/i2c-usb-f7/libopencm3/lib/libopencm3_stm32f7.a(usb_standard.o)
 .text.usb_standard_endpoint_unstall
                0x0000000008000fd6       0x10 /home/maddocks/src/test/i2c-usb-f7/libopencm3/lib/libopencm3_stm32f7.a(usb_standard.o)
 .text.usb_standard_set_interface
                0x0000000008000fe6       0x54 /home/maddocks/src/test/i2c-usb-f7/libopencm3/lib/libopencm3_stm32f7.a(usb_standard.o)
 .text.usb_standard_get_descriptor
                0x000000000800103a      0x2a0 /home/maddocks/src/test/i2c-usb-f7/libopencm3/lib/libopencm3_stm32f7.a(usb_standard.o)
 .text.usb_standard_interface_get_status
                0x00000000080012da       0x18 /home/maddocks/src/test/i2c-usb-f7/libopencm3/lib/libopencm3_stm32f7.a(usb_standard.o)
 .text.usbd_register_set_config_callback
                0x00000000080012f2       0x28 /home/maddocks/src/test/i2c-usb-f7/libopencm3/lib/libopencm3_stm32f7.a(usb_standard.o)
                0x00000000080012f2                usbd_register_set_config_callback
 *fill*         0x000000000800131a        0x2 
 .text._usbd_standard_request_device
                0x000000000800131c       0x4c /home/maddocks/src/test/i2c-usb-f7/libopencm3/lib/libopencm3_stm32f7.a(usb_standard.o)
                0x000000000800131c                _usbd_standard_request_device
 .text._usbd_standard_request_interface
                0x0000000008001368       0x34 /home/maddocks/src/test/i2c-usb-f7/libopencm3/lib/libopencm3_stm32f7.a(usb_standard.o)
                0x0000000008001368                _usbd_standard_request_interface
 .text._usbd_standard_request_endpoint
                0x000000000800139c       0x40 /home/maddocks/src/test/i2c-usb-f7/libopencm3/lib/libopencm3_stm32f7.a(usb_standard.o)
                0x000000000800139c                _usbd_standard_request_endpoint
 .text._usbd_standard_request
                0x00000000080013dc       0x38 /home/maddocks/src/test/i2c-usb-f7/libopencm3/lib/libopencm3_stm32f7.a(usb_standard.o)
                0x00000000080013dc                _usbd_standard_request
 .text.stall_transaction
                0x0000000008001414       0x14 /home/maddocks/src/test/i2c-usb-f7/libopencm3/lib/libopencm3_stm32f7.a(usb_control.o)
 .text.usb_control_recv_chunk
                0x0000000008001428       0x3c /home/maddocks/src/test/i2c-usb-f7/libopencm3/lib/libopencm3_stm32f7.a(usb_control.o)
 .text.usb_control_send_chunk
                0x0000000008001464       0x52 /home/maddocks/src/test/i2c-usb-f7/libopencm3/lib/libopencm3_stm32f7.a(usb_control.o)
 .text.usb_control_request_dispatch
                0x00000000080014b6       0x60 /home/maddocks/src/test/i2c-usb-f7/libopencm3/lib/libopencm3_stm32f7.a(usb_control.o)
 .text.usb_control_setup_read
                0x0000000008001516       0x66 /home/maddocks/src/test/i2c-usb-f7/libopencm3/lib/libopencm3_stm32f7.a(usb_control.o)
 .text.usbd_register_control_callback
                0x000000000800157c       0x2c /home/maddocks/src/test/i2c-usb-f7/libopencm3/lib/libopencm3_stm32f7.a(usb_control.o)
                0x000000000800157c                usbd_register_control_callback
 .text._usbd_control_setup
                0x00000000080015a8       0x5a /home/maddocks/src/test/i2c-usb-f7/libopencm3/lib/libopencm3_stm32f7.a(usb_control.o)
                0x00000000080015a8                _usbd_control_setup
 .text._usbd_control_out
                0x0000000008001602       0x82 /home/maddocks/src/test/i2c-usb-f7/libopencm3/lib/libopencm3_stm32f7.a(usb_control.o)
                0x0000000008001602                _usbd_control_out
 .text._usbd_control_in
                0x0000000008001684       0x56 /home/maddocks/src/test/i2c-usb-f7/libopencm3/lib/libopencm3_stm32f7.a(usb_control.o)
                0x0000000008001684                _usbd_control_in
 *fill*         0x00000000080016da        0x2 
 .text.stm32f107_usbd_init
                0x00000000080016dc       0xd4 /home/maddocks/src/test/i2c-usb-f7/libopencm3/lib/libopencm3_stm32f7.a(usb_f107.o)
 .text.blocking_handler
                0x00000000080017b0        0x2 /home/maddocks/src/test/i2c-usb-f7/libopencm3/lib/libopencm3_stm32f7.a(vector.o)
                0x00000000080017b0                i2c4_ev_isr
                0x00000000080017b0                dma2_stream1_isr
                0x00000000080017b0                tim8_brk_tim12_isr
                0x00000000080017b0                dma1_stream7_isr
                0x00000000080017b0                usart3_isr
                0x00000000080017b0                dfsdm1_flt3_isr
                0x00000000080017b0                tim7_isr
                0x00000000080017b0                dma2d_isr
                0x00000000080017b0                uart8_isr
                0x00000000080017b0                dma1_stream2_isr
                0x00000000080017b0                dsihost_isr
                0x00000000080017b0                i2c4_er_isr
                0x00000000080017b0                otg_hs_isr
                0x00000000080017b0                dfsdm1_flt2_isr
                0x00000000080017b0                blocking_handler
                0x00000000080017b0                tim5_isr
                0x00000000080017b0                rtc_wkup_isr
                0x00000000080017b0                otg_fs_isr
                0x00000000080017b0                spi1_isr
                0x00000000080017b0                i2c3_er_isr
                0x00000000080017b0                exti2_isr
                0x00000000080017b0                spi5_isr
                0x00000000080017b0                usb_fs_wkup_isr
                0x00000000080017b0                tamp_stamp_isr
                0x00000000080017b0                can1_rx1_isr
                0x00000000080017b0                dma2_stream0_isr
                0x00000000080017b0                usart1_isr
                0x00000000080017b0                i2c3_ev_isr
                0x00000000080017b0                usage_fault_handler
                0x00000000080017b0                can2_rx0_isr
                0x00000000080017b0                dma1_stream6_isr
                0x00000000080017b0                can2_rx1_isr
                0x00000000080017b0                can1_sce_isr
                0x00000000080017b0                tim1_cc_isr
                0x00000000080017b0                can1_tx_isr
                0x00000000080017b0                tim1_up_tim10_isr
                0x00000000080017b0                eth_isr
                0x00000000080017b0                spi6_isr
                0x00000000080017b0                dma2_stream5_isr
                0x00000000080017b0                pvd_isr
                0x00000000080017b0                can1_rx0_isr
                0x00000000080017b0                rcc_isr
                0x00000000080017b0                dma2_stream3_isr
                0x00000000080017b0                flash_isr
                0x00000000080017b0                uart4_isr
                0x00000000080017b0                lcd_tft_isr
                0x00000000080017b0                rtc_alarm_isr
                0x00000000080017b0                exti15_10_isr
                0x00000000080017b0                hash_rng_isr
                0x00000000080017b0                tim1_trg_com_tim11_isr
                0x00000000080017b0                hard_fault_handler
                0x00000000080017b0                exti1_isr
                0x00000000080017b0                i2c1_ev_isr
                0x00000000080017b0                usart6_isr
                0x00000000080017b0                sdmmc2_isr
                0x00000000080017b0                spi2_isr
                0x00000000080017b0                cryp_isr
                0x00000000080017b0                nvic_wwdg_isr
                0x00000000080017b0                dma1_stream1_isr
                0x00000000080017b0                dma2_stream4_isr
                0x00000000080017b0                exti3_isr
                0x00000000080017b0                tim3_isr
                0x00000000080017b0                usart2_isr
                0x00000000080017b0                sai1_isr
                0x00000000080017b0                fpu_isr
                0x00000000080017b0                dma1_stream4_isr
                0x00000000080017b0                i2c2_er_isr
                0x00000000080017b0                i2c2_ev_isr
                0x00000000080017b0                dfsdm1_flt0_isr
                0x00000000080017b0                uart5_isr
                0x00000000080017b0                dma2_stream6_isr
                0x00000000080017b0                spi4_isr
                0x00000000080017b0                adc_isr
                0x00000000080017b0                dma2_stream7_isr
                0x00000000080017b0                tim8_up_tim13_isr
                0x00000000080017b0                fsmc_isr
                0x00000000080017b0                exti4_isr
                0x00000000080017b0                tim6_dac_isr
                0x00000000080017b0                spdifrx_isr
                0x00000000080017b0                lp_timer1_isr
                0x00000000080017b0                dma1_stream3_isr
                0x00000000080017b0                tim8_trg_com_tim14_isr
                0x00000000080017b0                mem_manage_handler
                0x00000000080017b0                lcd_tft_err_isr
                0x00000000080017b0                can2_tx_isr
                0x00000000080017b0                exti9_5_isr
                0x00000000080017b0                tim1_brk_tim9_isr
                0x00000000080017b0                uart7_isr
                0x00000000080017b0                can2_sce_isr
                0x00000000080017b0                tim4_isr
                0x00000000080017b0                hdmi_cec_isr
                0x00000000080017b0                sai2_isr
                0x00000000080017b0                otg_hs_wkup_isr
                0x00000000080017b0                i2c1_er_isr
                0x00000000080017b0                dma1_stream0_isr
                0x00000000080017b0                tim8_cc_isr
                0x00000000080017b0                dcmi_isr
                0x00000000080017b0                dfsdm1_flt1_isr
                0x00000000080017b0                dma2_stream2_isr
                0x00000000080017b0                eth_wkup_isr
                0x00000000080017b0                bus_fault_handler
                0x00000000080017b0                otg_hs_ep1_out_isr
                0x00000000080017b0                sdmmc1_isr
                0x00000000080017b0                spi3_isr
                0x00000000080017b0                quadspi_isr
                0x00000000080017b0                dma1_stream5_isr
                0x00000000080017b0                otg_hs_ep1_in_isr
                0x00000000080017b0                tim2_isr
                0x00000000080017b0                exti0_isr
 .text.null_handler
                0x00000000080017b2        0x2 /home/maddocks/src/test/i2c-usb-f7/libopencm3/lib/libopencm3_stm32f7.a(vector.o)
                0x00000000080017b2                null_handler
                0x00000000080017b2                sv_call_handler
                0x00000000080017b2                pend_sv_handler
                0x00000000080017b2                debug_monitor_handler
                0x00000000080017b2                nmi_handler
 .text.reset_handler
                0x00000000080017b4       0x98 /home/maddocks/src/test/i2c-usb-f7/libopencm3/lib/libopencm3_stm32f7.a(vector.o)
                0x00000000080017b4                reset_handler
 .text.systick_set_reload
                0x000000000800184c       0x10 /home/maddocks/src/test/i2c-usb-f7/libopencm3/lib/libopencm3_stm32f7.a(systick.o)
                0x000000000800184c                systick_set_reload
 .text.systick_set_clocksource
                0x000000000800185c       0x18 /home/maddocks/src/test/i2c-usb-f7/libopencm3/lib/libopencm3_stm32f7.a(systick.o)
                0x000000000800185c                systick_set_clocksource
 .text.systick_interrupt_enable
                0x0000000008001874       0x10 /home/maddocks/src/test/i2c-usb-f7/libopencm3/lib/libopencm3_stm32f7.a(systick.o)
                0x0000000008001874                systick_interrupt_enable
 .text.systick_counter_enable
                0x0000000008001884       0x10 /home/maddocks/src/test/i2c-usb-f7/libopencm3/lib/libopencm3_stm32f7.a(systick.o)
                0x0000000008001884                systick_counter_enable
 .text.flash_prefetch_enable
                0x0000000008001894       0x10 /home/maddocks/src/test/i2c-usb-f7/libopencm3/lib/libopencm3_stm32f7.a(flash_common_all.o)
                0x0000000008001894                flash_prefetch_enable
 .text.flash_set_ws
                0x00000000080018a4       0x14 /home/maddocks/src/test/i2c-usb-f7/libopencm3/lib/libopencm3_stm32f7.a(flash_common_all.o)
                0x00000000080018a4                flash_set_ws
 .text.flash_art_enable
                0x00000000080018b8       0x10 /home/maddocks/src/test/i2c-usb-f7/libopencm3/lib/libopencm3_stm32f7.a(flash.o)
                0x00000000080018b8                flash_art_enable
 .text.pwr_set_vos_scale
                0x00000000080018c8       0x34 /home/maddocks/src/test/i2c-usb-f7/libopencm3/lib/libopencm3_stm32f7.a(pwr.o)
                0x00000000080018c8                pwr_set_vos_scale
 .text.pwr_enable_overdrive
                0x00000000080018fc       0x2c /home/maddocks/src/test/i2c-usb-f7/libopencm3/lib/libopencm3_stm32f7.a(pwr.o)
                0x00000000080018fc                pwr_enable_overdrive
 .text.dwc_set_address
                0x0000000008001928       0x18 /home/maddocks/src/test/i2c-usb-f7/libopencm3/lib/libopencm3_stm32f7.a(usb_dwc_common.o)
                0x0000000008001928                dwc_set_address
 .text.dwc_ep_setup
                0x0000000008001940      0x12a /home/maddocks/src/test/i2c-usb-f7/libopencm3/lib/libopencm3_stm32f7.a(usb_dwc_common.o)
                0x0000000008001940                dwc_ep_setup
 .text.dwc_endpoints_reset
                0x0000000008001a6a       0x48 /home/maddocks/src/test/i2c-usb-f7/libopencm3/lib/libopencm3_stm32f7.a(usb_dwc_common.o)
                0x0000000008001a6a                dwc_endpoints_reset
 .text.dwc_ep_stall_set
                0x0000000008001ab2       0x7a /home/maddocks/src/test/i2c-usb-f7/libopencm3/lib/libopencm3_stm32f7.a(usb_dwc_common.o)
                0x0000000008001ab2                dwc_ep_stall_set
 .text.dwc_ep_stall_get
                0x0000000008001b2c       0x1e /home/maddocks/src/test/i2c-usb-f7/libopencm3/lib/libopencm3_stm32f7.a(usb_dwc_common.o)
                0x0000000008001b2c                dwc_ep_stall_get
 .text.dwc_ep_nak_set
                0x0000000008001b4a       0x28 /home/maddocks/src/test/i2c-usb-f7/libopencm3/lib/libopencm3_stm32f7.a(usb_dwc_common.o)
                0x0000000008001b4a                dwc_ep_nak_set
 .text.dwc_ep_write_packet
                0x0000000008001b72       0x4a /home/maddocks/src/test/i2c-usb-f7/libopencm3/lib/libopencm3_stm32f7.a(usb_dwc_common.o)
                0x0000000008001b72                dwc_ep_write_packet
 .text.dwc_ep_read_packet
                0x0000000008001bbc       0x74 /home/maddocks/src/test/i2c-usb-f7/libopencm3/lib/libopencm3_stm32f7.a(usb_dwc_common.o)
                0x0000000008001bbc                dwc_ep_read_packet
 .text.dwc_poll
                0x0000000008001c30      0x1e4 /home/maddocks/src/test/i2c-usb-f7/libopencm3/lib/libopencm3_stm32f7.a(usb_dwc_common.o)
                0x0000000008001c30                dwc_poll
 .text.dwc_disconnect
                0x0000000008001e14       0x1c /home/maddocks/src/test/i2c-usb-f7/libopencm3/lib/libopencm3_stm32f7.a(usb_dwc_common.o)
                0x0000000008001e14                dwc_disconnect
 .text          0x0000000008001e30       0x10 /usr/lib/gcc/arm-none-eabi/9.2.1/../../../arm-none-eabi/lib/thumb/v7e-m+fp/hard/libc.a(lib_a-abort.o)
                0x0000000008001e30                abort
 .text          0x0000000008001e40       0x44 /usr/lib/gcc/arm-none-eabi/9.2.1/../../../arm-none-eabi/lib/thumb/v7e-m+fp/hard/libc.a(lib_a-fprintf.o)
                0x0000000008001e40                _fprintf_r
                0x0000000008001e5c                fprintf
 .text          0x0000000008001e84      0x564 /usr/lib/gcc/arm-none-eabi/9.2.1/../../../arm-none-eabi/lib/thumb/v7e-m+fp/hard/libc.a(lib_a-mallocr.o)
                0x0000000008001e84                _malloc_r
 .text          0x00000000080023e8      0x134 /usr/lib/gcc/arm-none-eabi/9.2.1/../../../arm-none-eabi/lib/thumb/v7e-m+fp/hard/libc.a(lib_a-memcpy.o)
                0x00000000080023e8                memcpy
 .text          0x000000000800251c       0xa0 /usr/lib/gcc/arm-none-eabi/9.2.1/../../../arm-none-eabi/lib/thumb/v7e-m+fp/hard/libc.a(lib_a-memset.o)
                0x000000000800251c                memset
 .text          0x00000000080025bc        0x8 /usr/lib/gcc/arm-none-eabi/9.2.1/../../../arm-none-eabi/lib/thumb/v7e-m+fp/hard/libc.a(lib_a-mlock.o)
                0x00000000080025bc                __malloc_lock
                0x00000000080025c0                __malloc_unlock
 .text          0x00000000080025c4       0x78 /usr/lib/gcc/arm-none-eabi/9.2.1/../../../arm-none-eabi/lib/thumb/v7e-m+fp/hard/libc.a(lib_a-puts.o)
                0x00000000080025c4                _puts_r
                0x000000000800262c                puts
 .text          0x000000000800263c       0x24 /usr/lib/gcc/arm-none-eabi/9.2.1/../../../arm-none-eabi/lib/thumb/v7e-m+fp/hard/libc.a(lib_a-sbrkr.o)
                0x000000000800263c                _sbrk_r
 .text          0x0000000008002660      0x15c /usr/lib/gcc/arm-none-eabi/9.2.1/../../../arm-none-eabi/lib/thumb/v7e-m+fp/hard/libc.a(lib_a-signal.o)
                0x0000000008002688                _init_signal_r
                0x0000000008002694                _signal_r
                0x00000000080026cc                _raise_r
                0x0000000008002724                __sigtramp_r
                0x0000000008002778                raise
                0x0000000008002788                signal
                0x0000000008002798                _init_signal
                0x00000000080027ac                __sigtramp
 .text          0x00000000080027bc       0x2c /usr/lib/gcc/arm-none-eabi/9.2.1/../../../arm-none-eabi/lib/thumb/v7e-m+fp/hard/libc.a(lib_a-signalr.o)
                0x00000000080027bc                _kill_r
                0x00000000080027e4                _getpid_r
 *fill*         0x00000000080027e8       0x18 
 .text          0x0000000008002800       0xdc /usr/lib/gcc/arm-none-eabi/9.2.1/../../../arm-none-eabi/lib/thumb/v7e-m+fp/hard/libc.a(lib_a-strlen.o)
                0x0000000008002800                strlen
 *fill*         0x00000000080028dc        0x4 
 .text          0x00000000080028e0     0x1580 /usr/lib/gcc/arm-none-eabi/9.2.1/../../../arm-none-eabi/lib/thumb/v7e-m+fp/hard/libc.a(lib_a-vfprintf.o)
                0x00000000080028e0                _vfprintf_r
                0x0000000008003ddc                vfprintf
 .text          0x0000000008003e60       0xd0 /usr/lib/gcc/arm-none-eabi/9.2.1/../../../arm-none-eabi/lib/thumb/v7e-m+fp/hard/libc.a(lib_a-wsetup.o)
                0x0000000008003e60                __swsetup_r
 .text          0x0000000008003f30      0xfc0 /usr/lib/gcc/arm-none-eabi/9.2.1/../../../arm-none-eabi/lib/thumb/v7e-m+fp/hard/libc.a(lib_a-dtoa.o)
                0x0000000008004054                _dtoa_r
 .text          0x0000000008004ef0      0x1a4 /usr/lib/gcc/arm-none-eabi/9.2.1/../../../arm-none-eabi/lib/thumb/v7e-m+fp/hard/libc.a(lib_a-fflush.o)
                0x0000000008004ef0                __sflush_r
                0x000000000800503c                _fflush_r
                0x0000000008005070                fflush
 .text          0x0000000008005094      0x1f4 /usr/lib/gcc/arm-none-eabi/9.2.1/../../../arm-none-eabi/lib/thumb/v7e-m+fp/hard/libc.a(lib_a-findfp.o)
                0x0000000008005098                _cleanup_r
                0x000000000800517c                __sfmoreglue
                0x00000000080051ac                __sfp
                0x0000000008005234                _cleanup
                0x0000000008005248                __sinit
                0x0000000008005250                __sfp_lock_acquire
                0x0000000008005254                __sfp_lock_release
                0x0000000008005258                __sinit_lock_acquire
                0x000000000800525c                __sinit_lock_release
                0x0000000008005260                __fp_lock_all
                0x0000000008005274                __fp_unlock_all
 .text          0x0000000008005288      0x294 /usr/lib/gcc/arm-none-eabi/9.2.1/../../../arm-none-eabi/lib/thumb/v7e-m+fp/hard/libc.a(lib_a-freer.o)
                0x0000000008005288                _malloc_trim_r
                0x0000000008005328                _free_r
 .text          0x000000000800551c      0x308 /usr/lib/gcc/arm-none-eabi/9.2.1/../../../arm-none-eabi/lib/thumb/v7e-m+fp/hard/libc.a(lib_a-fvwrite.o)
                0x000000000800551c                __sfvwrite_r
 .text          0x0000000008005824       0xa0 /usr/lib/gcc/arm-none-eabi/9.2.1/../../../arm-none-eabi/lib/thumb/v7e-m+fp/hard/libc.a(lib_a-fwalk.o)
                0x0000000008005824                _fwalk
                0x0000000008005870                _fwalk_reent
 .text          0x00000000080058c4       0x14 /usr/lib/gcc/arm-none-eabi/9.2.1/../../../arm-none-eabi/lib/thumb/v7e-m+fp/hard/libc.a(lib_a-localeconv.o)
                0x00000000080058c4                __localeconv_l
                0x00000000080058c8                _localeconv_r
                0x00000000080058d0                localeconv
 .text          0x00000000080058d8       0xf0 /usr/lib/gcc/arm-none-eabi/9.2.1/../../../arm-none-eabi/lib/thumb/v7e-m+fp/hard/libc.a(lib_a-makebuf.o)
                0x00000000080058d8                __swhatbuf_r
                0x0000000008005934                __smakebuf_r
 *fill*         0x00000000080059c8        0x8 
 .text          0x00000000080059d0       0xa0 /usr/lib/gcc/arm-none-eabi/9.2.1/../../../arm-none-eabi/lib/thumb/v7e-m+fp/hard/libc.a(lib_a-memchr.o)
                0x00000000080059d0                memchr
 .text          0x0000000008005a70       0xd0 /usr/lib/gcc/arm-none-eabi/9.2.1/../../../arm-none-eabi/lib/thumb/v7e-m+fp/hard/libc.a(lib_a-memmove.o)
                0x0000000008005a70                memmove
 .text          0x0000000008005b40      0x9a8 /usr/lib/gcc/arm-none-eabi/9.2.1/../../../arm-none-eabi/lib/thumb/v7e-m+fp/hard/libc.a(lib_a-mprec.o)
                0x0000000008005b40                _Balloc
                0x0000000008005b8c                _Bfree
                0x0000000008005ba0                __multadd
                0x0000000008005c44                __s2b
                0x0000000008005cf0                __hi0bits
                0x0000000008005d30                __lo0bits
                0x0000000008005d90                __i2b
                0x0000000008005dbc                __multiply
                0x0000000008005f08                __pow5mult
                0x0000000008005fa0                __lshift
                0x000000000800606c                __mcmp
                0x00000000080060a4                __mdiff
                0x00000000080061cc                __ulp
                0x000000000800621c                __b2d
                0x00000000080062d4                __d2b
                0x00000000080063a8                __ratio
                0x0000000008006408                _mprec_log10
                0x0000000008006448                __copybits
                0x0000000008006490                __any_on
 .text          0x00000000080064e8      0x36c /usr/lib/gcc/arm-none-eabi/9.2.1/../../../arm-none-eabi/lib/thumb/v7e-m+fp/hard/libc.a(lib_a-reallocr.o)
                0x00000000080064e8                _realloc_r
 .text          0x0000000008006854       0x90 /usr/lib/gcc/arm-none-eabi/9.2.1/../../../arm-none-eabi/lib/thumb/v7e-m+fp/hard/libc.a(lib_a-stdio.o)
                0x0000000008006854                __sread
                0x0000000008006878                __seofread
                0x000000000800687c                __swrite
                0x00000000080068bc                __sseek
                0x00000000080068dc                __sclose
 .text          0x00000000080068e4      0xd00 /usr/lib/gcc/arm-none-eabi/9.2.1/../../../arm-none-eabi/lib/thumb/v7e-m+fp/hard/libc.a(lib_a-vfiprintf.o)
                0x000000000800695c                __sprint_r
                0x0000000008006970                _vfiprintf_r
                0x0000000008007560                vfiprintf
 .text          0x00000000080075e4       0x2c /usr/lib/gcc/arm-none-eabi/9.2.1/../../../arm-none-eabi/lib/thumb/v7e-m+fp/hard/libc.a(lib_a-writer.o)
                0x00000000080075e4                _write_r
 .text          0x0000000008007610       0x48 /usr/lib/gcc/arm-none-eabi/9.2.1/../../../arm-none-eabi/lib/thumb/v7e-m+fp/hard/libc.a(lib_a-assert.o)
                0x0000000008007610                __assert_func
                0x000000000800764c                __assert
 .text          0x0000000008007658       0x60 /usr/lib/gcc/arm-none-eabi/9.2.1/../../../arm-none-eabi/lib/thumb/v7e-m+fp/hard/libc.a(lib_a-callocr.o)
                0x0000000008007658                _calloc_r
 .text          0x00000000080076b8       0x24 /usr/lib/gcc/arm-none-eabi/9.2.1/../../../arm-none-eabi/lib/thumb/v7e-m+fp/hard/libc.a(lib_a-closer.o)
                0x00000000080076b8                _close_r
 .text          0x00000000080076dc       0x98 /usr/lib/gcc/arm-none-eabi/9.2.1/../../../arm-none-eabi/lib/thumb/v7e-m+fp/hard/libc.a(lib_a-fclose.o)
                0x00000000080076dc                _fclose_r
                0x0000000008007764                fclose
 .text          0x0000000008007774       0x44 /usr/lib/gcc/arm-none-eabi/9.2.1/../../../arm-none-eabi/lib/thumb/v7e-m+fp/hard/libc.a(lib_a-fiprintf.o)
                0x0000000008007774                _fiprintf_r
                0x0000000008007790                fiprintf
 .text          0x00000000080077b8      0x110 /usr/lib/gcc/arm-none-eabi/9.2.1/../../../arm-none-eabi/lib/thumb/v7e-m+fp/hard/libc.a(lib_a-fputwc.o)
                0x00000000080077b8                __fputwc
                0x0000000008007860                _fputwc_r
                0x0000000008007888                fputwc
 .text          0x00000000080078c8       0x28 /usr/lib/gcc/arm-none-eabi/9.2.1/../../../arm-none-eabi/lib/thumb/v7e-m+fp/hard/libc.a(lib_a-fstatr.o)
                0x00000000080078c8                _fstat_r
 .text          0x00000000080078f0       0x24 /usr/lib/gcc/arm-none-eabi/9.2.1/../../../arm-none-eabi/lib/thumb/v7e-m+fp/hard/libc.a(lib_a-isattyr.o)
                0x00000000080078f0                _isatty_r
 .text          0x0000000008007914       0x5c /usr/lib/gcc/arm-none-eabi/9.2.1/../../../arm-none-eabi/lib/thumb/v7e-m+fp/hard/libc.a(lib_a-locale.o)
                0x0000000008007914                _setlocale_r
                0x0000000008007954                __locale_mb_cur_max
                0x0000000008007960                setlocale
 .text          0x0000000008007970       0x2c /usr/lib/gcc/arm-none-eabi/9.2.1/../../../arm-none-eabi/lib/thumb/v7e-m+fp/hard/libc.a(lib_a-lseekr.o)
                0x0000000008007970                _lseek_r
 .text          0x000000000800799c       0x40 /usr/lib/gcc/arm-none-eabi/9.2.1/../../../arm-none-eabi/lib/thumb/v7e-m+fp/hard/libc.a(lib_a-mbtowc_r.o)
                0x000000000800799c                _mbtowc_r
                0x00000000080079b0                __ascii_mbtowc
 .text          0x00000000080079dc       0x2c /usr/lib/gcc/arm-none-eabi/9.2.1/../../../arm-none-eabi/lib/thumb/v7e-m+fp/hard/libc.a(lib_a-readr.o)
                0x00000000080079dc                _read_r
 *fill*         0x0000000008007a08       0x18 
 .text          0x0000000008007a20      0x2dc /usr/lib/gcc/arm-none-eabi/9.2.1/../../../arm-none-eabi/lib/thumb/v7e-m+fp/hard/libc.a(lib_a-strcmp.o)
                0x0000000008007a28                strcmp
 .text          0x0000000008007cfc       0xc0 /usr/lib/gcc/arm-none-eabi/9.2.1/../../../arm-none-eabi/lib/thumb/v7e-m+fp/hard/libc.a(lib_a-wbuf.o)
                0x0000000008007cfc                __swbuf_r
                0x0000000008007dac                __swbuf
 .text          0x0000000008007dbc       0x7c /usr/lib/gcc/arm-none-eabi/9.2.1/../../../arm-none-eabi/lib/thumb/v7e-m+fp/hard/libc.a(lib_a-wcrtomb.o)
                0x0000000008007dbc                _wcrtomb_r
                0x0000000008007df0                wcrtomb
 .text          0x0000000008007e38       0x30 /usr/lib/gcc/arm-none-eabi/9.2.1/../../../arm-none-eabi/lib/thumb/v7e-m+fp/hard/libc.a(lib_a-wctomb_r.o)
                0x0000000008007e38                _wctomb_r
                0x0000000008007e4c                __ascii_wctomb
 .text          0x0000000008007e68      0x378 /usr/lib/gcc/arm-none-eabi/9.2.1/thumb/v7e-m+fp/hard/libgcc.a(_arm_addsubdf3.o)
                0x0000000008007e68                __aeabi_drsub
                0x0000000008007e70                __aeabi_dsub
                0x0000000008007e70                __subdf3
                0x0000000008007e74                __adddf3
                0x0000000008007e74                __aeabi_dadd
                0x00000000080080ec                __aeabi_ui2d
                0x00000000080080ec                __floatunsidf
                0x000000000800810c                __floatsidf
                0x000000000800810c                __aeabi_i2d
                0x0000000008008130                __extendsfdf2
                0x0000000008008130                __aeabi_f2d
                0x0000000008008174                __aeabi_ul2d
                0x0000000008008174                __floatundidf
                0x0000000008008184                __floatdidf
                0x0000000008008184                __aeabi_l2d
 .text          0x00000000080081e0      0x424 /usr/lib/gcc/arm-none-eabi/9.2.1/thumb/v7e-m+fp/hard/libgcc.a(_arm_muldivdf3.o)
                0x00000000080081e0                __aeabi_dmul
                0x00000000080081e0                __muldf3
                0x0000000008008434                __aeabi_ddiv
                0x0000000008008434                __divdf3
 .text          0x0000000008008604      0x110 /usr/lib/gcc/arm-none-eabi/9.2.1/thumb/v7e-m+fp/hard/libgcc.a(_arm_cmpdf2.o)
                0x0000000008008604                __gtdf2
                0x0000000008008604                __gedf2
                0x000000000800860c                __ltdf2
                0x000000000800860c                __ledf2
                0x0000000008008614                __cmpdf2
                0x0000000008008614                __eqdf2
                0x0000000008008614                __nedf2
                0x0000000008008690                __aeabi_cdrcmple
                0x00000000080086a0                __aeabi_cdcmple
                0x00000000080086a0                __aeabi_cdcmpeq
                0x00000000080086b0                __aeabi_dcmpeq
                0x00000000080086c4                __aeabi_dcmplt
                0x00000000080086d8                __aeabi_dcmple
                0x00000000080086ec                __aeabi_dcmpge
                0x0000000008008700                __aeabi_dcmpgt
 .text          0x0000000008008714       0x2c /usr/lib/gcc/arm-none-eabi/9.2.1/thumb/v7e-m+fp/hard/libgcc.a(_arm_unorddf2.o)
                0x0000000008008714                __aeabi_dcmpun
                0x0000000008008714                __unorddf2
 .text          0x0000000008008740       0x50 /usr/lib/gcc/arm-none-eabi/9.2.1/thumb/v7e-m+fp/hard/libgcc.a(_arm_fixdfsi.o)
                0x0000000008008740                __fixdfsi
                0x0000000008008740                __aeabi_d2iz
 .text          0x0000000008008790       0x30 /usr/lib/gcc/arm-none-eabi/9.2.1/thumb/v7e-m+fp/hard/libgcc.a(_aeabi_uldivmod.o)
                0x0000000008008790                __aeabi_uldivmod
 .text          0x00000000080087c0      0x2c4 /usr/lib/gcc/arm-none-eabi/9.2.1/thumb/v7e-m+fp/hard/libgcc.a(_udivmoddi4.o)
                0x00000000080087c0                __udivmoddi4
 .text          0x0000000008008a84        0x4 /usr/lib/gcc/arm-none-eabi/9.2.1/thumb/v7e-m+fp/hard/libgcc.a(_dvmd_tls.o)
                0x0000000008008a84                __aeabi_ldiv0
                0x0000000008008a84                __aeabi_idiv0
 .text          0x0000000008008a88       0x10 /usr/lib/gcc/arm-none-eabi/9.2.1/../../../arm-none-eabi/lib/thumb/v7e-m+fp/hard/libnosys.a(close.o)
                0x0000000008008a88                _close
 .text          0x0000000008008a98       0x10 /usr/lib/gcc/arm-none-eabi/9.2.1/../../../arm-none-eabi/lib/thumb/v7e-m+fp/hard/libnosys.a(fstat.o)
                0x0000000008008a98                _fstat
 .text          0x0000000008008aa8       0x10 /usr/lib/gcc/arm-none-eabi/9.2.1/../../../arm-none-eabi/lib/thumb/v7e-m+fp/hard/libnosys.a(getpid.o)
                0x0000000008008aa8                _getpid
 .text          0x0000000008008ab8       0x10 /usr/lib/gcc/arm-none-eabi/9.2.1/../../../arm-none-eabi/lib/thumb/v7e-m+fp/hard/libnosys.a(isatty.o)
                0x0000000008008ab8                _isatty
 .text          0x0000000008008ac8       0x10 /usr/lib/gcc/arm-none-eabi/9.2.1/../../../arm-none-eabi/lib/thumb/v7e-m+fp/hard/libnosys.a(kill.o)
                0x0000000008008ac8                _kill
 .text          0x0000000008008ad8       0x10 /usr/lib/gcc/arm-none-eabi/9.2.1/../../../arm-none-eabi/lib/thumb/v7e-m+fp/hard/libnosys.a(lseek.o)
                0x0000000008008ad8                _lseek
 .text          0x0000000008008ae8       0x10 /usr/lib/gcc/arm-none-eabi/9.2.1/../../../arm-none-eabi/lib/thumb/v7e-m+fp/hard/libnosys.a(read.o)
                0x0000000008008ae8                _read
 .text          0x0000000008008af8       0x1c /usr/lib/gcc/arm-none-eabi/9.2.1/../../../arm-none-eabi/lib/thumb/v7e-m+fp/hard/libnosys.a(sbrk.o)
                0x0000000008008af8                _sbrk
 .text          0x0000000008008b14       0x10 /usr/lib/gcc/arm-none-eabi/9.2.1/../../../arm-none-eabi/lib/thumb/v7e-m+fp/hard/libnosys.a(write.o)
                0x0000000008008b14                _write
 .text          0x0000000008008b24        0x4 /usr/lib/gcc/arm-none-eabi/9.2.1/../../../arm-none-eabi/lib/thumb/v7e-m+fp/hard/libnosys.a(_exit.o)
                0x0000000008008b24                _exit
                0x0000000008008b28                . = ALIGN (0x4)
 *(.rodata*)
 .rodata.i2c_ctx_is_timed_out.str1.1
                0x0000000008008b28       0x1a i2c_ctx.o
 .rodata.str1.1
                0x0000000008008b42       0xc2 i2c_ctx.o
 .rodata.i2c_sr1_desc
                0x0000000008008c04       0x80 i2c_ctx.o
 .rodata.fregdump_single.str1.1
                0x0000000008008c84       0x1d regdump.o
 .rodata.str1.1
                0x0000000008008ca1       0x26 i2c-stm32f7-usb.o
 .rodata.config
                0x0000000008008cc7        0xd i2c-stm32f7-usb.o
 .rodata.dev    0x0000000008008cd4       0x12 i2c-stm32f7-usb.o
 .rodata.i2c_endpoint
                0x0000000008008ce6        0xf i2c-stm32f7-usb.o
                0x0000000008008ce6                i2c_endpoint
 .rodata.i2c_iface
                0x0000000008008cf5       0x15 i2c-stm32f7-usb.o
                0x0000000008008cf5                i2c_iface
 *fill*         0x0000000008008d0a        0x2 
 .rodata.ifaces
                0x0000000008008d0c       0x10 i2c-stm32f7-usb.o
                0x0000000008008d0c                ifaces
 .rodata.rcc_3v3
                0x0000000008008d1c       0xa8 /home/maddocks/src/test/i2c-usb-f7/libopencm3/lib/libopencm3_stm32f7.a(rcc.o)
                0x0000000008008d1c                rcc_3v3
 .rodata.stm32f107_usb_driver
                0x0000000008008dc4       0x34 /home/maddocks/src/test/i2c-usb-f7/libopencm3/lib/libopencm3_stm32f7.a(usb_f107.o)
                0x0000000008008dc4                stm32f107_usb_driver
 .rodata        0x0000000008008df8        0x4 /usr/lib/gcc/arm-none-eabi/9.2.1/../../../arm-none-eabi/lib/thumb/v7e-m+fp/hard/libc.a(lib_a-impure.o)
                0x0000000008008df8                _global_impure_ptr
 .rodata.str1.4
                0x0000000008008dfc        0x2 /usr/lib/gcc/arm-none-eabi/9.2.1/../../../arm-none-eabi/lib/thumb/v7e-m+fp/hard/libc.a(lib_a-puts.o)
 *fill*         0x0000000008008dfe        0x2 
 .rodata        0x0000000008008e00       0x20 /usr/lib/gcc/arm-none-eabi/9.2.1/../../../arm-none-eabi/lib/thumb/v7e-m+fp/hard/libc.a(lib_a-vfprintf.o)
 .rodata.str1.4
                0x0000000008008e20       0x42 /usr/lib/gcc/arm-none-eabi/9.2.1/../../../arm-none-eabi/lib/thumb/v7e-m+fp/hard/libc.a(lib_a-vfprintf.o)
 *fill*         0x0000000008008e62        0x2 
 .rodata.str1.4
                0x0000000008008e64       0x56 /usr/lib/gcc/arm-none-eabi/9.2.1/../../../arm-none-eabi/lib/thumb/v7e-m+fp/hard/libc.a(lib_a-dtoa.o)
                                         0x5a (size before relaxing)
 *fill*         0x0000000008008eba        0x6 
 .rodata        0x0000000008008ec0      0x128 /usr/lib/gcc/arm-none-eabi/9.2.1/../../../arm-none-eabi/lib/thumb/v7e-m+fp/hard/libc.a(lib_a-mprec.o)
                0x0000000008008ed0                __mprec_tens
                0x0000000008008f98                __mprec_tinytens
                0x0000000008008fc0                __mprec_bigtens
 .rodata.str1.4
                0x0000000008008fe8       0x33 /usr/lib/gcc/arm-none-eabi/9.2.1/../../../arm-none-eabi/lib/thumb/v7e-m+fp/hard/libc.a(lib_a-mprec.o)
                                         0x47 (size before relaxing)
 *fill*         0x000000000800901b        0x1 
 .rodata        0x000000000800901c       0x20 /usr/lib/gcc/arm-none-eabi/9.2.1/../../../arm-none-eabi/lib/thumb/v7e-m+fp/hard/libc.a(lib_a-vfiprintf.o)
 .rodata.str1.4
                0x000000000800903c       0x2f /usr/lib/gcc/arm-none-eabi/9.2.1/../../../arm-none-eabi/lib/thumb/v7e-m+fp/hard/libc.a(lib_a-vfiprintf.o)
 .rodata.str1.4
                0x000000000800903c       0x3f /usr/lib/gcc/arm-none-eabi/9.2.1/../../../arm-none-eabi/lib/thumb/v7e-m+fp/hard/libc.a(lib_a-assert.o)
                                         0x43 (size before relaxing)
 *fill*         0x000000000800907b        0x1 
 .rodata.str1.4
                0x000000000800907c        0xe /usr/lib/gcc/arm-none-eabi/9.2.1/../../../arm-none-eabi/lib/thumb/v7e-m+fp/hard/libc.a(lib_a-locale.o)
                                         0x12 (size before relaxing)
 *fill*         0x000000000800908a        0x2 
 .rodata        0x000000000800908c      0x101 /usr/lib/gcc/arm-none-eabi/9.2.1/../../../arm-none-eabi/lib/thumb/v7e-m+fp/hard/libc.a(lib_a-ctype_.o)
                0x000000000800908c                _ctype_
                0x0000000008009190                . = ALIGN (0x4)
 *fill*         0x000000000800918d        0x3 

.glue_7         0x0000000008009190        0x0
 .glue_7        0x0000000008009190        0x0 linker stubs

.glue_7t        0x0000000008009190        0x0
 .glue_7t       0x0000000008009190        0x0 linker stubs

.vfp11_veneer   0x0000000008009190        0x0
 .vfp11_veneer  0x0000000008009190        0x0 linker stubs

.v4_bx          0x0000000008009190        0x0
 .v4_bx         0x0000000008009190        0x0 linker stubs

.iplt           0x0000000008009190        0x0
 .iplt          0x0000000008009190        0x0 i2c_ctx.o

.preinit_array  0x0000000008009190        0x0
                0x0000000008009190                . = ALIGN (0x4)
                0x0000000008009190                __preinit_array_start = .
 *(.preinit_array)
                0x0000000008009190                __preinit_array_end = .

.init_array     0x0000000008009190        0x0
                0x0000000008009190                . = ALIGN (0x4)
                0x0000000008009190                __init_array_start = .
 *(SORT_BY_NAME(.init_array.*))
 *(.init_array)
                0x0000000008009190                __init_array_end = .

.fini_array     0x0000000008009190        0x0
                0x0000000008009190                . = ALIGN (0x4)
                0x0000000008009190                __fini_array_start = .
 *(.fini_array)
 *(SORT_BY_NAME(.fini_array.*))
                0x0000000008009190                __fini_array_end = .

.ARM.extab
 *(.ARM.extab*)

.ARM.exidx      0x0000000008009190        0x8
                0x0000000008009190                __exidx_start = .
 *(.ARM.exidx*)
 .ARM.exidx     0x0000000008009190        0x8 /usr/lib/gcc/arm-none-eabi/9.2.1/thumb/v7e-m+fp/hard/libgcc.a(_udivmoddi4.o)
                0x0000000008009198                __exidx_end = .

.rel.dyn        0x0000000008009198        0x0
 .rel.iplt      0x0000000008009198        0x0 i2c_ctx.o
                0x0000000008009198                . = ALIGN (0x4)
                0x0000000008009198                _etext = .

.noinit
 *(.noinit*)
                0x0000000008009198                . = ALIGN (0x4)

.data           0x0000000020000000      0xa04 load address 0x0000000008009198
                0x0000000020000000                _data = .
 *(.data*)
 .data.kernel   0x0000000020000000       0x34 fibre.o
 .data.usb_strings
                0x0000000020000034        0x8 i2c-stm32f7-usb.o
 .data.usb_task
                0x000000002000003c       0x10 i2c-stm32f7-usb.o
 .data.rcc_ahb_frequency
                0x000000002000004c        0x4 /home/maddocks/src/test/i2c-usb-f7/libopencm3/lib/libopencm3_stm32f7.a(rcc.o)
                0x000000002000004c                rcc_ahb_frequency
 .data.rcc_apb1_frequency
                0x0000000020000050        0x4 /home/maddocks/src/test/i2c-usb-f7/libopencm3/lib/libopencm3_stm32f7.a(rcc.o)
                0x0000000020000050                rcc_apb1_frequency
 .data.rcc_apb2_frequency
                0x0000000020000054        0x4 /home/maddocks/src/test/i2c-usb-f7/libopencm3/lib/libopencm3_stm32f7.a(rcc.o)
                0x0000000020000054                rcc_apb2_frequency
 .data          0x0000000020000058      0x430 /usr/lib/gcc/arm-none-eabi/9.2.1/../../../arm-none-eabi/lib/thumb/v7e-m+fp/hard/libc.a(lib_a-impure.o)
                0x0000000020000058                _impure_ptr
 .data          0x0000000020000488      0x410 /usr/lib/gcc/arm-none-eabi/9.2.1/../../../arm-none-eabi/lib/thumb/v7e-m+fp/hard/libc.a(lib_a-mallocr.o)
                0x0000000020000488                __malloc_av_
                0x0000000020000890                __malloc_sbrk_base
                0x0000000020000894                __malloc_trim_threshold
 .data          0x0000000020000898      0x16c /usr/lib/gcc/arm-none-eabi/9.2.1/../../../arm-none-eabi/lib/thumb/v7e-m+fp/hard/libc.a(lib_a-locale.o)
                0x0000000020000898                __global_locale
 *(.ramtext*)
                0x0000000020000a04                . = ALIGN (0x4)
                0x0000000020000a04                _edata = .
                0x0000000008009198                _data_loadaddr = LOADADDR (.data)

.igot.plt       0x0000000020000a04        0x0 load address 0x0000000008009b9c
 .igot.plt      0x0000000020000a04        0x0 i2c_ctx.o

.bss            0x0000000020000a08      0x230 load address 0x0000000008009b9c
 *(.bss*)
 .bss.atomic_runq_buf
                0x0000000020000a08       0x20 fibre.o
 .bss.sys_tick_counter
                0x0000000020000a28        0x8 time_libopencm3.o
 .bss.reply_buf.8469
                0x0000000020000a30       0x40 i2c-stm32f7-usb.o
 .bss.status    0x0000000020000a70        0x1 i2c-stm32f7-usb.o
 .bss.usbd_control_buffer
                0x0000000020000a71       0x80 i2c-stm32f7-usb.o
                0x0000000020000a71                usbd_control_buffer
 *fill*         0x0000000020000af1        0x3 
 .bss.usbd_dev  0x0000000020000af4        0x4 i2c-stm32f7-usb.o
 .bss.usbd_dev  0x0000000020000af8      0x104 /home/maddocks/src/test/i2c-usb-f7/libopencm3/lib/libopencm3_stm32f7.a(usb_f107.o)
 .bss           0x0000000020000bfc       0x34 /usr/lib/gcc/arm-none-eabi/9.2.1/../../../arm-none-eabi/lib/thumb/v7e-m+fp/hard/libc.a(lib_a-mallocr.o)
                0x0000000020000bfc                __malloc_top_pad
                0x0000000020000c00                __malloc_current_mallinfo
                0x0000000020000c28                __malloc_max_sbrked_mem
                0x0000000020000c2c                __malloc_max_total_mem
 .bss           0x0000000020000c30        0x4 /usr/lib/gcc/arm-none-eabi/9.2.1/../../../arm-none-eabi/lib/thumb/v7e-m+fp/hard/libnosys.a(sbrk.o)
 *(COMMON)
 COMMON         0x0000000020000c34        0x4 /usr/lib/gcc/arm-none-eabi/9.2.1/../../../arm-none-eabi/lib/thumb/v7e-m+fp/hard/libc.a(lib_a-reent.o)
                0x0000000020000c34                errno
                0x0000000020000c38                . = ALIGN (0x4)
                0x0000000020000c38                _ebss = .

/DISCARD/
 *(.eh_frame)
                0x0000000020000c38                . = ALIGN (0x4)
                0x0000000020000c38                end = .
                0x0000000020080000                PROVIDE (_stack = (ORIGIN (ram) + LENGTH (ram)))
OUTPUT(i2c-stm32f7-usb.elf elf32-littlearm)
LOAD linker stubs

.debug_info     0x0000000000000000    0x40738
 .debug_info    0x0000000000000000     0x19e0 i2c_ctx.o
 .debug_info    0x00000000000019e0      0x235 bitops.o
 .debug_info    0x0000000000001c15     0x151d fibre.o
 .debug_info    0x0000000000003132       0xd0 fibre_default.o
 .debug_info    0x0000000000003202      0xdf4 list.o
 .debug_info    0x0000000000003ff6      0xc3b messageq.o
 .debug_info    0x0000000000004c31      0xbb1 regdump.o
 .debug_info    0x00000000000057e2      0x155 time_libopencm3.o
 .debug_info    0x0000000000005937      0xb15 util.o
 .debug_info    0x000000000000644c     0x1e74 i2c-stm32f7-usb.o
 .debug_info    0x00000000000082c0      0x24e /home/maddocks/src/test/i2c-usb-f7/libopencm3/lib/libopencm3_stm32f7.a(gpio_common_all.o)
 .debug_info    0x000000000000850e      0x20f /home/maddocks/src/test/i2c-usb-f7/libopencm3/lib/libopencm3_stm32f7.a(gpio_common_f0234.o)
 .debug_info    0x000000000000871d      0x9ec /home/maddocks/src/test/i2c-usb-f7/libopencm3/lib/libopencm3_stm32f7.a(i2c_common_v2.o)
 .debug_info    0x0000000000009109     0x11c7 /home/maddocks/src/test/i2c-usb-f7/libopencm3/lib/libopencm3_stm32f7.a(rcc.o)
 .debug_info    0x000000000000a2d0      0xaae /home/maddocks/src/test/i2c-usb-f7/libopencm3/lib/libopencm3_stm32f7.a(rcc_common_all.o)
 .debug_info    0x000000000000ad7e     0x1826 /home/maddocks/src/test/i2c-usb-f7/libopencm3/lib/libopencm3_stm32f7.a(usb.o)
 .debug_info    0x000000000000c5a4     0x1fc7 /home/maddocks/src/test/i2c-usb-f7/libopencm3/lib/libopencm3_stm32f7.a(usb_standard.o)
 .debug_info    0x000000000000e56b     0x18cc /home/maddocks/src/test/i2c-usb-f7/libopencm3/lib/libopencm3_stm32f7.a(usb_control.o)
 .debug_info    0x000000000000fe37     0x18e3 /home/maddocks/src/test/i2c-usb-f7/libopencm3/lib/libopencm3_stm32f7.a(usb_f107.o)
 .debug_info    0x000000000001171a      0x2e6 /home/maddocks/src/test/i2c-usb-f7/libopencm3/lib/libopencm3_stm32f7.a(vector.o)
 .debug_info    0x0000000000011a00      0x268 /home/maddocks/src/test/i2c-usb-f7/libopencm3/lib/libopencm3_stm32f7.a(systick.o)
 .debug_info    0x0000000000011c68       0xf0 /home/maddocks/src/test/i2c-usb-f7/libopencm3/lib/libopencm3_stm32f7.a(flash_common_all.o)
 .debug_info    0x0000000000011d58      0x15b /home/maddocks/src/test/i2c-usb-f7/libopencm3/lib/libopencm3_stm32f7.a(flash.o)
 .debug_info    0x0000000000011eb3       0xe7 /home/maddocks/src/test/i2c-usb-f7/libopencm3/lib/libopencm3_stm32f7.a(pwr.o)
 .debug_info    0x0000000000011f9a     0x17d1 /home/maddocks/src/test/i2c-usb-f7/libopencm3/lib/libopencm3_stm32f7.a(usb_dwc_common.o)
 .debug_info    0x000000000001376b      0x9b5 /usr/lib/gcc/arm-none-eabi/9.2.1/../../../arm-none-eabi/lib/thumb/v7e-m+fp/hard/libc.a(lib_a-abort.o)
 .debug_info    0x0000000000014120      0xa7a /usr/lib/gcc/arm-none-eabi/9.2.1/../../../arm-none-eabi/lib/thumb/v7e-m+fp/hard/libc.a(lib_a-fprintf.o)
 .debug_info    0x0000000000014b9a      0x92a /usr/lib/gcc/arm-none-eabi/9.2.1/../../../arm-none-eabi/lib/thumb/v7e-m+fp/hard/libc.a(lib_a-impure.o)
 .debug_info    0x00000000000154c4      0xf41 /usr/lib/gcc/arm-none-eabi/9.2.1/../../../arm-none-eabi/lib/thumb/v7e-m+fp/hard/libc.a(lib_a-mallocr.o)
 .debug_info    0x0000000000016405       0x26 /usr/lib/gcc/arm-none-eabi/9.2.1/../../../arm-none-eabi/lib/thumb/v7e-m+fp/hard/libc.a(lib_a-memcpy.o)
 .debug_info    0x000000000001642b      0xf21 /usr/lib/gcc/arm-none-eabi/9.2.1/../../../arm-none-eabi/lib/thumb/v7e-m+fp/hard/libc.a(lib_a-memset.o)
 .debug_info    0x000000000001734c      0x961 /usr/lib/gcc/arm-none-eabi/9.2.1/../../../arm-none-eabi/lib/thumb/v7e-m+fp/hard/libc.a(lib_a-mlock.o)
 .debug_info    0x0000000000017cad      0xce5 /usr/lib/gcc/arm-none-eabi/9.2.1/../../../arm-none-eabi/lib/thumb/v7e-m+fp/hard/libc.a(lib_a-puts.o)
 .debug_info    0x0000000000018992      0x9fb /usr/lib/gcc/arm-none-eabi/9.2.1/../../../arm-none-eabi/lib/thumb/v7e-m+fp/hard/libc.a(lib_a-sbrkr.o)
 .debug_info    0x000000000001938d      0xd5c /usr/lib/gcc/arm-none-eabi/9.2.1/../../../arm-none-eabi/lib/thumb/v7e-m+fp/hard/libc.a(lib_a-signal.o)
 .debug_info    0x000000000001a0e9      0xa44 /usr/lib/gcc/arm-none-eabi/9.2.1/../../../arm-none-eabi/lib/thumb/v7e-m+fp/hard/libc.a(lib_a-signalr.o)
 .debug_info    0x000000000001ab2d       0x26 /usr/lib/gcc/arm-none-eabi/9.2.1/../../../arm-none-eabi/lib/thumb/v7e-m+fp/hard/libc.a(lib_a-strlen.o)
 .debug_info    0x000000000001ab53     0x209a /usr/lib/gcc/arm-none-eabi/9.2.1/../../../arm-none-eabi/lib/thumb/v7e-m+fp/hard/libc.a(lib_a-vfprintf.o)
 .debug_info    0x000000000001cbed      0xbf3 /usr/lib/gcc/arm-none-eabi/9.2.1/../../../arm-none-eabi/lib/thumb/v7e-m+fp/hard/libc.a(lib_a-wsetup.o)
 .debug_info    0x000000000001d7e0     0x1acf /usr/lib/gcc/arm-none-eabi/9.2.1/../../../arm-none-eabi/lib/thumb/v7e-m+fp/hard/libc.a(lib_a-dtoa.o)
 .debug_info    0x000000000001f2af      0xd73 /usr/lib/gcc/arm-none-eabi/9.2.1/../../../arm-none-eabi/lib/thumb/v7e-m+fp/hard/libc.a(lib_a-fflush.o)
 .debug_info    0x0000000000020022     0x1143 /usr/lib/gcc/arm-none-eabi/9.2.1/../../../arm-none-eabi/lib/thumb/v7e-m+fp/hard/libc.a(lib_a-findfp.o)
 .debug_info    0x0000000000021165      0xdc4 /usr/lib/gcc/arm-none-eabi/9.2.1/../../../arm-none-eabi/lib/thumb/v7e-m+fp/hard/libc.a(lib_a-freer.o)
 .debug_info    0x0000000000021f29      0xeed /usr/lib/gcc/arm-none-eabi/9.2.1/../../../arm-none-eabi/lib/thumb/v7e-m+fp/hard/libc.a(lib_a-fvwrite.o)
 .debug_info    0x0000000000022e16      0xca4 /usr/lib/gcc/arm-none-eabi/9.2.1/../../../arm-none-eabi/lib/thumb/v7e-m+fp/hard/libc.a(lib_a-fwalk.o)
 .debug_info    0x0000000000023aba      0xf49 /usr/lib/gcc/arm-none-eabi/9.2.1/../../../arm-none-eabi/lib/thumb/v7e-m+fp/hard/libc.a(lib_a-localeconv.o)
 .debug_info    0x0000000000024a03      0xf69 /usr/lib/gcc/arm-none-eabi/9.2.1/../../../arm-none-eabi/lib/thumb/v7e-m+fp/hard/libc.a(lib_a-makebuf.o)
 .debug_info    0x000000000002596c       0x26 /usr/lib/gcc/arm-none-eabi/9.2.1/../../../arm-none-eabi/lib/thumb/v7e-m+fp/hard/libc.a(lib_a-memchr.o)
 .debug_info    0x0000000000025992      0xf2b /usr/lib/gcc/arm-none-eabi/9.2.1/../../../arm-none-eabi/lib/thumb/v7e-m+fp/hard/libc.a(lib_a-memmove.o)
 .debug_info    0x00000000000268bd     0x228d /usr/lib/gcc/arm-none-eabi/9.2.1/../../../arm-none-eabi/lib/thumb/v7e-m+fp/hard/libc.a(lib_a-mprec.o)
 .debug_info    0x0000000000028b4a      0xefd /usr/lib/gcc/arm-none-eabi/9.2.1/../../../arm-none-eabi/lib/thumb/v7e-m+fp/hard/libc.a(lib_a-reallocr.o)
 .debug_info    0x0000000000029a47      0xac5 /usr/lib/gcc/arm-none-eabi/9.2.1/../../../arm-none-eabi/lib/thumb/v7e-m+fp/hard/libc.a(lib_a-reent.o)
 .debug_info    0x000000000002a50c      0xe67 /usr/lib/gcc/arm-none-eabi/9.2.1/../../../arm-none-eabi/lib/thumb/v7e-m+fp/hard/libc.a(lib_a-stdio.o)
 .debug_info    0x000000000002b373     0x1eb6 /usr/lib/gcc/arm-none-eabi/9.2.1/../../../arm-none-eabi/lib/thumb/v7e-m+fp/hard/libc.a(lib_a-vfiprintf.o)
 .debug_info    0x000000000002d229      0xa2c /usr/lib/gcc/arm-none-eabi/9.2.1/../../../arm-none-eabi/lib/thumb/v7e-m+fp/hard/libc.a(lib_a-writer.o)
 .debug_info    0x000000000002dc55      0xa41 /usr/lib/gcc/arm-none-eabi/9.2.1/../../../arm-none-eabi/lib/thumb/v7e-m+fp/hard/libc.a(lib_a-assert.o)
 .debug_info    0x000000000002e696      0xc2f /usr/lib/gcc/arm-none-eabi/9.2.1/../../../arm-none-eabi/lib/thumb/v7e-m+fp/hard/libc.a(lib_a-callocr.o)
 .debug_info    0x000000000002f2c5      0x9d8 /usr/lib/gcc/arm-none-eabi/9.2.1/../../../arm-none-eabi/lib/thumb/v7e-m+fp/hard/libc.a(lib_a-closer.o)
 .debug_info    0x000000000002fc9d      0xcd5 /usr/lib/gcc/arm-none-eabi/9.2.1/../../../arm-none-eabi/lib/thumb/v7e-m+fp/hard/libc.a(lib_a-fclose.o)
 .debug_info    0x0000000000030972      0xa71 /usr/lib/gcc/arm-none-eabi/9.2.1/../../../arm-none-eabi/lib/thumb/v7e-m+fp/hard/libc.a(lib_a-fiprintf.o)
 .debug_info    0x00000000000313e3      0xe4a /usr/lib/gcc/arm-none-eabi/9.2.1/../../../arm-none-eabi/lib/thumb/v7e-m+fp/hard/libc.a(lib_a-fputwc.o)
 .debug_info    0x000000000003222d      0xc24 /usr/lib/gcc/arm-none-eabi/9.2.1/../../../arm-none-eabi/lib/thumb/v7e-m+fp/hard/libc.a(lib_a-fstatr.o)
 .debug_info    0x0000000000032e51      0x9d8 /usr/lib/gcc/arm-none-eabi/9.2.1/../../../arm-none-eabi/lib/thumb/v7e-m+fp/hard/libc.a(lib_a-isattyr.o)
 .debug_info    0x0000000000033829     0x10ca /usr/lib/gcc/arm-none-eabi/9.2.1/../../../arm-none-eabi/lib/thumb/v7e-m+fp/hard/libc.a(lib_a-locale.o)
 .debug_info    0x00000000000348f3      0xa0d /usr/lib/gcc/arm-none-eabi/9.2.1/../../../arm-none-eabi/lib/thumb/v7e-m+fp/hard/libc.a(lib_a-lseekr.o)
 .debug_info    0x0000000000035300     0x1044 /usr/lib/gcc/arm-none-eabi/9.2.1/../../../arm-none-eabi/lib/thumb/v7e-m+fp/hard/libc.a(lib_a-mbtowc_r.o)
 .debug_info    0x0000000000036344      0xa25 /usr/lib/gcc/arm-none-eabi/9.2.1/../../../arm-none-eabi/lib/thumb/v7e-m+fp/hard/libc.a(lib_a-readr.o)
 .debug_info    0x0000000000036d69       0x26 /usr/lib/gcc/arm-none-eabi/9.2.1/../../../arm-none-eabi/lib/thumb/v7e-m+fp/hard/libc.a(lib_a-strcmp.o)
 .debug_info    0x0000000000036d8f      0xc90 /usr/lib/gcc/arm-none-eabi/9.2.1/../../../arm-none-eabi/lib/thumb/v7e-m+fp/hard/libc.a(lib_a-wbuf.o)
 .debug_info    0x0000000000037a1f     0x10b3 /usr/lib/gcc/arm-none-eabi/9.2.1/../../../arm-none-eabi/lib/thumb/v7e-m+fp/hard/libc.a(lib_a-wcrtomb.o)
 .debug_info    0x0000000000038ad2      0xffd /usr/lib/gcc/arm-none-eabi/9.2.1/../../../arm-none-eabi/lib/thumb/v7e-m+fp/hard/libc.a(lib_a-wctomb_r.o)
 .debug_info    0x0000000000039acf      0xe91 /usr/lib/gcc/arm-none-eabi/9.2.1/../../../arm-none-eabi/lib/thumb/v7e-m+fp/hard/libc.a(lib_a-ctype_.o)
 .debug_info    0x000000000003a960       0x26 /usr/lib/gcc/arm-none-eabi/9.2.1/thumb/v7e-m+fp/hard/libgcc.a(_arm_addsubdf3.o)
 .debug_info    0x000000000003a986       0x26 /usr/lib/gcc/arm-none-eabi/9.2.1/thumb/v7e-m+fp/hard/libgcc.a(_arm_muldivdf3.o)
 .debug_info    0x000000000003a9ac       0x26 /usr/lib/gcc/arm-none-eabi/9.2.1/thumb/v7e-m+fp/hard/libgcc.a(_arm_cmpdf2.o)
 .debug_info    0x000000000003a9d2       0x26 /usr/lib/gcc/arm-none-eabi/9.2.1/thumb/v7e-m+fp/hard/libgcc.a(_arm_unorddf2.o)
 .debug_info    0x000000000003a9f8       0x26 /usr/lib/gcc/arm-none-eabi/9.2.1/thumb/v7e-m+fp/hard/libgcc.a(_arm_fixdfsi.o)
 .debug_info    0x000000000003aa1e       0x26 /usr/lib/gcc/arm-none-eabi/9.2.1/thumb/v7e-m+fp/hard/libgcc.a(_aeabi_uldivmod.o)
 .debug_info    0x000000000003aa44      0xd7c /usr/lib/gcc/arm-none-eabi/9.2.1/thumb/v7e-m+fp/hard/libgcc.a(_udivmoddi4.o)
 .debug_info    0x000000000003b7c0       0x26 /usr/lib/gcc/arm-none-eabi/9.2.1/thumb/v7e-m+fp/hard/libgcc.a(_dvmd_tls.o)
 .debug_info    0x000000000003b7e6      0x96e /usr/lib/gcc/arm-none-eabi/9.2.1/../../../arm-none-eabi/lib/thumb/v7e-m+fp/hard/libnosys.a(close.o)
 .debug_info    0x000000000003c154      0xbb1 /usr/lib/gcc/arm-none-eabi/9.2.1/../../../arm-none-eabi/lib/thumb/v7e-m+fp/hard/libnosys.a(fstat.o)
 .debug_info    0x000000000003cd05      0x959 /usr/lib/gcc/arm-none-eabi/9.2.1/../../../arm-none-eabi/lib/thumb/v7e-m+fp/hard/libnosys.a(getpid.o)
 .debug_info    0x000000000003d65e      0x96e /usr/lib/gcc/arm-none-eabi/9.2.1/../../../arm-none-eabi/lib/thumb/v7e-m+fp/hard/libnosys.a(isatty.o)
 .debug_info    0x000000000003dfcc      0x97c /usr/lib/gcc/arm-none-eabi/9.2.1/../../../arm-none-eabi/lib/thumb/v7e-m+fp/hard/libnosys.a(kill.o)
 .debug_info    0x000000000003e948      0x990 /usr/lib/gcc/arm-none-eabi/9.2.1/../../../arm-none-eabi/lib/thumb/v7e-m+fp/hard/libnosys.a(lseek.o)
 .debug_info    0x000000000003f2d8      0x990 /usr/lib/gcc/arm-none-eabi/9.2.1/../../../arm-none-eabi/lib/thumb/v7e-m+fp/hard/libnosys.a(read.o)
 .debug_info    0x000000000003fc68       0x9d /usr/lib/gcc/arm-none-eabi/9.2.1/../../../arm-none-eabi/lib/thumb/v7e-m+fp/hard/libnosys.a(sbrk.o)
 .debug_info    0x000000000003fd05      0x990 /usr/lib/gcc/arm-none-eabi/9.2.1/../../../arm-none-eabi/lib/thumb/v7e-m+fp/hard/libnosys.a(write.o)
 .debug_info    0x0000000000040695       0xa3 /usr/lib/gcc/arm-none-eabi/9.2.1/../../../arm-none-eabi/lib/thumb/v7e-m+fp/hard/libnosys.a(_exit.o)

.debug_abbrev   0x0000000000000000     0xc374
 .debug_abbrev  0x0000000000000000      0x436 i2c_ctx.o
 .debug_abbrev  0x0000000000000436       0xde bitops.o
 .debug_abbrev  0x0000000000000514      0x3f9 fibre.o
 .debug_abbrev  0x000000000000090d       0x64 fibre_default.o
 .debug_abbrev  0x0000000000000971      0x2db list.o
 .debug_abbrev  0x0000000000000c4c      0x285 messageq.o
 .debug_abbrev  0x0000000000000ed1      0x29e regdump.o
 .debug_abbrev  0x000000000000116f       0xe1 time_libopencm3.o
 .debug_abbrev  0x0000000000001250      0x2a6 util.o
 .debug_abbrev  0x00000000000014f6      0x4a1 i2c-stm32f7-usb.o
 .debug_abbrev  0x0000000000001997      0x116 /home/maddocks/src/test/i2c-usb-f7/libopencm3/lib/libopencm3_stm32f7.a(gpio_common_all.o)
 .debug_abbrev  0x0000000000001aad       0xbf /home/maddocks/src/test/i2c-usb-f7/libopencm3/lib/libopencm3_stm32f7.a(gpio_common_f0234.o)
 .debug_abbrev  0x0000000000001b6c      0x20c /home/maddocks/src/test/i2c-usb-f7/libopencm3/lib/libopencm3_stm32f7.a(i2c_common_v2.o)
 .debug_abbrev  0x0000000000001d78      0x3b2 /home/maddocks/src/test/i2c-usb-f7/libopencm3/lib/libopencm3_stm32f7.a(rcc.o)
 .debug_abbrev  0x000000000000212a      0x1c5 /home/maddocks/src/test/i2c-usb-f7/libopencm3/lib/libopencm3_stm32f7.a(rcc_common_all.o)
 .debug_abbrev  0x00000000000022ef      0x347 /home/maddocks/src/test/i2c-usb-f7/libopencm3/lib/libopencm3_stm32f7.a(usb.o)
 .debug_abbrev  0x0000000000002636      0x5b8 /home/maddocks/src/test/i2c-usb-f7/libopencm3/lib/libopencm3_stm32f7.a(usb_standard.o)
 .debug_abbrev  0x0000000000002bee      0x48b /home/maddocks/src/test/i2c-usb-f7/libopencm3/lib/libopencm3_stm32f7.a(usb_control.o)
 .debug_abbrev  0x0000000000003079      0x2cb /home/maddocks/src/test/i2c-usb-f7/libopencm3/lib/libopencm3_stm32f7.a(usb_f107.o)
 .debug_abbrev  0x0000000000003344      0x15b /home/maddocks/src/test/i2c-usb-f7/libopencm3/lib/libopencm3_stm32f7.a(vector.o)
 .debug_abbrev  0x000000000000349f      0x155 /home/maddocks/src/test/i2c-usb-f7/libopencm3/lib/libopencm3_stm32f7.a(systick.o)
 .debug_abbrev  0x00000000000035f4       0x9a /home/maddocks/src/test/i2c-usb-f7/libopencm3/lib/libopencm3_stm32f7.a(flash_common_all.o)
 .debug_abbrev  0x000000000000368e       0xc5 /home/maddocks/src/test/i2c-usb-f7/libopencm3/lib/libopencm3_stm32f7.a(flash.o)
 .debug_abbrev  0x0000000000003753       0x9f /home/maddocks/src/test/i2c-usb-f7/libopencm3/lib/libopencm3_stm32f7.a(pwr.o)
 .debug_abbrev  0x00000000000037f2      0x445 /home/maddocks/src/test/i2c-usb-f7/libopencm3/lib/libopencm3_stm32f7.a(usb_dwc_common.o)
 .debug_abbrev  0x0000000000003c37      0x20b /usr/lib/gcc/arm-none-eabi/9.2.1/../../../arm-none-eabi/lib/thumb/v7e-m+fp/hard/libc.a(lib_a-abort.o)
 .debug_abbrev  0x0000000000003e42      0x27a /usr/lib/gcc/arm-none-eabi/9.2.1/../../../arm-none-eabi/lib/thumb/v7e-m+fp/hard/libc.a(lib_a-fprintf.o)
 .debug_abbrev  0x00000000000040bc      0x1b8 /usr/lib/gcc/arm-none-eabi/9.2.1/../../../arm-none-eabi/lib/thumb/v7e-m+fp/hard/libc.a(lib_a-impure.o)
 .debug_abbrev  0x0000000000004274      0x321 /usr/lib/gcc/arm-none-eabi/9.2.1/../../../arm-none-eabi/lib/thumb/v7e-m+fp/hard/libc.a(lib_a-mallocr.o)
 .debug_abbrev  0x0000000000004595       0x14 /usr/lib/gcc/arm-none-eabi/9.2.1/../../../arm-none-eabi/lib/thumb/v7e-m+fp/hard/libc.a(lib_a-memcpy.o)
 .debug_abbrev  0x00000000000045a9      0x217 /usr/lib/gcc/arm-none-eabi/9.2.1/../../../arm-none-eabi/lib/thumb/v7e-m+fp/hard/libc.a(lib_a-memset.o)
 .debug_abbrev  0x00000000000047c0      0x203 /usr/lib/gcc/arm-none-eabi/9.2.1/../../../arm-none-eabi/lib/thumb/v7e-m+fp/hard/libc.a(lib_a-mlock.o)
 .debug_abbrev  0x00000000000049c3      0x2c5 /usr/lib/gcc/arm-none-eabi/9.2.1/../../../arm-none-eabi/lib/thumb/v7e-m+fp/hard/libc.a(lib_a-puts.o)
 .debug_abbrev  0x0000000000004c88      0x250 /usr/lib/gcc/arm-none-eabi/9.2.1/../../../arm-none-eabi/lib/thumb/v7e-m+fp/hard/libc.a(lib_a-sbrkr.o)
 .debug_abbrev  0x0000000000004ed8      0x36b /usr/lib/gcc/arm-none-eabi/9.2.1/../../../arm-none-eabi/lib/thumb/v7e-m+fp/hard/libc.a(lib_a-signal.o)
 .debug_abbrev  0x0000000000005243      0x255 /usr/lib/gcc/arm-none-eabi/9.2.1/../../../arm-none-eabi/lib/thumb/v7e-m+fp/hard/libc.a(lib_a-signalr.o)
 .debug_abbrev  0x0000000000005498       0x14 /usr/lib/gcc/arm-none-eabi/9.2.1/../../../arm-none-eabi/lib/thumb/v7e-m+fp/hard/libc.a(lib_a-strlen.o)
 .debug_abbrev  0x00000000000054ac      0x466 /usr/lib/gcc/arm-none-eabi/9.2.1/../../../arm-none-eabi/lib/thumb/v7e-m+fp/hard/libc.a(lib_a-vfprintf.o)
 .debug_abbrev  0x0000000000005912      0x283 /usr/lib/gcc/arm-none-eabi/9.2.1/../../../arm-none-eabi/lib/thumb/v7e-m+fp/hard/libc.a(lib_a-wsetup.o)
 .debug_abbrev  0x0000000000005b95      0x343 /usr/lib/gcc/arm-none-eabi/9.2.1/../../../arm-none-eabi/lib/thumb/v7e-m+fp/hard/libc.a(lib_a-dtoa.o)
 .debug_abbrev  0x0000000000005ed8      0x322 /usr/lib/gcc/arm-none-eabi/9.2.1/../../../arm-none-eabi/lib/thumb/v7e-m+fp/hard/libc.a(lib_a-fflush.o)
 .debug_abbrev  0x00000000000061fa      0x425 /usr/lib/gcc/arm-none-eabi/9.2.1/../../../arm-none-eabi/lib/thumb/v7e-m+fp/hard/libc.a(lib_a-findfp.o)
 .debug_abbrev  0x000000000000661f      0x2c9 /usr/lib/gcc/arm-none-eabi/9.2.1/../../../arm-none-eabi/lib/thumb/v7e-m+fp/hard/libc.a(lib_a-freer.o)
 .debug_abbrev  0x00000000000068e8      0x2ae /usr/lib/gcc/arm-none-eabi/9.2.1/../../../arm-none-eabi/lib/thumb/v7e-m+fp/hard/libc.a(lib_a-fvwrite.o)
 .debug_abbrev  0x0000000000006b96      0x24e /usr/lib/gcc/arm-none-eabi/9.2.1/../../../arm-none-eabi/lib/thumb/v7e-m+fp/hard/libc.a(lib_a-fwalk.o)
 .debug_abbrev  0x0000000000006de4      0x27d /usr/lib/gcc/arm-none-eabi/9.2.1/../../../arm-none-eabi/lib/thumb/v7e-m+fp/hard/libc.a(lib_a-localeconv.o)
 .debug_abbrev  0x0000000000007061      0x334 /usr/lib/gcc/arm-none-eabi/9.2.1/../../../arm-none-eabi/lib/thumb/v7e-m+fp/hard/libc.a(lib_a-makebuf.o)
 .debug_abbrev  0x0000000000007395       0x14 /usr/lib/gcc/arm-none-eabi/9.2.1/../../../arm-none-eabi/lib/thumb/v7e-m+fp/hard/libc.a(lib_a-memchr.o)
 .debug_abbrev  0x00000000000073a9      0x21c /usr/lib/gcc/arm-none-eabi/9.2.1/../../../arm-none-eabi/lib/thumb/v7e-m+fp/hard/libc.a(lib_a-memmove.o)
 .debug_abbrev  0x00000000000075c5      0x4b7 /usr/lib/gcc/arm-none-eabi/9.2.1/../../../arm-none-eabi/lib/thumb/v7e-m+fp/hard/libc.a(lib_a-mprec.o)
 .debug_abbrev  0x0000000000007a7c      0x2a8 /usr/lib/gcc/arm-none-eabi/9.2.1/../../../arm-none-eabi/lib/thumb/v7e-m+fp/hard/libc.a(lib_a-reallocr.o)
 .debug_abbrev  0x0000000000007d24      0x2ba /usr/lib/gcc/arm-none-eabi/9.2.1/../../../arm-none-eabi/lib/thumb/v7e-m+fp/hard/libc.a(lib_a-reent.o)
 .debug_abbrev  0x0000000000007fde      0x2ad /usr/lib/gcc/arm-none-eabi/9.2.1/../../../arm-none-eabi/lib/thumb/v7e-m+fp/hard/libc.a(lib_a-stdio.o)
 .debug_abbrev  0x000000000000828b      0x468 /usr/lib/gcc/arm-none-eabi/9.2.1/../../../arm-none-eabi/lib/thumb/v7e-m+fp/hard/libc.a(lib_a-vfiprintf.o)
 .debug_abbrev  0x00000000000086f3      0x22a /usr/lib/gcc/arm-none-eabi/9.2.1/../../../arm-none-eabi/lib/thumb/v7e-m+fp/hard/libc.a(lib_a-writer.o)
 .debug_abbrev  0x000000000000891d      0x23d /usr/lib/gcc/arm-none-eabi/9.2.1/../../../arm-none-eabi/lib/thumb/v7e-m+fp/hard/libc.a(lib_a-assert.o)
 .debug_abbrev  0x0000000000008b5a      0x275 /usr/lib/gcc/arm-none-eabi/9.2.1/../../../arm-none-eabi/lib/thumb/v7e-m+fp/hard/libc.a(lib_a-callocr.o)
 .debug_abbrev  0x0000000000008dcf      0x225 /usr/lib/gcc/arm-none-eabi/9.2.1/../../../arm-none-eabi/lib/thumb/v7e-m+fp/hard/libc.a(lib_a-closer.o)
 .debug_abbrev  0x0000000000008ff4      0x327 /usr/lib/gcc/arm-none-eabi/9.2.1/../../../arm-none-eabi/lib/thumb/v7e-m+fp/hard/libc.a(lib_a-fclose.o)
 .debug_abbrev  0x000000000000931b      0x255 /usr/lib/gcc/arm-none-eabi/9.2.1/../../../arm-none-eabi/lib/thumb/v7e-m+fp/hard/libc.a(lib_a-fiprintf.o)
 .debug_abbrev  0x0000000000009570      0x38c /usr/lib/gcc/arm-none-eabi/9.2.1/../../../arm-none-eabi/lib/thumb/v7e-m+fp/hard/libc.a(lib_a-fputwc.o)
 .debug_abbrev  0x00000000000098fc      0x239 /usr/lib/gcc/arm-none-eabi/9.2.1/../../../arm-none-eabi/lib/thumb/v7e-m+fp/hard/libc.a(lib_a-fstatr.o)
 .debug_abbrev  0x0000000000009b35      0x225 /usr/lib/gcc/arm-none-eabi/9.2.1/../../../arm-none-eabi/lib/thumb/v7e-m+fp/hard/libc.a(lib_a-isattyr.o)
 .debug_abbrev  0x0000000000009d5a      0x2e8 /usr/lib/gcc/arm-none-eabi/9.2.1/../../../arm-none-eabi/lib/thumb/v7e-m+fp/hard/libc.a(lib_a-locale.o)
 .debug_abbrev  0x000000000000a042      0x239 /usr/lib/gcc/arm-none-eabi/9.2.1/../../../arm-none-eabi/lib/thumb/v7e-m+fp/hard/libc.a(lib_a-lseekr.o)
 .debug_abbrev  0x000000000000a27b      0x25f /usr/lib/gcc/arm-none-eabi/9.2.1/../../../arm-none-eabi/lib/thumb/v7e-m+fp/hard/libc.a(lib_a-mbtowc_r.o)
 .debug_abbrev  0x000000000000a4da      0x225 /usr/lib/gcc/arm-none-eabi/9.2.1/../../../arm-none-eabi/lib/thumb/v7e-m+fp/hard/libc.a(lib_a-readr.o)
 .debug_abbrev  0x000000000000a6ff       0x14 /usr/lib/gcc/arm-none-eabi/9.2.1/../../../arm-none-eabi/lib/thumb/v7e-m+fp/hard/libc.a(lib_a-strcmp.o)
 .debug_abbrev  0x000000000000a713      0x2c3 /usr/lib/gcc/arm-none-eabi/9.2.1/../../../arm-none-eabi/lib/thumb/v7e-m+fp/hard/libc.a(lib_a-wbuf.o)
 .debug_abbrev  0x000000000000a9d6      0x256 /usr/lib/gcc/arm-none-eabi/9.2.1/../../../arm-none-eabi/lib/thumb/v7e-m+fp/hard/libc.a(lib_a-wcrtomb.o)
 .debug_abbrev  0x000000000000ac2c      0x269 /usr/lib/gcc/arm-none-eabi/9.2.1/../../../arm-none-eabi/lib/thumb/v7e-m+fp/hard/libc.a(lib_a-wctomb_r.o)
 .debug_abbrev  0x000000000000ae95      0x1b6 /usr/lib/gcc/arm-none-eabi/9.2.1/../../../arm-none-eabi/lib/thumb/v7e-m+fp/hard/libc.a(lib_a-ctype_.o)
 .debug_abbrev  0x000000000000b04b       0x14 /usr/lib/gcc/arm-none-eabi/9.2.1/thumb/v7e-m+fp/hard/libgcc.a(_arm_addsubdf3.o)
 .debug_abbrev  0x000000000000b05f       0x14 /usr/lib/gcc/arm-none-eabi/9.2.1/thumb/v7e-m+fp/hard/libgcc.a(_arm_muldivdf3.o)
 .debug_abbrev  0x000000000000b073       0x14 /usr/lib/gcc/arm-none-eabi/9.2.1/thumb/v7e-m+fp/hard/libgcc.a(_arm_cmpdf2.o)
 .debug_abbrev  0x000000000000b087       0x14 /usr/lib/gcc/arm-none-eabi/9.2.1/thumb/v7e-m+fp/hard/libgcc.a(_arm_unorddf2.o)
 .debug_abbrev  0x000000000000b09b       0x14 /usr/lib/gcc/arm-none-eabi/9.2.1/thumb/v7e-m+fp/hard/libgcc.a(_arm_fixdfsi.o)
 .debug_abbrev  0x000000000000b0af       0x14 /usr/lib/gcc/arm-none-eabi/9.2.1/thumb/v7e-m+fp/hard/libgcc.a(_aeabi_uldivmod.o)
 .debug_abbrev  0x000000000000b0c3      0x1c2 /usr/lib/gcc/arm-none-eabi/9.2.1/thumb/v7e-m+fp/hard/libgcc.a(_udivmoddi4.o)
 .debug_abbrev  0x000000000000b285       0x14 /usr/lib/gcc/arm-none-eabi/9.2.1/thumb/v7e-m+fp/hard/libgcc.a(_dvmd_tls.o)
 .debug_abbrev  0x000000000000b299      0x1ea /usr/lib/gcc/arm-none-eabi/9.2.1/../../../arm-none-eabi/lib/thumb/v7e-m+fp/hard/libnosys.a(close.o)
 .debug_abbrev  0x000000000000b483      0x1fd /usr/lib/gcc/arm-none-eabi/9.2.1/../../../arm-none-eabi/lib/thumb/v7e-m+fp/hard/libnosys.a(fstat.o)
 .debug_abbrev  0x000000000000b680      0x1d6 /usr/lib/gcc/arm-none-eabi/9.2.1/../../../arm-none-eabi/lib/thumb/v7e-m+fp/hard/libnosys.a(getpid.o)
 .debug_abbrev  0x000000000000b856      0x1ea /usr/lib/gcc/arm-none-eabi/9.2.1/../../../arm-none-eabi/lib/thumb/v7e-m+fp/hard/libnosys.a(isatty.o)
 .debug_abbrev  0x000000000000ba40      0x1fb /usr/lib/gcc/arm-none-eabi/9.2.1/../../../arm-none-eabi/lib/thumb/v7e-m+fp/hard/libnosys.a(kill.o)
 .debug_abbrev  0x000000000000bc3b      0x20f /usr/lib/gcc/arm-none-eabi/9.2.1/../../../arm-none-eabi/lib/thumb/v7e-m+fp/hard/libnosys.a(lseek.o)
 .debug_abbrev  0x000000000000be4a      0x20f /usr/lib/gcc/arm-none-eabi/9.2.1/../../../arm-none-eabi/lib/thumb/v7e-m+fp/hard/libnosys.a(read.o)
 .debug_abbrev  0x000000000000c059       0xa2 /usr/lib/gcc/arm-none-eabi/9.2.1/../../../arm-none-eabi/lib/thumb/v7e-m+fp/hard/libnosys.a(sbrk.o)
 .debug_abbrev  0x000000000000c0fb      0x20f /usr/lib/gcc/arm-none-eabi/9.2.1/../../../arm-none-eabi/lib/thumb/v7e-m+fp/hard/libnosys.a(write.o)
 .debug_abbrev  0x000000000000c30a       0x6a /usr/lib/gcc/arm-none-eabi/9.2.1/../../../arm-none-eabi/lib/thumb/v7e-m+fp/hard/libnosys.a(_exit.o)

.debug_loc      0x0000000000000000    0x1834d
 .debug_loc     0x0000000000000000      0xa02 i2c_ctx.o
 .debug_loc     0x0000000000000a02      0x331 bitops.o
 .debug_loc     0x0000000000000d33      0x652 fibre.o
 .debug_loc     0x0000000000001385      0x30b list.o
 .debug_loc     0x0000000000001690      0x337 messageq.o
 .debug_loc     0x00000000000019c7      0x260 regdump.o
 .debug_loc     0x0000000000001c27      0x109 util.o
 .debug_loc     0x0000000000001d30      0x4dd i2c-stm32f7-usb.o
 .debug_loc     0x000000000000220d       0xbe /home/maddocks/src/test/i2c-usb-f7/libopencm3/lib/libopencm3_stm32f7.a(gpio_common_all.o)
 .debug_loc     0x00000000000022cb      0x14d /home/maddocks/src/test/i2c-usb-f7/libopencm3/lib/libopencm3_stm32f7.a(gpio_common_f0234.o)
 .debug_loc     0x0000000000002418      0x33b /home/maddocks/src/test/i2c-usb-f7/libopencm3/lib/libopencm3_stm32f7.a(i2c_common_v2.o)
 .debug_loc     0x0000000000002753      0x844 /home/maddocks/src/test/i2c-usb-f7/libopencm3/lib/libopencm3_stm32f7.a(rcc.o)
 .debug_loc     0x0000000000002f97      0x120 /home/maddocks/src/test/i2c-usb-f7/libopencm3/lib/libopencm3_stm32f7.a(rcc_common_all.o)
 .debug_loc     0x00000000000030b7      0x544 /home/maddocks/src/test/i2c-usb-f7/libopencm3/lib/libopencm3_stm32f7.a(usb.o)
 .debug_loc     0x00000000000035fb     0x144d /home/maddocks/src/test/i2c-usb-f7/libopencm3/lib/libopencm3_stm32f7.a(usb_standard.o)
 .debug_loc     0x0000000000004a48      0x70c /home/maddocks/src/test/i2c-usb-f7/libopencm3/lib/libopencm3_stm32f7.a(usb_control.o)
 .debug_loc     0x0000000000005154      0x128 /home/maddocks/src/test/i2c-usb-f7/libopencm3/lib/libopencm3_stm32f7.a(vector.o)
 .debug_loc     0x000000000000527c      0x192 /home/maddocks/src/test/i2c-usb-f7/libopencm3/lib/libopencm3_stm32f7.a(systick.o)
 .debug_loc     0x000000000000540e       0x47 /home/maddocks/src/test/i2c-usb-f7/libopencm3/lib/libopencm3_stm32f7.a(flash_common_all.o)
 .debug_loc     0x0000000000005455      0x8f5 /home/maddocks/src/test/i2c-usb-f7/libopencm3/lib/libopencm3_stm32f7.a(usb_dwc_common.o)
 .debug_loc     0x0000000000005d4a       0xa6 /usr/lib/gcc/arm-none-eabi/9.2.1/../../../arm-none-eabi/lib/thumb/v7e-m+fp/hard/libc.a(lib_a-fprintf.o)
 .debug_loc     0x0000000000005df0      0xf44 /usr/lib/gcc/arm-none-eabi/9.2.1/../../../arm-none-eabi/lib/thumb/v7e-m+fp/hard/libc.a(lib_a-mallocr.o)
 .debug_loc     0x0000000000006d34      0x231 /usr/lib/gcc/arm-none-eabi/9.2.1/../../../arm-none-eabi/lib/thumb/v7e-m+fp/hard/libc.a(lib_a-memset.o)
 .debug_loc     0x0000000000006f65      0x11a /usr/lib/gcc/arm-none-eabi/9.2.1/../../../arm-none-eabi/lib/thumb/v7e-m+fp/hard/libc.a(lib_a-puts.o)
 .debug_loc     0x000000000000707f       0x6c /usr/lib/gcc/arm-none-eabi/9.2.1/../../../arm-none-eabi/lib/thumb/v7e-m+fp/hard/libc.a(lib_a-sbrkr.o)
 .debug_loc     0x00000000000070eb      0x560 /usr/lib/gcc/arm-none-eabi/9.2.1/../../../arm-none-eabi/lib/thumb/v7e-m+fp/hard/libc.a(lib_a-signal.o)
 .debug_loc     0x000000000000764b       0xd0 /usr/lib/gcc/arm-none-eabi/9.2.1/../../../arm-none-eabi/lib/thumb/v7e-m+fp/hard/libc.a(lib_a-signalr.o)
 .debug_loc     0x000000000000771b     0x364f /usr/lib/gcc/arm-none-eabi/9.2.1/../../../arm-none-eabi/lib/thumb/v7e-m+fp/hard/libc.a(lib_a-vfprintf.o)
 .debug_loc     0x000000000000ad6a       0xba /usr/lib/gcc/arm-none-eabi/9.2.1/../../../arm-none-eabi/lib/thumb/v7e-m+fp/hard/libc.a(lib_a-wsetup.o)
 .debug_loc     0x000000000000ae24     0x305a /usr/lib/gcc/arm-none-eabi/9.2.1/../../../arm-none-eabi/lib/thumb/v7e-m+fp/hard/libc.a(lib_a-dtoa.o)
 .debug_loc     0x000000000000de7e      0x334 /usr/lib/gcc/arm-none-eabi/9.2.1/../../../arm-none-eabi/lib/thumb/v7e-m+fp/hard/libc.a(lib_a-fflush.o)
 .debug_loc     0x000000000000e1b2      0x32c /usr/lib/gcc/arm-none-eabi/9.2.1/../../../arm-none-eabi/lib/thumb/v7e-m+fp/hard/libc.a(lib_a-findfp.o)
 .debug_loc     0x000000000000e4de      0x6f8 /usr/lib/gcc/arm-none-eabi/9.2.1/../../../arm-none-eabi/lib/thumb/v7e-m+fp/hard/libc.a(lib_a-freer.o)
 .debug_loc     0x000000000000ebd6      0x669 /usr/lib/gcc/arm-none-eabi/9.2.1/../../../arm-none-eabi/lib/thumb/v7e-m+fp/hard/libc.a(lib_a-fvwrite.o)
 .debug_loc     0x000000000000f23f      0x24f /usr/lib/gcc/arm-none-eabi/9.2.1/../../../arm-none-eabi/lib/thumb/v7e-m+fp/hard/libc.a(lib_a-fwalk.o)
 .debug_loc     0x000000000000f48e       0x6f /usr/lib/gcc/arm-none-eabi/9.2.1/../../../arm-none-eabi/lib/thumb/v7e-m+fp/hard/libc.a(lib_a-localeconv.o)
 .debug_loc     0x000000000000f4fd      0x192 /usr/lib/gcc/arm-none-eabi/9.2.1/../../../arm-none-eabi/lib/thumb/v7e-m+fp/hard/libc.a(lib_a-makebuf.o)
 .debug_loc     0x000000000000f68f      0x2f1 /usr/lib/gcc/arm-none-eabi/9.2.1/../../../arm-none-eabi/lib/thumb/v7e-m+fp/hard/libc.a(lib_a-memmove.o)
 .debug_loc     0x000000000000f980     0x234e /usr/lib/gcc/arm-none-eabi/9.2.1/../../../arm-none-eabi/lib/thumb/v7e-m+fp/hard/libc.a(lib_a-mprec.o)
 .debug_loc     0x0000000000011cce     0x12c8 /usr/lib/gcc/arm-none-eabi/9.2.1/../../../arm-none-eabi/lib/thumb/v7e-m+fp/hard/libc.a(lib_a-reallocr.o)
 .debug_loc     0x0000000000012f96      0x152 /usr/lib/gcc/arm-none-eabi/9.2.1/../../../arm-none-eabi/lib/thumb/v7e-m+fp/hard/libc.a(lib_a-reent.o)
 .debug_loc     0x00000000000130e8      0x393 /usr/lib/gcc/arm-none-eabi/9.2.1/../../../arm-none-eabi/lib/thumb/v7e-m+fp/hard/libc.a(lib_a-stdio.o)
 .debug_loc     0x000000000001347b     0x25f3 /usr/lib/gcc/arm-none-eabi/9.2.1/../../../arm-none-eabi/lib/thumb/v7e-m+fp/hard/libc.a(lib_a-vfiprintf.o)
 .debug_loc     0x0000000000015a6e       0xdd /usr/lib/gcc/arm-none-eabi/9.2.1/../../../arm-none-eabi/lib/thumb/v7e-m+fp/hard/libc.a(lib_a-writer.o)
 .debug_loc     0x0000000000015b4b      0x15c /usr/lib/gcc/arm-none-eabi/9.2.1/../../../arm-none-eabi/lib/thumb/v7e-m+fp/hard/libc.a(lib_a-assert.o)
 .debug_loc     0x0000000000015ca7      0x2d6 /usr/lib/gcc/arm-none-eabi/9.2.1/../../../arm-none-eabi/lib/thumb/v7e-m+fp/hard/libc.a(lib_a-callocr.o)
 .debug_loc     0x0000000000015f7d       0x6c /usr/lib/gcc/arm-none-eabi/9.2.1/../../../arm-none-eabi/lib/thumb/v7e-m+fp/hard/libc.a(lib_a-closer.o)
 .debug_loc     0x0000000000015fe9      0x179 /usr/lib/gcc/arm-none-eabi/9.2.1/../../../arm-none-eabi/lib/thumb/v7e-m+fp/hard/libc.a(lib_a-fclose.o)
 .debug_loc     0x0000000000016162       0xa6 /usr/lib/gcc/arm-none-eabi/9.2.1/../../../arm-none-eabi/lib/thumb/v7e-m+fp/hard/libc.a(lib_a-fiprintf.o)
 .debug_loc     0x0000000000016208      0x3cc /usr/lib/gcc/arm-none-eabi/9.2.1/../../../arm-none-eabi/lib/thumb/v7e-m+fp/hard/libc.a(lib_a-fputwc.o)
 .debug_loc     0x00000000000165d4       0xab /usr/lib/gcc/arm-none-eabi/9.2.1/../../../arm-none-eabi/lib/thumb/v7e-m+fp/hard/libc.a(lib_a-fstatr.o)
 .debug_loc     0x000000000001667f       0x6c /usr/lib/gcc/arm-none-eabi/9.2.1/../../../arm-none-eabi/lib/thumb/v7e-m+fp/hard/libc.a(lib_a-isattyr.o)
 .debug_loc     0x00000000000166eb      0x189 /usr/lib/gcc/arm-none-eabi/9.2.1/../../../arm-none-eabi/lib/thumb/v7e-m+fp/hard/libc.a(lib_a-locale.o)
 .debug_loc     0x0000000000016874       0xdd /usr/lib/gcc/arm-none-eabi/9.2.1/../../../arm-none-eabi/lib/thumb/v7e-m+fp/hard/libc.a(lib_a-lseekr.o)
 .debug_loc     0x0000000000016951      0x21d /usr/lib/gcc/arm-none-eabi/9.2.1/../../../arm-none-eabi/lib/thumb/v7e-m+fp/hard/libc.a(lib_a-mbtowc_r.o)
 .debug_loc     0x0000000000016b6e       0xdd /usr/lib/gcc/arm-none-eabi/9.2.1/../../../arm-none-eabi/lib/thumb/v7e-m+fp/hard/libc.a(lib_a-readr.o)
 .debug_loc     0x0000000000016c4b      0x1b0 /usr/lib/gcc/arm-none-eabi/9.2.1/../../../arm-none-eabi/lib/thumb/v7e-m+fp/hard/libc.a(lib_a-wbuf.o)
 .debug_loc     0x0000000000016dfb      0x2b1 /usr/lib/gcc/arm-none-eabi/9.2.1/../../../arm-none-eabi/lib/thumb/v7e-m+fp/hard/libc.a(lib_a-wcrtomb.o)
 .debug_loc     0x00000000000170ac      0x13a /usr/lib/gcc/arm-none-eabi/9.2.1/../../../arm-none-eabi/lib/thumb/v7e-m+fp/hard/libc.a(lib_a-wctomb_r.o)
 .debug_loc     0x00000000000171e6      0xfa2 /usr/lib/gcc/arm-none-eabi/9.2.1/thumb/v7e-m+fp/hard/libgcc.a(_udivmoddi4.o)
 .debug_loc     0x0000000000018188       0x25 /usr/lib/gcc/arm-none-eabi/9.2.1/../../../arm-none-eabi/lib/thumb/v7e-m+fp/hard/libnosys.a(close.o)
 .debug_loc     0x00000000000181ad       0x25 /usr/lib/gcc/arm-none-eabi/9.2.1/../../../arm-none-eabi/lib/thumb/v7e-m+fp/hard/libnosys.a(fstat.o)
 .debug_loc     0x00000000000181d2       0x25 /usr/lib/gcc/arm-none-eabi/9.2.1/../../../arm-none-eabi/lib/thumb/v7e-m+fp/hard/libnosys.a(isatty.o)
 .debug_loc     0x00000000000181f7       0x25 /usr/lib/gcc/arm-none-eabi/9.2.1/../../../arm-none-eabi/lib/thumb/v7e-m+fp/hard/libnosys.a(kill.o)
 .debug_loc     0x000000000001821c       0x4a /usr/lib/gcc/arm-none-eabi/9.2.1/../../../arm-none-eabi/lib/thumb/v7e-m+fp/hard/libnosys.a(lseek.o)
 .debug_loc     0x0000000000018266       0x4a /usr/lib/gcc/arm-none-eabi/9.2.1/../../../arm-none-eabi/lib/thumb/v7e-m+fp/hard/libnosys.a(read.o)
 .debug_loc     0x00000000000182b0       0x3e /usr/lib/gcc/arm-none-eabi/9.2.1/../../../arm-none-eabi/lib/thumb/v7e-m+fp/hard/libnosys.a(sbrk.o)
 .debug_loc     0x00000000000182ee       0x4a /usr/lib/gcc/arm-none-eabi/9.2.1/../../../arm-none-eabi/lib/thumb/v7e-m+fp/hard/libnosys.a(write.o)
 .debug_loc     0x0000000000018338       0x15 /usr/lib/gcc/arm-none-eabi/9.2.1/../../../arm-none-eabi/lib/thumb/v7e-m+fp/hard/libnosys.a(_exit.o)

.debug_aranges  0x0000000000000000     0x1158
 .debug_aranges
                0x0000000000000000       0x78 i2c_ctx.o
 .debug_aranges
                0x0000000000000078       0x38 bitops.o
 .debug_aranges
                0x00000000000000b0       0x98 fibre.o
 .debug_aranges
                0x0000000000000148       0x20 fibre_default.o
 .debug_aranges
                0x0000000000000168       0x68 list.o
 .debug_aranges
                0x00000000000001d0       0x40 messageq.o
 .debug_aranges
                0x0000000000000210       0x38 regdump.o
 .debug_aranges
                0x0000000000000248       0x38 time_libopencm3.o
 .debug_aranges
                0x0000000000000280       0x38 util.o
 .debug_aranges
                0x00000000000002b8       0x38 i2c-stm32f7-usb.o
 .debug_aranges
                0x00000000000002f0       0x50 /home/maddocks/src/test/i2c-usb-f7/libopencm3/lib/libopencm3_stm32f7.a(gpio_common_all.o)
 .debug_aranges
                0x0000000000000340       0x30 /home/maddocks/src/test/i2c-usb-f7/libopencm3/lib/libopencm3_stm32f7.a(gpio_common_f0234.o)
 .debug_aranges
                0x0000000000000370      0x110 /home/maddocks/src/test/i2c-usb-f7/libopencm3/lib/libopencm3_stm32f7.a(i2c_common_v2.o)