Archive member included to satisfy reference by file (symbol)

../../libopencm3//lib/libopencm3_stm32f7.a(gpio_common_f0234.o)
                              i2c-stm32f7-usb.o (gpio_mode_setup)
../../libopencm3//lib/libopencm3_stm32f7.a(i2c_common_v2.o)
                              i2c_ctx.o (i2c_peripheral_enable)
../../libopencm3//lib/libopencm3_stm32f7.a(rcc.o)
                              i2c-stm32f7-usb.o (rcc_clock_setup_hse)
../../libopencm3//lib/libopencm3_stm32f7.a(rcc_common_all.o)
                              i2c-stm32f7-usb.o (rcc_periph_clock_enable)
../../libopencm3//lib/libopencm3_stm32f7.a(usb.o)
                              i2c-stm32f7-usb.o (usbd_init)
../../libopencm3//lib/libopencm3_stm32f7.a(usb_standard.o)
                              i2c-stm32f7-usb.o (usbd_register_set_config_callback)
../../libopencm3//lib/libopencm3_stm32f7.a(usb_control.o)
                              i2c-stm32f7-usb.o (usbd_register_control_callback)
../../libopencm3//lib/libopencm3_stm32f7.a(usb_f107.o)
                              i2c-stm32f7-usb.o (stm32f107_usb_driver)
../../libopencm3//lib/libopencm3_stm32f7.a(usb_dwc_common.o)
                              ../../libopencm3//lib/libopencm3_stm32f7.a(usb_f107.o) (dwc_set_address)
../../libopencm3//lib/libopencm3_stm32f7.a(vector.o)
                              (reset_handler)
../../libopencm3//lib/libopencm3_stm32f7.a(systick.o)
                              time_libopencm3.o (systick_set_reload)
../../libopencm3//lib/libopencm3_stm32f7.a(assert.o)
                              ../../libopencm3//lib/libopencm3_stm32f7.a(rcc.o) (cm3_assert_failed)
../../libopencm3//lib/libopencm3_stm32f7.a(flash_common_all.o)
                              ../../libopencm3//lib/libopencm3_stm32f7.a(rcc.o) (flash_prefetch_enable)
../../libopencm3//lib/libopencm3_stm32f7.a(flash.o)
                              ../../libopencm3//lib/libopencm3_stm32f7.a(rcc.o) (flash_art_enable)
../../libopencm3//lib/libopencm3_stm32f7.a(pwr.o)
                              ../../libopencm3//lib/libopencm3_stm32f7.a(rcc.o) (pwr_set_vos_scale)
../../libopencm3//lib/libopencm3_stm32f7.a(flash_common_f.o)
                              ../../libopencm3//lib/libopencm3_stm32f7.a(flash.o) (flash_clear_eop_flag)
../../libopencm3//lib/libopencm3_stm32f7.a(flash_common_f24.o)
                              ../../libopencm3//lib/libopencm3_stm32f7.a(flash.o) (flash_clear_pgaerr_flag)
/usr/lib/gcc/arm-none-eabi/9.2.1/../../../arm-none-eabi/lib/thumb/v7e-m+fp/hard/libc.a(lib_a-abort.o)
                              util.o (abort)
/usr/lib/gcc/arm-none-eabi/9.2.1/../../../arm-none-eabi/lib/thumb/v7e-m+fp/hard/libc.a(lib_a-fprintf.o)
                              regdump.o (fprintf)
/usr/lib/gcc/arm-none-eabi/9.2.1/../../../arm-none-eabi/lib/thumb/v7e-m+fp/hard/libc.a(lib_a-impure.o)
                              regdump.o (_impure_ptr)
/usr/lib/gcc/arm-none-eabi/9.2.1/../../../arm-none-eabi/lib/thumb/v7e-m+fp/hard/libc.a(lib_a-malloc.o)
                              util.o (malloc)
/usr/lib/gcc/arm-none-eabi/9.2.1/../../../arm-none-eabi/lib/thumb/v7e-m+fp/hard/libc.a(lib_a-mallocr.o)
                              /usr/lib/gcc/arm-none-eabi/9.2.1/../../../arm-none-eabi/lib/thumb/v7e-m+fp/hard/libc.a(lib_a-malloc.o) (_malloc_r)
/usr/lib/gcc/arm-none-eabi/9.2.1/../../../arm-none-eabi/lib/thumb/v7e-m+fp/hard/libc.a(lib_a-memcpy.o)
                              ../../libopencm3//lib/libopencm3_stm32f7.a(usb_standard.o) (memcpy)
/usr/lib/gcc/arm-none-eabi/9.2.1/../../../arm-none-eabi/lib/thumb/v7e-m+fp/hard/libc.a(lib_a-memset.o)
                              i2c_ctx.o (memset)
/usr/lib/gcc/arm-none-eabi/9.2.1/../../../arm-none-eabi/lib/thumb/v7e-m+fp/hard/libc.a(lib_a-mlock.o)
                              /usr/lib/gcc/arm-none-eabi/9.2.1/../../../arm-none-eabi/lib/thumb/v7e-m+fp/hard/libc.a(lib_a-mallocr.o) (__malloc_lock)
/usr/lib/gcc/arm-none-eabi/9.2.1/../../../arm-none-eabi/lib/thumb/v7e-m+fp/hard/libc.a(lib_a-printf.o)
                              i2c_ctx.o (printf)
/usr/lib/gcc/arm-none-eabi/9.2.1/../../../arm-none-eabi/lib/thumb/v7e-m+fp/hard/libc.a(lib_a-puts.o)
                              i2c_ctx.o (puts)
/usr/lib/gcc/arm-none-eabi/9.2.1/../../../arm-none-eabi/lib/thumb/v7e-m+fp/hard/libc.a(lib_a-sbrkr.o)
                              /usr/lib/gcc/arm-none-eabi/9.2.1/../../../arm-none-eabi/lib/thumb/v7e-m+fp/hard/libc.a(lib_a-mallocr.o) (_sbrk_r)
/usr/lib/gcc/arm-none-eabi/9.2.1/../../../arm-none-eabi/lib/thumb/v7e-m+fp/hard/libc.a(lib_a-signal.o)
                              /usr/lib/gcc/arm-none-eabi/9.2.1/../../../arm-none-eabi/lib/thumb/v7e-m+fp/hard/libc.a(lib_a-abort.o) (raise)
/usr/lib/gcc/arm-none-eabi/9.2.1/../../../arm-none-eabi/lib/thumb/v7e-m+fp/hard/libc.a(lib_a-signalr.o)
                              /usr/lib/gcc/arm-none-eabi/9.2.1/../../../arm-none-eabi/lib/thumb/v7e-m+fp/hard/libc.a(lib_a-signal.o) (_kill_r)
[...]
Memory Configuration

Name             Origin             Length             Attributes
rom              0x0000000008000000 0x0000000000200000 xr
ram              0x0000000020000000 0x0000000000080000 xrw
*default*        0x0000000000000000 0xffffffffffffffff

Linker script and memory map

LOAD i2c_ctx.o
LOAD bitops.o
LOAD fibre.o
LOAD fibre_default.o
LOAD list.o
LOAD messageq.o
LOAD regdump.o
LOAD ringbuf.o
LOAD time_libopencm3.o
LOAD util.o
LOAD i2c-stm32f7-usb.o
LOAD ../../libopencm3//lib/libopencm3_stm32f7.a
START GROUP
LOAD /usr/lib/gcc/arm-none-eabi/9.2.1/../../../arm-none-eabi/lib/thumb/v7e-m+fp/hard/libc.a
LOAD /usr/lib/gcc/arm-none-eabi/9.2.1/thumb/v7e-m+fp/hard/libgcc.a
LOAD /usr/lib/gcc/arm-none-eabi/9.2.1/../../../arm-none-eabi/lib/thumb/v7e-m+fp/hard/libnosys.a
END GROUP
START GROUP
LOAD /usr/lib/gcc/arm-none-eabi/9.2.1/thumb/v7e-m+fp/hard/libgcc.a
LOAD /usr/lib/gcc/arm-none-eabi/9.2.1/../../../arm-none-eabi/lib/thumb/v7e-m+fp/hard/libc.a
END GROUP

.text           0x0000000008000000     0x9070
 *(.vectors)
 .vectors       0x0000000008000000      0x1e0 ../../libopencm3//lib/libopencm3_stm32f7.a(vector.o)
                0x0000000008000000                vector_table
 *(.text*)
 .text.i2c_ctx_init
                0x00000000080001e0       0x1e i2c_ctx.o
                0x00000000080001e0                i2c_ctx_init
 *fill*         0x00000000080001fe        0x2 
 .text.i2c_ctx_reset
                0x0000000008000200       0x74 i2c_ctx.o
                0x0000000008000200                i2c_ctx_reset
 .text.i2c_ctx_start
                0x0000000008000274       0x72 i2c_ctx.o
                0x0000000008000274                i2c_ctx_start
 *fill*         0x00000000080002e6        0x2 
 .text.i2c_ctx_senddata
                0x00000000080002e8       0x88 i2c_ctx.o
                0x00000000080002e8                i2c_ctx_senddata
 .text.i2c_ctx_getdata
                0x0000000008000370       0x4c i2c_ctx.o
                0x0000000008000370                i2c_ctx_getdata
 .text.i2c_ctx_stop
                0x00000000080003bc       0x20 i2c_ctx.o
                0x00000000080003bc                i2c_ctx_stop
 .text.messageq_empty
                0x00000000080003dc       0x1a fibre.o
 *fill*         0x00000000080003f6        0x2 
 .text.fibre_run
                0x00000000080003f8       0x3c fibre.o
                0x00000000080003f8                fibre_run
 .text.handle_atomic_runq
                0x0000000008000434       0x24 fibre.o
 .text.fibre_scheduler_next
                0x0000000008000458       0xfc fibre.o
                0x0000000008000458                fibre_scheduler_next
 .text.fibre_scheduler_main_loop
                0x0000000008000554        0xc fibre_default.o
                0x0000000008000554                fibre_scheduler_main_loop
 .text.list_insert
                0x0000000008000560       0x10 list.o
                0x0000000008000560                list_insert
 .text.list_extract
                0x0000000008000570       0x10 list.o
                0x0000000008000570                list_extract
 .text.list_iterate
                0x0000000008000580        0x8 list.o
                0x0000000008000580                list_iterate
 .text.list_iterator_next
                0x0000000008000588        0xe list.o
                0x0000000008000588                list_iterator_next
 .text.list_iterator_remove
                0x0000000008000596       0x1a list.o
                0x0000000008000596                list_iterator_remove
 .text.list_contains
                0x00000000080005b0       0x24 list.o
                0x00000000080005b0                list_contains
 .text.list_remove
                0x00000000080005d4       0x18 list.o
                0x00000000080005d4                list_remove
 .text.messageq_receive
                0x00000000080005ec       0x4a messageq.o
                0x00000000080005ec                messageq_receive
 .text.messageq_release
                0x0000000008000636       0x1a messageq.o
                0x0000000008000636                messageq_release
 .text.time_init
                0x0000000008000650       0x1c time_libopencm3.o
                0x0000000008000650                time_init
 .text.sys_tick_handler
                0x000000000800066c       0x18 time_libopencm3.o
                0x000000000800066c                sys_tick_handler
 .text.time_now
                0x0000000008000684        0xc time_libopencm3.o
                0x0000000008000684                time_now
 .text.cyclecmp32
                0x0000000008000690        0x4 util.o
                0x0000000008000690                cyclecmp32
 .text.usb_fibre
                0x0000000008000694       0xa8 i2c-stm32f7-usb.o
 .text.usb_set_config
                0x000000000800073c       0x28 i2c-stm32f7-usb.o
 .text.usb_control_request
                0x0000000008000764      0x124 i2c-stm32f7-usb.o
 .text.startup.main
                0x0000000008000888       0x8c i2c-stm32f7-usb.o
                0x0000000008000888                main
 .text.gpio_mode_setup
                0x0000000008000914       0x40 ../../libopencm3//lib/libopencm3_stm32f7.a(gpio_common_f0234.o)
                0x0000000008000914                gpio_mode_setup
 .text.gpio_set_output_options
                0x0000000008000954       0x36 ../../libopencm3//lib/libopencm3_stm32f7.a(gpio_common_f0234.o)
                0x0000000008000954                gpio_set_output_options
 .text.gpio_set_af
                0x000000000800098a       0x54 ../../libopencm3//lib/libopencm3_stm32f7.a(gpio_common_f0234.o)
                0x000000000800098a                gpio_set_af
 .text.i2c_peripheral_enable
                0x00000000080009de        0xa ../../libopencm3//lib/libopencm3_stm32f7.a(i2c_common_v2.o)
                0x00000000080009de                i2c_peripheral_enable
 .text.i2c_peripheral_disable
                0x00000000080009e8        0xa ../../libopencm3//lib/libopencm3_stm32f7.a(i2c_common_v2.o)
                0x00000000080009e8                i2c_peripheral_disable
 .text.i2c_send_start
                0x00000000080009f2        0xa ../../libopencm3//lib/libopencm3_stm32f7.a(i2c_common_v2.o)
                0x00000000080009f2                i2c_send_start
 .text.i2c_send_stop
                0x00000000080009fc        0xa ../../libopencm3//lib/libopencm3_stm32f7.a(i2c_common_v2.o)
                0x00000000080009fc                i2c_send_stop
 .text.i2c_clear_stop
                0x0000000008000a06        0xa ../../libopencm3//lib/libopencm3_stm32f7.a(i2c_common_v2.o)
                0x0000000008000a06                i2c_clear_stop
 .text.i2c_set_own_7bit_slave_address
                0x0000000008000a10        0xe ../../libopencm3//lib/libopencm3_stm32f7.a(i2c_common_v2.o)
                0x0000000008000a10                i2c_set_own_7bit_slave_address
 .text.i2c_send_data
                0x0000000008000a1e        0x4 ../../libopencm3//lib/libopencm3_stm32f7.a(i2c_common_v2.o)
                0x0000000008000a1e                i2c_send_data
 .text.i2c_get_data
                0x0000000008000a22        0x6 ../../libopencm3//lib/libopencm3_stm32f7.a(i2c_common_v2.o)
                0x0000000008000a22                i2c_get_data
 .text.i2c_enable_analog_filter
                0x0000000008000a28        0xa ../../libopencm3//lib/libopencm3_stm32f7.a(i2c_common_v2.o)
                0x0000000008000a28                i2c_enable_analog_filter
 .text.i2c_set_digital_filter
                0x0000000008000a32        0xe ../../libopencm3//lib/libopencm3_stm32f7.a(i2c_common_v2.o)
                0x0000000008000a32                i2c_set_digital_filter
 .text.i2c_set_prescaler
                0x0000000008000a40        0xe ../../libopencm3//lib/libopencm3_stm32f7.a(i2c_common_v2.o)
                0x0000000008000a40                i2c_set_prescaler
 .text.i2c_set_data_setup_time
                0x0000000008000a4e        0xe ../../libopencm3//lib/libopencm3_stm32f7.a(i2c_common_v2.o)
                0x0000000008000a4e                i2c_set_data_setup_time
 .text.i2c_set_data_hold_time
                0x0000000008000a5c        0xe ../../libopencm3//lib/libopencm3_stm32f7.a(i2c_common_v2.o)
                0x0000000008000a5c                i2c_set_data_hold_time
 .text.i2c_set_scl_high_period
                0x0000000008000a6a        0xe ../../libopencm3//lib/libopencm3_stm32f7.a(i2c_common_v2.o)
                0x0000000008000a6a                i2c_set_scl_high_period
 .text.i2c_set_scl_low_period
                0x0000000008000a78        0xc ../../libopencm3//lib/libopencm3_stm32f7.a(i2c_common_v2.o)
                0x0000000008000a78                i2c_set_scl_low_period
 .text.i2c_set_7bit_addr_mode
                0x0000000008000a84        0xa ../../libopencm3//lib/libopencm3_stm32f7.a(i2c_common_v2.o)
                0x0000000008000a84                i2c_set_7bit_addr_mode
 .text.i2c_set_7bit_address
                0x0000000008000a8e       0x10 ../../libopencm3//lib/libopencm3_stm32f7.a(i2c_common_v2.o)
                0x0000000008000a8e                i2c_set_7bit_address
 .text.i2c_set_write_transfer_dir
                0x0000000008000a9e        0xa ../../libopencm3//lib/libopencm3_stm32f7.a(i2c_common_v2.o)
                0x0000000008000a9e                i2c_set_write_transfer_dir
 .text.i2c_set_read_transfer_dir
                0x0000000008000aa8        0xa ../../libopencm3//lib/libopencm3_stm32f7.a(i2c_common_v2.o)
                0x0000000008000aa8                i2c_set_read_transfer_dir
 .text.i2c_set_bytes_to_transfer
                0x0000000008000ab2        0xe ../../libopencm3//lib/libopencm3_stm32f7.a(i2c_common_v2.o)
                0x0000000008000ab2                i2c_set_bytes_to_transfer
 .text.i2c_is_start
                0x0000000008000ac0        0x8 ../../libopencm3//lib/libopencm3_stm32f7.a(i2c_common_v2.o)
                0x0000000008000ac0                i2c_is_start
 .text.i2c_disable_autoend
                0x0000000008000ac8        0xa ../../libopencm3//lib/libopencm3_stm32f7.a(i2c_common_v2.o)
                0x0000000008000ac8                i2c_disable_autoend
 .text.i2c_nack
                0x0000000008000ad2        0x8 ../../libopencm3//lib/libopencm3_stm32f7.a(i2c_common_v2.o)
                0x0000000008000ad2                i2c_nack
 .text.i2c_clear_nack
                0x0000000008000ada        0xa ../../libopencm3//lib/libopencm3_stm32f7.a(i2c_common_v2.o)
                0x0000000008000ada                i2c_clear_nack
 .text.i2c_stop_detected
                0x0000000008000ae4        0x8 ../../libopencm3//lib/libopencm3_stm32f7.a(i2c_common_v2.o)
                0x0000000008000ae4                i2c_stop_detected
 .text.i2c_transfer_complete
                0x0000000008000aec        0x8 ../../libopencm3//lib/libopencm3_stm32f7.a(i2c_common_v2.o)
                0x0000000008000aec                i2c_transfer_complete
 .text.i2c_received_data
                0x0000000008000af4        0x8 ../../libopencm3//lib/libopencm3_stm32f7.a(i2c_common_v2.o)
                0x0000000008000af4                i2c_received_data
 .text.i2c_set_speed
                0x0000000008000afc       0x56 ../../libopencm3//lib/libopencm3_stm32f7.a(i2c_common_v2.o)
                0x0000000008000afc                i2c_set_speed
 *fill*         0x0000000008000b52        0x2 
 .text.rcc_wait_for_osc_ready.part.0
                0x0000000008000b54       0x10 ../../libopencm3//lib/libopencm3_stm32f7.a(rcc.o)
 .text.rcc_wait_for_sysclk_status.part.0
                0x0000000008000b64       0x14 ../../libopencm3//lib/libopencm3_stm32f7.a(rcc.o)
 .text.rcc_wait_for_osc_ready
                0x0000000008000b78       0x48 ../../libopencm3//lib/libopencm3_stm32f7.a(rcc.o)
                0x0000000008000b78                rcc_wait_for_osc_ready
 .text.rcc_osc_on
                0x0000000008000bc0       0x44 ../../libopencm3//lib/libopencm3_stm32f7.a(rcc.o)
                0x0000000008000bc0                rcc_osc_on
 .text.rcc_osc_off
                0x0000000008000c04       0x44 ../../libopencm3//lib/libopencm3_stm32f7.a(rcc.o)
                0x0000000008000c04                rcc_osc_off
 .text.rcc_set_sysclk_source
                0x0000000008000c48       0x14 ../../libopencm3//lib/libopencm3_stm32f7.a(rcc.o)
                0x0000000008000c48                rcc_set_sysclk_source
 .text.rcc_set_ppre2
                0x0000000008000c5c       0x14 ../../libopencm3//lib/libopencm3_stm32f7.a(rcc.o)
                0x0000000008000c5c                rcc_set_ppre2
 .text.rcc_set_ppre1
                0x0000000008000c70       0x14 ../../libopencm3//lib/libopencm3_stm32f7.a(rcc.o)
                0x0000000008000c70                rcc_set_ppre1
 .text.rcc_set_hpre
                0x0000000008000c84       0x14 ../../libopencm3//lib/libopencm3_stm32f7.a(rcc.o)
                0x0000000008000c84                rcc_set_hpre
 .text.rcc_set_main_pll_hse
                0x0000000008000c98       0x20 ../../libopencm3//lib/libopencm3_stm32f7.a(rcc.o)
                0x0000000008000c98                rcc_set_main_pll_hse
 .text.rcc_clock_setup_hse
                0x0000000008000cb8       0xb4 ../../libopencm3//lib/libopencm3_stm32f7.a(rcc.o)
                0x0000000008000cb8                rcc_clock_setup_hse
 .text.rcc_periph_clock_enable
                0x0000000008000d6c       0x1c ../../libopencm3//lib/libopencm3_stm32f7.a(rcc_common_all.o)
                0x0000000008000d6c                rcc_periph_clock_enable
 .text.rcc_periph_reset_pulse
                0x0000000008000d88       0x24 ../../libopencm3//lib/libopencm3_stm32f7.a(rcc_common_all.o)
                0x0000000008000d88                rcc_periph_reset_pulse
 .text.usbd_init
                0x0000000008000dac       0x54 ../../libopencm3//lib/libopencm3_stm32f7.a(usb.o)
                0x0000000008000dac                usbd_init
 .text.usbd_poll
                0x0000000008000e00        0x8 ../../libopencm3//lib/libopencm3_stm32f7.a(usb.o)
                0x0000000008000e00                usbd_poll
 .text.usbd_ep_setup
                0x0000000008000e08       0x10 ../../libopencm3//lib/libopencm3_stm32f7.a(usb.o)
                0x0000000008000e08                usbd_ep_setup
 .text._usbd_reset
                0x0000000008000e18       0x30 ../../libopencm3//lib/libopencm3_stm32f7.a(usb.o)
                0x0000000008000e18                _usbd_reset
 .text.usbd_ep_write_packet
                0x0000000008000e48       0x10 ../../libopencm3//lib/libopencm3_stm32f7.a(usb.o)
                0x0000000008000e48                usbd_ep_write_packet
 .text.usbd_ep_read_packet
                0x0000000008000e58       0x10 ../../libopencm3//lib/libopencm3_stm32f7.a(usb.o)
                0x0000000008000e58                usbd_ep_read_packet
 .text.usbd_ep_stall_set
                0x0000000008000e68        0x8 ../../libopencm3//lib/libopencm3_stm32f7.a(usb.o)
                0x0000000008000e68                usbd_ep_stall_set
 .text.usbd_ep_stall_get
                0x0000000008000e70        0x8 ../../libopencm3//lib/libopencm3_stm32f7.a(usb.o)
                0x0000000008000e70                usbd_ep_stall_get
 .text.usb_standard_set_address
                0x0000000008000e78       0x2a ../../libopencm3//lib/libopencm3_stm32f7.a(usb_standard.o)
 .text.usb_standard_set_configuration
                0x0000000008000ea2       0x96 ../../libopencm3//lib/libopencm3_stm32f7.a(usb_standard.o)
 .text.usb_standard_get_configuration
                0x0000000008000f38       0x22 ../../libopencm3//lib/libopencm3_stm32f7.a(usb_standard.o)
 .text.usb_standard_get_interface
                0x0000000008000f5a       0x38 ../../libopencm3//lib/libopencm3_stm32f7.a(usb_standard.o)
 .text.usb_standard_device_get_status
                0x0000000008000f92       0x18 ../../libopencm3//lib/libopencm3_stm32f7.a(usb_standard.o)
 .text.usb_standard_endpoint_get_status
                0x0000000008000faa       0x2c ../../libopencm3//lib/libopencm3_stm32f7.a(usb_standard.o)
 .text.usb_standard_endpoint_stall
                0x0000000008000fd6       0x10 ../../libopencm3//lib/libopencm3_stm32f7.a(usb_standard.o)
 .text.usb_standard_endpoint_unstall
                0x0000000008000fe6       0x10 ../../libopencm3//lib/libopencm3_stm32f7.a(usb_standard.o)
 .text.usb_standard_set_interface
                0x0000000008000ff6       0x54 ../../libopencm3//lib/libopencm3_stm32f7.a(usb_standard.o)
 .text.usb_standard_get_descriptor
                0x000000000800104a      0x2a0 ../../libopencm3//lib/libopencm3_stm32f7.a(usb_standard.o)
 .text.usb_standard_interface_get_status
                0x00000000080012ea       0x18 ../../libopencm3//lib/libopencm3_stm32f7.a(usb_standard.o)
 .text.usbd_register_set_config_callback
                0x0000000008001302       0x28 ../../libopencm3//lib/libopencm3_stm32f7.a(usb_standard.o)
                0x0000000008001302                usbd_register_set_config_callback
 *fill*         0x000000000800132a        0x2 
 .text._usbd_standard_request_device
                0x000000000800132c       0x4c ../../libopencm3//lib/libopencm3_stm32f7.a(usb_standard.o)
                0x000000000800132c                _usbd_standard_request_device
 .text._usbd_standard_request_interface
                0x0000000008001378       0x34 ../../libopencm3//lib/libopencm3_stm32f7.a(usb_standard.o)
                0x0000000008001378                _usbd_standard_request_interface
 .text._usbd_standard_request_endpoint
                0x00000000080013ac       0x40 ../../libopencm3//lib/libopencm3_stm32f7.a(usb_standard.o)
                0x00000000080013ac                _usbd_standard_request_endpoint
 .text._usbd_standard_request
                0x00000000080013ec       0x38 ../../libopencm3//lib/libopencm3_stm32f7.a(usb_standard.o)
                0x00000000080013ec                _usbd_standard_request
 .text.stall_transaction
                0x0000000008001424       0x14 ../../libopencm3//lib/libopencm3_stm32f7.a(usb_control.o)
 .text.usb_control_recv_chunk
                0x0000000008001438       0x3c ../../libopencm3//lib/libopencm3_stm32f7.a(usb_control.o)
 .text.usb_control_send_chunk
                0x0000000008001474       0x52 ../../libopencm3//lib/libopencm3_stm32f7.a(usb_control.o)
 .text.usb_control_request_dispatch
                0x00000000080014c6       0x60 ../../libopencm3//lib/libopencm3_stm32f7.a(usb_control.o)
 .text.usb_control_setup_read
                0x0000000008001526       0x66 ../../libopencm3//lib/libopencm3_stm32f7.a(usb_control.o)
 .text.usbd_register_control_callback
                0x000000000800158c       0x2c ../../libopencm3//lib/libopencm3_stm32f7.a(usb_control.o)
                0x000000000800158c                usbd_register_control_callback
 .text._usbd_control_setup
                0x00000000080015b8       0x5a ../../libopencm3//lib/libopencm3_stm32f7.a(usb_control.o)
                0x00000000080015b8                _usbd_control_setup
 .text._usbd_control_out
                0x0000000008001612       0x82 ../../libopencm3//lib/libopencm3_stm32f7.a(usb_control.o)
                0x0000000008001612                _usbd_control_out
 .text._usbd_control_in
                0x0000000008001694       0x56 ../../libopencm3//lib/libopencm3_stm32f7.a(usb_control.o)
                0x0000000008001694                _usbd_control_in
 *fill*         0x00000000080016ea        0x2 
 .text.stm32f107_usbd_init
                0x00000000080016ec       0xd4 ../../libopencm3//lib/libopencm3_stm32f7.a(usb_f107.o)
 .text.dwc_set_address
                0x00000000080017c0       0x18 ../../libopencm3//lib/libopencm3_stm32f7.a(usb_dwc_common.o)
                0x00000000080017c0                dwc_set_address
 .text.dwc_ep_setup
                0x00000000080017d8      0x12a ../../libopencm3//lib/libopencm3_stm32f7.a(usb_dwc_common.o)
                0x00000000080017d8                dwc_ep_setup
 .text.dwc_endpoints_reset
                0x0000000008001902       0x48 ../../libopencm3//lib/libopencm3_stm32f7.a(usb_dwc_common.o)
                0x0000000008001902                dwc_endpoints_reset
 .text.dwc_ep_stall_set
                0x000000000800194a       0x7a ../../libopencm3//lib/libopencm3_stm32f7.a(usb_dwc_common.o)
                0x000000000800194a                dwc_ep_stall_set
 .text.dwc_ep_stall_get
                0x00000000080019c4       0x1e ../../libopencm3//lib/libopencm3_stm32f7.a(usb_dwc_common.o)
                0x00000000080019c4                dwc_ep_stall_get
 .text.dwc_ep_nak_set
                0x00000000080019e2       0x28 ../../libopencm3//lib/libopencm3_stm32f7.a(usb_dwc_common.o)
                0x00000000080019e2                dwc_ep_nak_set
 .text.dwc_ep_write_packet
                0x0000000008001a0a       0x4a ../../libopencm3//lib/libopencm3_stm32f7.a(usb_dwc_common.o)
                0x0000000008001a0a                dwc_ep_write_packet
 .text.dwc_ep_read_packet
                0x0000000008001a54       0x74 ../../libopencm3//lib/libopencm3_stm32f7.a(usb_dwc_common.o)
                0x0000000008001a54                dwc_ep_read_packet
 .text.dwc_poll
                0x0000000008001ac8      0x1e4 ../../libopencm3//lib/libopencm3_stm32f7.a(usb_dwc_common.o)
                0x0000000008001ac8                dwc_poll
 .text.dwc_disconnect
                0x0000000008001cac       0x1c ../../libopencm3//lib/libopencm3_stm32f7.a(usb_dwc_common.o)
                0x0000000008001cac                dwc_disconnect
 .text.blocking_handler
                0x0000000008001cc8        0x2 ../../libopencm3//lib/libopencm3_stm32f7.a(vector.o)
                0x0000000008001cc8                i2c4_ev_isr
                0x0000000008001cc8                dma2_stream1_isr
                0x0000000008001cc8                tim8_brk_tim12_isr
                0x0000000008001cc8                dma1_stream7_isr
                0x0000000008001cc8                usart3_isr
                0x0000000008001cc8                dfsdm1_flt3_isr
                0x0000000008001cc8                tim7_isr
                0x0000000008001cc8                dma2d_isr
                0x0000000008001cc8                uart8_isr
                0x0000000008001cc8                dma1_stream2_isr
                0x0000000008001cc8                dsihost_isr
                0x0000000008001cc8                i2c4_er_isr
                0x0000000008001cc8                otg_hs_isr
                0x0000000008001cc8                dfsdm1_flt2_isr
                0x0000000008001cc8                blocking_handler
                0x0000000008001cc8                tim5_isr
                0x0000000008001cc8                rtc_wkup_isr
                0x0000000008001cc8                otg_fs_isr
                0x0000000008001cc8                spi1_isr
                0x0000000008001cc8                i2c3_er_isr
                0x0000000008001cc8                exti2_isr
                0x0000000008001cc8                spi5_isr
                0x0000000008001cc8                usb_fs_wkup_isr
                0x0000000008001cc8                tamp_stamp_isr
                0x0000000008001cc8                can1_rx1_isr
                0x0000000008001cc8                dma2_stream0_isr
                0x0000000008001cc8                usart1_isr
                0x0000000008001cc8                i2c3_ev_isr
                0x0000000008001cc8                usage_fault_handler
                0x0000000008001cc8                can2_rx0_isr
                0x0000000008001cc8                dma1_stream6_isr
                0x0000000008001cc8                can2_rx1_isr
                0x0000000008001cc8                can1_sce_isr
                0x0000000008001cc8                tim1_cc_isr
                0x0000000008001cc8                can1_tx_isr
                0x0000000008001cc8                tim1_up_tim10_isr
                0x0000000008001cc8                eth_isr
                0x0000000008001cc8                spi6_isr
                0x0000000008001cc8                dma2_stream5_isr
                0x0000000008001cc8                pvd_isr
                0x0000000008001cc8                can1_rx0_isr
                0x0000000008001cc8                rcc_isr
                0x0000000008001cc8                dma2_stream3_isr
                0x0000000008001cc8                flash_isr
                0x0000000008001cc8                uart4_isr
                0x0000000008001cc8                lcd_tft_isr
                0x0000000008001cc8                rtc_alarm_isr
                0x0000000008001cc8                exti15_10_isr
                0x0000000008001cc8                hash_rng_isr
                0x0000000008001cc8                tim1_trg_com_tim11_isr
                0x0000000008001cc8                hard_fault_handler
                0x0000000008001cc8                exti1_isr
                0x0000000008001cc8                i2c1_ev_isr
                0x0000000008001cc8                usart6_isr
                0x0000000008001cc8                sdmmc2_isr
                0x0000000008001cc8                spi2_isr
                0x0000000008001cc8                cryp_isr
                0x0000000008001cc8                nvic_wwdg_isr
                0x0000000008001cc8                dma1_stream1_isr
                0x0000000008001cc8                dma2_stream4_isr
                0x0000000008001cc8                exti3_isr
                0x0000000008001cc8                tim3_isr
                0x0000000008001cc8                usart2_isr
                0x0000000008001cc8                sai1_isr
                0x0000000008001cc8                fpu_isr
                0x0000000008001cc8                dma1_stream4_isr
                0x0000000008001cc8                i2c2_er_isr
                0x0000000008001cc8                i2c2_ev_isr
                0x0000000008001cc8                dfsdm1_flt0_isr
                0x0000000008001cc8                uart5_isr
                0x0000000008001cc8                dma2_stream6_isr
                0x0000000008001cc8                spi4_isr
                0x0000000008001cc8                adc_isr
                0x0000000008001cc8                dma2_stream7_isr
                0x0000000008001cc8                tim8_up_tim13_isr
                0x0000000008001cc8                fsmc_isr
                0x0000000008001cc8                exti4_isr
                0x0000000008001cc8                tim6_dac_isr
                0x0000000008001cc8                spdifrx_isr
                0x0000000008001cc8                lp_timer1_isr
                0x0000000008001cc8                dma1_stream3_isr
                0x0000000008001cc8                tim8_trg_com_tim14_isr
                0x0000000008001cc8                mem_manage_handler
                0x0000000008001cc8                lcd_tft_err_isr
                0x0000000008001cc8                can2_tx_isr
                0x0000000008001cc8                exti9_5_isr
                0x0000000008001cc8                tim1_brk_tim9_isr
                0x0000000008001cc8                uart7_isr
                0x0000000008001cc8                can2_sce_isr
                0x0000000008001cc8                tim4_isr
                0x0000000008001cc8                hdmi_cec_isr
                0x0000000008001cc8                sai2_isr
                0x0000000008001cc8                otg_hs_wkup_isr
                0x0000000008001cc8                i2c1_er_isr
                0x0000000008001cc8                dma1_stream0_isr
                0x0000000008001cc8                tim8_cc_isr
                0x0000000008001cc8                dcmi_isr
                0x0000000008001cc8                dfsdm1_flt1_isr
                0x0000000008001cc8                dma2_stream2_isr
                0x0000000008001cc8                eth_wkup_isr
                0x0000000008001cc8                bus_fault_handler
                0x0000000008001cc8                otg_hs_ep1_out_isr
                0x0000000008001cc8                sdmmc1_isr
                0x0000000008001cc8                spi3_isr
                0x0000000008001cc8                quadspi_isr
                0x0000000008001cc8                dma1_stream5_isr
                0x0000000008001cc8                otg_hs_ep1_in_isr
                0x0000000008001cc8                tim2_isr
                0x0000000008001cc8                exti0_isr
 .text.null_handler
                0x0000000008001cca        0x2 ../../libopencm3//lib/libopencm3_stm32f7.a(vector.o)
                0x0000000008001cca                null_handler
                0x0000000008001cca                sv_call_handler
                0x0000000008001cca                pend_sv_handler
                0x0000000008001cca                debug_monitor_handler
                0x0000000008001cca                nmi_handler
 .text.reset_handler
                0x0000000008001ccc       0x98 ../../libopencm3//lib/libopencm3_stm32f7.a(vector.o)
                0x0000000008001ccc                reset_handler
 .text.systick_set_reload
                0x0000000008001d64       0x10 ../../libopencm3//lib/libopencm3_stm32f7.a(systick.o)
                0x0000000008001d64                systick_set_reload
 .text.systick_set_clocksource
                0x0000000008001d74       0x18 ../../libopencm3//lib/libopencm3_stm32f7.a(systick.o)
                0x0000000008001d74                systick_set_clocksource
 .text.systick_interrupt_enable
                0x0000000008001d8c       0x10 ../../libopencm3//lib/libopencm3_stm32f7.a(systick.o)
                0x0000000008001d8c                systick_interrupt_enable
 .text.systick_counter_enable
                0x0000000008001d9c       0x10 ../../libopencm3//lib/libopencm3_stm32f7.a(systick.o)
                0x0000000008001d9c                systick_counter_enable
 .text.flash_prefetch_enable
                0x0000000008001dac       0x10 ../../libopencm3//lib/libopencm3_stm32f7.a(flash_common_all.o)
                0x0000000008001dac                flash_prefetch_enable
 .text.flash_set_ws
                0x0000000008001dbc       0x14 ../../libopencm3//lib/libopencm3_stm32f7.a(flash_common_all.o)
                0x0000000008001dbc                flash_set_ws
 .text.flash_art_enable
                0x0000000008001dd0       0x10 ../../libopencm3//lib/libopencm3_stm32f7.a(flash.o)
                0x0000000008001dd0                flash_art_enable
 .text.pwr_set_vos_scale
                0x0000000008001de0       0x34 ../../libopencm3//lib/libopencm3_stm32f7.a(pwr.o)
                0x0000000008001de0                pwr_set_vos_scale
 .text.pwr_enable_overdrive
                0x0000000008001e14       0x2c ../../libopencm3//lib/libopencm3_stm32f7.a(pwr.o)
                0x0000000008001e14                pwr_enable_overdrive
 .text          0x0000000008001e40       0x10 /usr/lib/gcc/arm-none-eabi/9.2.1/../../../arm-none-eabi/lib/thumb/v7e-m+fp/hard/libc.a(lib_a-abort.o)
                0x0000000008001e40                abort
 .text          0x0000000008001e50      0x564 /usr/lib/gcc/arm-none-eabi/9.2.1/../../../arm-none-eabi/lib/thumb/v7e-m+fp/hard/libc.a(lib_a-mallocr.o)
                0x0000000008001e50                _malloc_r
 .text          0x00000000080023b4      0x134 /usr/lib/gcc/arm-none-eabi/9.2.1/../../../arm-none-eabi/lib/thumb/v7e-m+fp/hard/libc.a(lib_a-memcpy.o)
                0x00000000080023b4                memcpy
 .text          0x00000000080024e8       0xa0 /usr/lib/gcc/arm-none-eabi/9.2.1/../../../arm-none-eabi/lib/thumb/v7e-m+fp/hard/libc.a(lib_a-memset.o)
                0x00000000080024e8                memset
 .text          0x0000000008002588        0x8 /usr/lib/gcc/arm-none-eabi/9.2.1/../../../arm-none-eabi/lib/thumb/v7e-m+fp/hard/libc.a(lib_a-mlock.o)
                0x0000000008002588                __malloc_lock
                0x000000000800258c                __malloc_unlock
 .text          0x0000000008002590       0x48 /usr/lib/gcc/arm-none-eabi/9.2.1/../../../arm-none-eabi/lib/thumb/v7e-m+fp/hard/libc.a(lib_a-printf.o)
                0x0000000008002590                _printf_r
                0x00000000080025b0                printf
 .text          0x00000000080025d8       0x78 /usr/lib/gcc/arm-none-eabi/9.2.1/../../../arm-none-eabi/lib/thumb/v7e-m+fp/hard/libc.a(lib_a-puts.o)
                0x00000000080025d8                _puts_r
                0x0000000008002640                puts
 .text          0x0000000008002650       0x24 /usr/lib/gcc/arm-none-eabi/9.2.1/../../../arm-none-eabi/lib/thumb/v7e-m+fp/hard/libc.a(lib_a-sbrkr.o)
                0x0000000008002650                _sbrk_r
 .text          0x0000000008002674      0x15c /usr/lib/gcc/arm-none-eabi/9.2.1/../../../arm-none-eabi/lib/thumb/v7e-m+fp/hard/libc.a(lib_a-signal.o)
                0x000000000800269c                _init_signal_r
                0x00000000080026a8                _signal_r
                0x00000000080026e0                _raise_r
                0x0000000008002738                __sigtramp_r
                0x000000000800278c                raise
                0x000000000800279c                signal
                0x00000000080027ac                _init_signal
                0x00000000080027c0                __sigtramp
 .text          0x00000000080027d0       0x2c /usr/lib/gcc/arm-none-eabi/9.2.1/../../../arm-none-eabi/lib/thumb/v7e-m+fp/hard/libc.a(lib_a-signalr.o)
                0x00000000080027d0                _kill_r
                0x00000000080027f8                _getpid_r
 *fill*         0x00000000080027fc        0x4 
 .text          0x0000000008002800       0xdc /usr/lib/gcc/arm-none-eabi/9.2.1/../../../arm-none-eabi/lib/thumb/v7e-m+fp/hard/libc.a(lib_a-strlen.o)
                0x0000000008002800                strlen
 *fill*         0x00000000080028dc        0x4 
 .text          0x00000000080028e0     0x1580 /usr/lib/gcc/arm-none-eabi/9.2.1/../../../arm-none-eabi/lib/thumb/v7e-m+fp/hard/libc.a(lib_a-vfprintf.o)
                0x00000000080028e0                _vfprintf_r
                0x0000000008003ddc                vfprintf
 .text          0x0000000008003e60       0xd0 /usr/lib/gcc/arm-none-eabi/9.2.1/../../../arm-none-eabi/lib/thumb/v7e-m+fp/hard/libc.a(lib_a-wsetup.o)
                0x0000000008003e60                __swsetup_r
 .text          0x0000000008003f30      0xfc0 /usr/lib/gcc/arm-none-eabi/9.2.1/../../../arm-none-eabi/lib/thumb/v7e-m+fp/hard/libc.a(lib_a-dtoa.o)
                0x0000000008004054                _dtoa_r
 .text          0x0000000008004ef0      0x1a4 /usr/lib/gcc/arm-none-eabi/9.2.1/../../../arm-none-eabi/lib/thumb/v7e-m+fp/hard/libc.a(lib_a-fflush.o)
                0x0000000008004ef0                __sflush_r
                0x000000000800503c                _fflush_r
                0x0000000008005070                fflush
 .text          0x0000000008005094      0x1f4 /usr/lib/gcc/arm-none-eabi/9.2.1/../../../arm-none-eabi/lib/thumb/v7e-m+fp/hard/libc.a(lib_a-findfp.o)
                0x0000000008005098                _cleanup_r
                0x000000000800517c                __sfmoreglue
                0x00000000080051ac                __sfp
                0x0000000008005234                _cleanup
                0x0000000008005248                __sinit
                0x0000000008005250                __sfp_lock_acquire
                0x0000000008005254                __sfp_lock_release
                0x0000000008005258                __sinit_lock_acquire
                0x000000000800525c                __sinit_lock_release
                0x0000000008005260                __fp_lock_all
                0x0000000008005274                __fp_unlock_all
 .text          0x0000000008005288      0x294 /usr/lib/gcc/arm-none-eabi/9.2.1/../../../arm-none-eabi/lib/thumb/v7e-m+fp/hard/libc.a(lib_a-freer.o)
                0x0000000008005288                _malloc_trim_r
                0x0000000008005328                _free_r
 .text          0x000000000800551c      0x308 /usr/lib/gcc/arm-none-eabi/9.2.1/../../../arm-none-eabi/lib/thumb/v7e-m+fp/hard/libc.a(lib_a-fvwrite.o)
                0x000000000800551c                __sfvwrite_r
 .text          0x0000000008005824       0xa0 /usr/lib/gcc/arm-none-eabi/9.2.1/../../../arm-none-eabi/lib/thumb/v7e-m+fp/hard/libc.a(lib_a-fwalk.o)
                0x0000000008005824                _fwalk
                0x0000000008005870                _fwalk_reent
 .text          0x00000000080058c4       0x14 /usr/lib/gcc/arm-none-eabi/9.2.1/../../../arm-none-eabi/lib/thumb/v7e-m+fp/hard/libc.a(lib_a-localeconv.o)
                0x00000000080058c4                __localeconv_l
                0x00000000080058c8                _localeconv_r
                0x00000000080058d0                localeconv
 .text          0x00000000080058d8       0xf0 /usr/lib/gcc/arm-none-eabi/9.2.1/../../../arm-none-eabi/lib/thumb/v7e-m+fp/hard/libc.a(lib_a-makebuf.o)
                0x00000000080058d8                __swhatbuf_r
                0x0000000008005934                __smakebuf_r
 *fill*         0x00000000080059c8        0x8 
 .text          0x00000000080059d0       0xa0 /usr/lib/gcc/arm-none-eabi/9.2.1/../../../arm-none-eabi/lib/thumb/v7e-m+fp/hard/libc.a(lib_a-memchr.o)
                0x00000000080059d0                memchr
 .text          0x0000000008005a70       0xd0 /usr/lib/gcc/arm-none-eabi/9.2.1/../../../arm-none-eabi/lib/thumb/v7e-m+fp/hard/libc.a(lib_a-memmove.o)
                0x0000000008005a70                memmove
 .text          0x0000000008005b40      0x9a8 /usr/lib/gcc/arm-none-eabi/9.2.1/../../../arm-none-eabi/lib/thumb/v7e-m+fp/hard/libc.a(lib_a-mprec.o)
                0x0000000008005b40                _Balloc
                0x0000000008005b8c                _Bfree
                0x0000000008005ba0                __multadd
                0x0000000008005c44                __s2b
                0x0000000008005cf0                __hi0bits
                0x0000000008005d30                __lo0bits
                0x0000000008005d90                __i2b
                0x0000000008005dbc                __multiply
                0x0000000008005f08                __pow5mult
                0x0000000008005fa0                __lshift
                0x000000000800606c                __mcmp
                0x00000000080060a4                __mdiff
                0x00000000080061cc                __ulp
                0x000000000800621c                __b2d
                0x00000000080062d4                __d2b
                0x00000000080063a8                __ratio
                0x0000000008006408                _mprec_log10
                0x0000000008006448                __copybits
                0x0000000008006490                __any_on
 .text          0x00000000080064e8      0x36c /usr/lib/gcc/arm-none-eabi/9.2.1/../../../arm-none-eabi/lib/thumb/v7e-m+fp/hard/libc.a(lib_a-reallocr.o)
                0x00000000080064e8                _realloc_r
 .text          0x0000000008006854       0x90 /usr/lib/gcc/arm-none-eabi/9.2.1/../../../arm-none-eabi/lib/thumb/v7e-m+fp/hard/libc.a(lib_a-stdio.o)
                0x0000000008006854                __sread
                0x0000000008006878                __seofread
                0x000000000800687c                __swrite
                0x00000000080068bc                __sseek
                0x00000000080068dc                __sclose
 .text          0x00000000080068e4      0xd00 /usr/lib/gcc/arm-none-eabi/9.2.1/../../../arm-none-eabi/lib/thumb/v7e-m+fp/hard/libc.a(lib_a-vfiprintf.o)
                0x000000000800695c                __sprint_r
                0x0000000008006970                _vfiprintf_r
                0x0000000008007560                vfiprintf
 .text          0x00000000080075e4       0x2c /usr/lib/gcc/arm-none-eabi/9.2.1/../../../arm-none-eabi/lib/thumb/v7e-m+fp/hard/libc.a(lib_a-writer.o)
                0x00000000080075e4                _write_r
 .text          0x0000000008007610       0x48 /usr/lib/gcc/arm-none-eabi/9.2.1/../../../arm-none-eabi/lib/thumb/v7e-m+fp/hard/libc.a(lib_a-assert.o)
                0x0000000008007610                __assert_func
                0x000000000800764c                __assert
 .text          0x0000000008007658       0x60 /usr/lib/gcc/arm-none-eabi/9.2.1/../../../arm-none-eabi/lib/thumb/v7e-m+fp/hard/libc.a(lib_a-callocr.o)
                0x0000000008007658                _calloc_r
 .text          0x00000000080076b8       0x24 /usr/lib/gcc/arm-none-eabi/9.2.1/../../../arm-none-eabi/lib/thumb/v7e-m+fp/hard/libc.a(lib_a-closer.o)
                0x00000000080076b8                _close_r
 .text          0x00000000080076dc       0x98 /usr/lib/gcc/arm-none-eabi/9.2.1/../../../arm-none-eabi/lib/thumb/v7e-m+fp/hard/libc.a(lib_a-fclose.o)
                0x00000000080076dc                _fclose_r
                0x0000000008007764                fclose
 .text          0x0000000008007774       0x44 /usr/lib/gcc/arm-none-eabi/9.2.1/../../../arm-none-eabi/lib/thumb/v7e-m+fp/hard/libc.a(lib_a-fiprintf.o)
                0x0000000008007774                _fiprintf_r
                0x0000000008007790                fiprintf
 .text          0x00000000080077b8      0x110 /usr/lib/gcc/arm-none-eabi/9.2.1/../../../arm-none-eabi/lib/thumb/v7e-m+fp/hard/libc.a(lib_a-fputwc.o)
                0x00000000080077b8                __fputwc
                0x0000000008007860                _fputwc_r
                0x0000000008007888                fputwc
 .text          0x00000000080078c8       0x28 /usr/lib/gcc/arm-none-eabi/9.2.1/../../../arm-none-eabi/lib/thumb/v7e-m+fp/hard/libc.a(lib_a-fstatr.o)
                0x00000000080078c8                _fstat_r
 .text          0x00000000080078f0       0x24 /usr/lib/gcc/arm-none-eabi/9.2.1/../../../arm-none-eabi/lib/thumb/v7e-m+fp/hard/libc.a(lib_a-isattyr.o)
                0x00000000080078f0                _isatty_r
 .text          0x0000000008007914       0x5c /usr/lib/gcc/arm-none-eabi/9.2.1/../../../arm-none-eabi/lib/thumb/v7e-m+fp/hard/libc.a(lib_a-locale.o)
                0x0000000008007914                _setlocale_r
                0x0000000008007954                __locale_mb_cur_max
                0x0000000008007960                setlocale
 .text          0x0000000008007970       0x2c /usr/lib/gcc/arm-none-eabi/9.2.1/../../../arm-none-eabi/lib/thumb/v7e-m+fp/hard/libc.a(lib_a-lseekr.o)
                0x0000000008007970                _lseek_r
 .text          0x000000000800799c       0x40 /usr/lib/gcc/arm-none-eabi/9.2.1/../../../arm-none-eabi/lib/thumb/v7e-m+fp/hard/libc.a(lib_a-mbtowc_r.o)
                0x000000000800799c                _mbtowc_r
                0x00000000080079b0                __ascii_mbtowc
 .text          0x00000000080079dc       0x2c /usr/lib/gcc/arm-none-eabi/9.2.1/../../../arm-none-eabi/lib/thumb/v7e-m+fp/hard/libc.a(lib_a-readr.o)
                0x00000000080079dc                _read_r
 *fill*         0x0000000008007a08       0x18 
 .text          0x0000000008007a20      0x2dc /usr/lib/gcc/arm-none-eabi/9.2.1/../../../arm-none-eabi/lib/thumb/v7e-m+fp/hard/libc.a(lib_a-strcmp.o)
                0x0000000008007a28                strcmp
 .text          0x0000000008007cfc       0xc0 /usr/lib/gcc/arm-none-eabi/9.2.1/../../../arm-none-eabi/lib/thumb/v7e-m+fp/hard/libc.a(lib_a-wbuf.o)
                0x0000000008007cfc                __swbuf_r
                0x0000000008007dac                __swbuf
 .text          0x0000000008007dbc       0x7c /usr/lib/gcc/arm-none-eabi/9.2.1/../../../arm-none-eabi/lib/thumb/v7e-m+fp/hard/libc.a(lib_a-wcrtomb.o)
                0x0000000008007dbc                _wcrtomb_r
                0x0000000008007df0                wcrtomb
 .text          0x0000000008007e38       0x30 /usr/lib/gcc/arm-none-eabi/9.2.1/../../../arm-none-eabi/lib/thumb/v7e-m+fp/hard/libc.a(lib_a-wctomb_r.o)
                0x0000000008007e38                _wctomb_r
                0x0000000008007e4c                __ascii_wctomb
 .text          0x0000000008007e68      0x378 /usr/lib/gcc/arm-none-eabi/9.2.1/thumb/v7e-m+fp/hard/libgcc.a(_arm_addsubdf3.o)
                0x0000000008007e68                __aeabi_drsub
                0x0000000008007e70                __aeabi_dsub
                0x0000000008007e70                __subdf3
                0x0000000008007e74                __adddf3
                0x0000000008007e74                __aeabi_dadd
                0x00000000080080ec                __aeabi_ui2d
                0x00000000080080ec                __floatunsidf
                0x000000000800810c                __floatsidf
                0x000000000800810c                __aeabi_i2d
                0x0000000008008130                __extendsfdf2
                0x0000000008008130                __aeabi_f2d
                0x0000000008008174                __aeabi_ul2d
                0x0000000008008174                __floatundidf
                0x0000000008008184                __floatdidf
                0x0000000008008184                __aeabi_l2d
 .text          0x00000000080081e0      0x424 /usr/lib/gcc/arm-none-eabi/9.2.1/thumb/v7e-m+fp/hard/libgcc.a(_arm_muldivdf3.o)
                0x00000000080081e0                __aeabi_dmul
                0x00000000080081e0                __muldf3
                0x0000000008008434                __aeabi_ddiv
                0x0000000008008434                __divdf3
 .text          0x0000000008008604      0x110 /usr/lib/gcc/arm-none-eabi/9.2.1/thumb/v7e-m+fp/hard/libgcc.a(_arm_cmpdf2.o)
                0x0000000008008604                __gtdf2
                0x0000000008008604                __gedf2
                0x000000000800860c                __ltdf2
                0x000000000800860c                __ledf2
                0x0000000008008614                __cmpdf2
                0x0000000008008614                __eqdf2
                0x0000000008008614                __nedf2
                0x0000000008008690                __aeabi_cdrcmple
                0x00000000080086a0                __aeabi_cdcmple
                0x00000000080086a0                __aeabi_cdcmpeq
                0x00000000080086b0                __aeabi_dcmpeq
                0x00000000080086c4                __aeabi_dcmplt
                0x00000000080086d8                __aeabi_dcmple
                0x00000000080086ec                __aeabi_dcmpge
                0x0000000008008700                __aeabi_dcmpgt
 .text          0x0000000008008714       0x2c /usr/lib/gcc/arm-none-eabi/9.2.1/thumb/v7e-m+fp/hard/libgcc.a(_arm_unorddf2.o)
                0x0000000008008714                __aeabi_dcmpun
                0x0000000008008714                __unorddf2
 .text          0x0000000008008740       0x50 /usr/lib/gcc/arm-none-eabi/9.2.1/thumb/v7e-m+fp/hard/libgcc.a(_arm_fixdfsi.o)
                0x0000000008008740                __fixdfsi
                0x0000000008008740                __aeabi_d2iz
 .text          0x0000000008008790       0x30 /usr/lib/gcc/arm-none-eabi/9.2.1/thumb/v7e-m+fp/hard/libgcc.a(_aeabi_uldivmod.o)
                0x0000000008008790                __aeabi_uldivmod
 .text          0x00000000080087c0      0x2c4 /usr/lib/gcc/arm-none-eabi/9.2.1/thumb/v7e-m+fp/hard/libgcc.a(_udivmoddi4.o)
                0x00000000080087c0                __udivmoddi4
 .text          0x0000000008008a84        0x4 /usr/lib/gcc/arm-none-eabi/9.2.1/thumb/v7e-m+fp/hard/libgcc.a(_dvmd_tls.o)
                0x0000000008008a84                __aeabi_ldiv0
                0x0000000008008a84                __aeabi_idiv0
 .text          0x0000000008008a88       0x10 /usr/lib/gcc/arm-none-eabi/9.2.1/../../../arm-none-eabi/lib/thumb/v7e-m+fp/hard/libnosys.a(close.o)
                0x0000000008008a88                _close
 .text          0x0000000008008a98       0x10 /usr/lib/gcc/arm-none-eabi/9.2.1/../../../arm-none-eabi/lib/thumb/v7e-m+fp/hard/libnosys.a(fstat.o)
                0x0000000008008a98                _fstat
 .text          0x0000000008008aa8       0x10 /usr/lib/gcc/arm-none-eabi/9.2.1/../../../arm-none-eabi/lib/thumb/v7e-m+fp/hard/libnosys.a(getpid.o)
                0x0000000008008aa8                _getpid
 .text          0x0000000008008ab8       0x10 /usr/lib/gcc/arm-none-eabi/9.2.1/../../../arm-none-eabi/lib/thumb/v7e-m+fp/hard/libnosys.a(isatty.o)
                0x0000000008008ab8                _isatty
 .text          0x0000000008008ac8       0x10 /usr/lib/gcc/arm-none-eabi/9.2.1/../../../arm-none-eabi/lib/thumb/v7e-m+fp/hard/libnosys.a(kill.o)
                0x0000000008008ac8                _kill
 .text          0x0000000008008ad8       0x10 /usr/lib/gcc/arm-none-eabi/9.2.1/../../../arm-none-eabi/lib/thumb/v7e-m+fp/hard/libnosys.a(lseek.o)
                0x0000000008008ad8                _lseek
 .text          0x0000000008008ae8       0x10 /usr/lib/gcc/arm-none-eabi/9.2.1/../../../arm-none-eabi/lib/thumb/v7e-m+fp/hard/libnosys.a(read.o)
                0x0000000008008ae8                _read
 .text          0x0000000008008af8       0x1c /usr/lib/gcc/arm-none-eabi/9.2.1/../../../arm-none-eabi/lib/thumb/v7e-m+fp/hard/libnosys.a(sbrk.o)
                0x0000000008008af8                _sbrk
 .text          0x0000000008008b14       0x10 /usr/lib/gcc/arm-none-eabi/9.2.1/../../../arm-none-eabi/lib/thumb/v7e-m+fp/hard/libnosys.a(write.o)
                0x0000000008008b14                _write
 .text          0x0000000008008b24        0x4 /usr/lib/gcc/arm-none-eabi/9.2.1/../../../arm-none-eabi/lib/thumb/v7e-m+fp/hard/libnosys.a(_exit.o)
                0x0000000008008b24                _exit
                0x0000000008008b28                . = ALIGN (0x4)
 *(.rodata*)
 .rodata.i2c_ctx_senddata.str1.1
                0x0000000008008b28       0x45 i2c_ctx.o
 .rodata.i2c_ctx_getdata.str1.1
                0x0000000008008b6d       0x14 i2c_ctx.o
 .rodata.str1.1
                0x0000000008008b81       0x26 i2c-stm32f7-usb.o
 .rodata.config
                0x0000000008008ba7        0xd i2c-stm32f7-usb.o
 .rodata.dev    0x0000000008008bb4       0x12 i2c-stm32f7-usb.o
 .rodata.i2c_endpoint
                0x0000000008008bc6        0xf i2c-stm32f7-usb.o
                0x0000000008008bc6                i2c_endpoint
 .rodata.i2c_iface
                0x0000000008008bd5       0x15 i2c-stm32f7-usb.o
                0x0000000008008bd5                i2c_iface
 *fill*         0x0000000008008bea        0x2 
 .rodata.ifaces
                0x0000000008008bec       0x10 i2c-stm32f7-usb.o
                0x0000000008008bec                ifaces
 .rodata.rcc_3v3
                0x0000000008008bfc       0xa8 ../../libopencm3//lib/libopencm3_stm32f7.a(rcc.o)
                0x0000000008008bfc                rcc_3v3
 .rodata.stm32f107_usb_driver
                0x0000000008008ca4       0x34 ../../libopencm3//lib/libopencm3_stm32f7.a(usb_f107.o)
                0x0000000008008ca4                stm32f107_usb_driver
 .rodata        0x0000000008008cd8        0x4 /usr/lib/gcc/arm-none-eabi/9.2.1/../../../arm-none-eabi/lib/thumb/v7e-m+fp/hard/libc.a(lib_a-impure.o)
                0x0000000008008cd8                _global_impure_ptr
 .rodata.str1.4
                0x0000000008008cdc        0x2 /usr/lib/gcc/arm-none-eabi/9.2.1/../../../arm-none-eabi/lib/thumb/v7e-m+fp/hard/libc.a(lib_a-puts.o)
 *fill*         0x0000000008008cde        0x2 
 .rodata        0x0000000008008ce0       0x20 /usr/lib/gcc/arm-none-eabi/9.2.1/../../../arm-none-eabi/lib/thumb/v7e-m+fp/hard/libc.a(lib_a-vfprintf.o)
 .rodata.str1.4
                0x0000000008008d00       0x42 /usr/lib/gcc/arm-none-eabi/9.2.1/../../../arm-none-eabi/lib/thumb/v7e-m+fp/hard/libc.a(lib_a-vfprintf.o)
 *fill*         0x0000000008008d42        0x2 
 .rodata.str1.4
                0x0000000008008d44       0x56 /usr/lib/gcc/arm-none-eabi/9.2.1/../../../arm-none-eabi/lib/thumb/v7e-m+fp/hard/libc.a(lib_a-dtoa.o)
                                         0x5a (size before relaxing)
 *fill*         0x0000000008008d9a        0x6 
 .rodata        0x0000000008008da0      0x128 /usr/lib/gcc/arm-none-eabi/9.2.1/../../../arm-none-eabi/lib/thumb/v7e-m+fp/hard/libc.a(lib_a-mprec.o)
                0x0000000008008db0                __mprec_tens
                0x0000000008008e78                __mprec_tinytens
                0x0000000008008ea0                __mprec_bigtens
 .rodata.str1.4
                0x0000000008008ec8       0x33 /usr/lib/gcc/arm-none-eabi/9.2.1/../../../arm-none-eabi/lib/thumb/v7e-m+fp/hard/libc.a(lib_a-mprec.o)
                                         0x47 (size before relaxing)
 *fill*         0x0000000008008efb        0x1 
 .rodata        0x0000000008008efc       0x20 /usr/lib/gcc/arm-none-eabi/9.2.1/../../../arm-none-eabi/lib/thumb/v7e-m+fp/hard/libc.a(lib_a-vfiprintf.o)
 .rodata.str1.4
                0x0000000008008f1c       0x2f /usr/lib/gcc/arm-none-eabi/9.2.1/../../../arm-none-eabi/lib/thumb/v7e-m+fp/hard/libc.a(lib_a-vfiprintf.o)
 .rodata.str1.4
                0x0000000008008f1c       0x3f /usr/lib/gcc/arm-none-eabi/9.2.1/../../../arm-none-eabi/lib/thumb/v7e-m+fp/hard/libc.a(lib_a-assert.o)
                                         0x43 (size before relaxing)
 *fill*         0x0000000008008f5b        0x1 
 .rodata.str1.4
                0x0000000008008f5c        0xe /usr/lib/gcc/arm-none-eabi/9.2.1/../../../arm-none-eabi/lib/thumb/v7e-m+fp/hard/libc.a(lib_a-locale.o)
                                         0x12 (size before relaxing)
 *fill*         0x0000000008008f6a        0x2 
 .rodata        0x0000000008008f6c      0x101 /usr/lib/gcc/arm-none-eabi/9.2.1/../../../arm-none-eabi/lib/thumb/v7e-m+fp/hard/libc.a(lib_a-ctype_.o)
                0x0000000008008f6c                _ctype_
                0x0000000008009070                . = ALIGN (0x4)
 *fill*         0x000000000800906d        0x3 

.glue_7         0x0000000008009070        0x0
 .glue_7        0x0000000008009070        0x0 linker stubs

.glue_7t        0x0000000008009070        0x0
 .glue_7t       0x0000000008009070        0x0 linker stubs

.vfp11_veneer   0x0000000008009070        0x0
 .vfp11_veneer  0x0000000008009070        0x0 linker stubs

.v4_bx          0x0000000008009070        0x0
 .v4_bx         0x0000000008009070        0x0 linker stubs

.iplt           0x0000000008009070        0x0
 .iplt          0x0000000008009070        0x0 i2c_ctx.o

.preinit_array  0x0000000008009070        0x0
                0x0000000008009070                . = ALIGN (0x4)
                0x0000000008009070                __preinit_array_start = .
 *(.preinit_array)
                0x0000000008009070                __preinit_array_end = .

.init_array     0x0000000008009070        0x0
                0x0000000008009070                . = ALIGN (0x4)
                0x0000000008009070                __init_array_start = .
 *(SORT_BY_NAME(.init_array.*))
 *(.init_array)
                0x0000000008009070                __init_array_end = .

.fini_array     0x0000000008009070        0x0
                0x0000000008009070                . = ALIGN (0x4)
                0x0000000008009070                __fini_array_start = .
 *(.fini_array)
 *(SORT_BY_NAME(.fini_array.*))
                0x0000000008009070                __fini_array_end = .

.ARM.extab
 *(.ARM.extab*)

.ARM.exidx      0x0000000008009070        0x8
                0x0000000008009070                __exidx_start = .
 *(.ARM.exidx*)
 .ARM.exidx     0x0000000008009070        0x8 /usr/lib/gcc/arm-none-eabi/9.2.1/thumb/v7e-m+fp/hard/libgcc.a(_udivmoddi4.o)
                0x0000000008009078                __exidx_end = .

.rel.dyn        0x0000000008009078        0x0
 .rel.iplt      0x0000000008009078        0x0 i2c_ctx.o
                0x0000000008009078                . = ALIGN (0x4)
                0x0000000008009078                _etext = .

.noinit
 *(.noinit*)
                0x0000000008009078                . = ALIGN (0x4)

.data           0x0000000020000000      0xa04 load address 0x0000000008009078
                0x0000000020000000                _data = .
 *(.data*)
 .data.kernel   0x0000000020000000       0x34 fibre.o
 .data.usb_strings
                0x0000000020000034        0x8 i2c-stm32f7-usb.o
 .data.usb_task
                0x000000002000003c       0x10 i2c-stm32f7-usb.o
 .data.rcc_ahb_frequency
                0x000000002000004c        0x4 ../../libopencm3//lib/libopencm3_stm32f7.a(rcc.o)
                0x000000002000004c                rcc_ahb_frequency
 .data.rcc_apb1_frequency
                0x0000000020000050        0x4 ../../libopencm3//lib/libopencm3_stm32f7.a(rcc.o)
                0x0000000020000050                rcc_apb1_frequency
 .data.rcc_apb2_frequency
                0x0000000020000054        0x4 ../../libopencm3//lib/libopencm3_stm32f7.a(rcc.o)
                0x0000000020000054                rcc_apb2_frequency
 .data          0x0000000020000058      0x430 /usr/lib/gcc/arm-none-eabi/9.2.1/../../../arm-none-eabi/lib/thumb/v7e-m+fp/hard/libc.a(lib_a-impure.o)
                0x0000000020000058                _impure_ptr
 .data          0x0000000020000488      0x410 /usr/lib/gcc/arm-none-eabi/9.2.1/../../../arm-none-eabi/lib/thumb/v7e-m+fp/hard/libc.a(lib_a-mallocr.o)
                0x0000000020000488                __malloc_av_
                0x0000000020000890                __malloc_sbrk_base
                0x0000000020000894                __malloc_trim_threshold
 .data          0x0000000020000898      0x16c /usr/lib/gcc/arm-none-eabi/9.2.1/../../../arm-none-eabi/lib/thumb/v7e-m+fp/hard/libc.a(lib_a-locale.o)
                0x0000000020000898                __global_locale
 *(.ramtext*)
                0x0000000020000a04                . = ALIGN (0x4)
                0x0000000020000a04                _edata = .
                0x0000000008009078                _data_loadaddr = LOADADDR (.data)

.igot.plt       0x0000000020000a04        0x0 load address 0x0000000008009a7c
 .igot.plt      0x0000000020000a04        0x0 i2c_ctx.o

.bss            0x0000000020000a08      0x238 load address 0x0000000008009a7c
 *(.bss*)
 .bss.i2caddr   0x0000000020000a08        0x2 i2c_ctx.o
                0x0000000020000a08                i2caddr
 *fill*         0x0000000020000a0a        0x2 
 .bss.atomic_runq_buf
                0x0000000020000a0c       0x20 fibre.o
 *fill*         0x0000000020000a2c        0x4 
 .bss.sys_tick_counter
                0x0000000020000a30        0x8 time_libopencm3.o
 .bss.reply_buf.8495
                0x0000000020000a38       0x40 i2c-stm32f7-usb.o
 .bss.status    0x0000000020000a78        0x1 i2c-stm32f7-usb.o
 .bss.usbd_control_buffer
                0x0000000020000a79       0x80 i2c-stm32f7-usb.o
                0x0000000020000a79                usbd_control_buffer
 *fill*         0x0000000020000af9        0x3 
 .bss.usbd_dev  0x0000000020000afc        0x4 i2c-stm32f7-usb.o
 .bss.usbd_dev  0x0000000020000b00      0x104 ../../libopencm3//lib/libopencm3_stm32f7.a(usb_f107.o)
 .bss           0x0000000020000c04       0x34 /usr/lib/gcc/arm-none-eabi/9.2.1/../../../arm-none-eabi/lib/thumb/v7e-m+fp/hard/libc.a(lib_a-mallocr.o)
                0x0000000020000c04                __malloc_top_pad
                0x0000000020000c08                __malloc_current_mallinfo
                0x0000000020000c30                __malloc_max_sbrked_mem
                0x0000000020000c34                __malloc_max_total_mem
 .bss           0x0000000020000c38        0x4 /usr/lib/gcc/arm-none-eabi/9.2.1/../../../arm-none-eabi/lib/thumb/v7e-m+fp/hard/libnosys.a(sbrk.o)
 *(COMMON)
 COMMON         0x0000000020000c3c        0x4 /usr/lib/gcc/arm-none-eabi/9.2.1/../../../arm-none-eabi/lib/thumb/v7e-m+fp/hard/libc.a(lib_a-reent.o)
                0x0000000020000c3c                errno
                0x0000000020000c40                . = ALIGN (0x4)
                0x0000000020000c40                _ebss = .

/DISCARD/
 *(.eh_frame)
                0x0000000020000c40                . = ALIGN (0x4)
                0x0000000020000c40                end = .
                0x0000000020080000                PROVIDE (_stack = (ORIGIN (ram) + LENGTH (ram)))
OUTPUT(i2c-stm32f7-usb.elf elf32-littlearm)
LOAD linker stubs

.debug_info     0x0000000000000000    0x3fa19
 .debug_info    0x0000000000000000     0x1663 i2c_ctx.o
 .debug_info    0x0000000000001663     0x151d fibre.o
 .debug_info    0x0000000000002b80       0xd0 fibre_default.o
 .debug_info    0x0000000000002c50      0xdf4 list.o
 .debug_info    0x0000000000003a44      0xc3b messageq.o
 .debug_info    0x000000000000467f      0x155 time_libopencm3.o
 .debug_info    0x00000000000047d4      0xb15 util.o
 .debug_info    0x00000000000052e9     0x1d53 i2c-stm32f7-usb.o
 .debug_info    0x000000000000703c      0x20f ../../libopencm3//lib/libopencm3_stm32f7.a(gpio_common_f0234.o)
 .debug_info    0x000000000000724b      0xfed ../../libopencm3//lib/libopencm3_stm32f7.a(i2c_common_v2.o)
 .debug_info    0x0000000000008238     0x11be ../../libopencm3//lib/libopencm3_stm32f7.a(rcc.o)
 .debug_info    0x00000000000093f6      0xaae ../../libopencm3//lib/libopencm3_stm32f7.a(rcc_common_all.o)
 .debug_info    0x0000000000009ea4     0x1826 ../../libopencm3//lib/libopencm3_stm32f7.a(usb.o)
 .debug_info    0x000000000000b6ca     0x1fc7 ../../libopencm3//lib/libopencm3_stm32f7.a(usb_standard.o)
 .debug_info    0x000000000000d691     0x18cc ../../libopencm3//lib/libopencm3_stm32f7.a(usb_control.o)
 .debug_info    0x000000000000ef5d     0x18e3 ../../libopencm3//lib/libopencm3_stm32f7.a(usb_f107.o)
 .debug_info    0x0000000000010840     0x17d1 ../../libopencm3//lib/libopencm3_stm32f7.a(usb_dwc_common.o)
 .debug_info    0x0000000000012011      0x2e6 ../../libopencm3//lib/libopencm3_stm32f7.a(vector.o)
 .debug_info    0x00000000000122f7      0x268 ../../libopencm3//lib/libopencm3_stm32f7.a(systick.o)
 .debug_info    0x000000000001255f       0xf0 ../../libopencm3//lib/libopencm3_stm32f7.a(flash_common_all.o)
 .debug_info    0x000000000001264f      0x15b ../../libopencm3//lib/libopencm3_stm32f7.a(flash.o)
 .debug_info    0x00000000000127aa       0xe7 ../../libopencm3//lib/libopencm3_stm32f7.a(pwr.o)
 .debug_info    0x0000000000012891      0x9b5 /usr/lib/gcc/arm-none-eabi/9.2.1/../../../arm-none-eabi/lib/thumb/v7e-m+fp/hard/libc.a(lib_a-abort.o)
 .debug_info    0x0000000000013246      0x92a /usr/lib/gcc/arm-none-eabi/9.2.1/../../../arm-none-eabi/lib/thumb/v7e-m+fp/hard/libc.a(lib_a-impure.o)
 .debug_info    0x0000000000013b70      0xf41 /usr/lib/gcc/arm-none-eabi/9.2.1/../../../arm-none-eabi/lib/thumb/v7e-m+fp/hard/libc.a(lib_a-mallocr.o)
 .debug_info    0x0000000000014ab1       0x26 /usr/lib/gcc/arm-none-eabi/9.2.1/../../../arm-none-eabi/lib/thumb/v7e-m+fp/hard/libc.a(lib_a-memcpy.o)
 .debug_info    0x0000000000014ad7      0xf21 /usr/lib/gcc/arm-none-eabi/9.2.1/../../../arm-none-eabi/lib/thumb/v7e-m+fp/hard/libc.a(lib_a-memset.o)
 .debug_info    0x00000000000159f8      0x961 /usr/lib/gcc/arm-none-eabi/9.2.1/../../../arm-none-eabi/lib/thumb/v7e-m+fp/hard/libc.a(lib_a-mlock.o)
 .debug_info    0x0000000000016359      0xc35 /usr/lib/gcc/arm-none-eabi/9.2.1/../../../arm-none-eabi/lib/thumb/v7e-m+fp/hard/libc.a(lib_a-printf.o)
 .debug_info    0x0000000000016f8e      0xce5 /usr/lib/gcc/arm-none-eabi/9.2.1/../../../arm-none-eabi/lib/thumb/v7e-m+fp/hard/libc.a(lib_a-puts.o)
 .debug_info    0x0000000000017c73      0x9fb /usr/lib/gcc/arm-none-eabi/9.2.1/../../../arm-none-eabi/lib/thumb/v7e-m+fp/hard/libc.a(lib_a-sbrkr.o)
 .debug_info    0x000000000001866e      0xd5c /usr/lib/gcc/arm-none-eabi/9.2.1/../../../arm-none-eabi/lib/thumb/v7e-m+fp/hard/libc.a(lib_a-signal.o)
 .debug_info    0x00000000000193ca      0xa44 /usr/lib/gcc/arm-none-eabi/9.2.1/../../../arm-none-eabi/lib/thumb/v7e-m+fp/hard/libc.a(lib_a-signalr.o)
 .debug_info    0x0000000000019e0e       0x26 /usr/lib/gcc/arm-none-eabi/9.2.1/../../../arm-none-eabi/lib/thumb/v7e-m+fp/hard/libc.a(lib_a-strlen.o)
 .debug_info    0x0000000000019e34     0x209a /usr/lib/gcc/arm-none-eabi/9.2.1/../../../arm-none-eabi/lib/thumb/v7e-m+fp/hard/libc.a(lib_a-vfprintf.o)
 .debug_info    0x000000000001bece      0xbf3 /usr/lib/gcc/arm-none-eabi/9.2.1/../../../arm-none-eabi/lib/thumb/v7e-m+fp/hard/libc.a(lib_a-wsetup.o)
 .debug_info    0x000000000001cac1     0x1acf /usr/lib/gcc/arm-none-eabi/9.2.1/../../../arm-none-eabi/lib/thumb/v7e-m+fp/hard/libc.a(lib_a-dtoa.o)
 .debug_info    0x000000000001e590      0xd73 /usr/lib/gcc/arm-none-eabi/9.2.1/../../../arm-none-eabi/lib/thumb/v7e-m+fp/hard/libc.a(lib_a-fflush.o)
 .debug_info    0x000000000001f303     0x1143 /usr/lib/gcc/arm-none-eabi/9.2.1/../../../arm-none-eabi/lib/thumb/v7e-m+fp/hard/libc.a(lib_a-findfp.o)
 .debug_info    0x0000000000020446      0xdc4 /usr/lib/gcc/arm-none-eabi/9.2.1/../../../arm-none-eabi/lib/thumb/v7e-m+fp/hard/libc.a(lib_a-freer.o)
 .debug_info    0x000000000002120a      0xeed /usr/lib/gcc/arm-none-eabi/9.2.1/../../../arm-none-eabi/lib/thumb/v7e-m+fp/hard/libc.a(lib_a-fvwrite.o)
 .debug_info    0x00000000000220f7      0xca4 /usr/lib/gcc/arm-none-eabi/9.2.1/../../../arm-none-eabi/lib/thumb/v7e-m+fp/hard/libc.a(lib_a-fwalk.o)
 .debug_info    0x0000000000022d9b      0xf49 /usr/lib/gcc/arm-none-eabi/9.2.1/../../../arm-none-eabi/lib/thumb/v7e-m+fp/hard/libc.a(lib_a-localeconv.o)
 .debug_info    0x0000000000023ce4      0xf69 /usr/lib/gcc/arm-none-eabi/9.2.1/../../../arm-none-eabi/lib/thumb/v7e-m+fp/hard/libc.a(lib_a-makebuf.o)
 .debug_info    0x0000000000024c4d       0x26 /usr/lib/gcc/arm-none-eabi/9.2.1/../../../arm-none-eabi/lib/thumb/v7e-m+fp/hard/libc.a(lib_a-memchr.o)
 .debug_info    0x0000000000024c73      0xf2b /usr/lib/gcc/arm-none-eabi/9.2.1/../../../arm-none-eabi/lib/thumb/v7e-m+fp/hard/libc.a(lib_a-memmove.o)
 .debug_info    0x0000000000025b9e     0x228d /usr/lib/gcc/arm-none-eabi/9.2.1/../../../arm-none-eabi/lib/thumb/v7e-m+fp/hard/libc.a(lib_a-mprec.o)
 .debug_info    0x0000000000027e2b      0xefd /usr/lib/gcc/arm-none-eabi/9.2.1/../../../arm-none-eabi/lib/thumb/v7e-m+fp/hard/libc.a(lib_a-reallocr.o)
 .debug_info    0x0000000000028d28      0xac5 /usr/lib/gcc/arm-none-eabi/9.2.1/../../../arm-none-eabi/lib/thumb/v7e-m+fp/hard/libc.a(lib_a-reent.o)
 .debug_info    0x00000000000297ed      0xe67 /usr/lib/gcc/arm-none-eabi/9.2.1/../../../arm-none-eabi/lib/thumb/v7e-m+fp/hard/libc.a(lib_a-stdio.o)
 .debug_info    0x000000000002a654     0x1eb6 /usr/lib/gcc/arm-none-eabi/9.2.1/../../../arm-none-eabi/lib/thumb/v7e-m+fp/hard/libc.a(lib_a-vfiprintf.o)
 .debug_info    0x000000000002c50a      0xa2c /usr/lib/gcc/arm-none-eabi/9.2.1/../../../arm-none-eabi/lib/thumb/v7e-m+fp/hard/libc.a(lib_a-writer.o)
 .debug_info    0x000000000002cf36      0xa41 /usr/lib/gcc/arm-none-eabi/9.2.1/../../../arm-none-eabi/lib/thumb/v7e-m+fp/hard/libc.a(lib_a-assert.o)
 .debug_info    0x000000000002d977      0xc2f /usr/lib/gcc/arm-none-eabi/9.2.1/../../../arm-none-eabi/lib/thumb/v7e-m+fp/hard/libc.a(lib_a-callocr.o)
 .debug_info    0x000000000002e5a6      0x9d8 /usr/lib/gcc/arm-none-eabi/9.2.1/../../../arm-none-eabi/lib/thumb/v7e-m+fp/hard/libc.a(lib_a-closer.o)
 .debug_info    0x000000000002ef7e      0xcd5 /usr/lib/gcc/arm-none-eabi/9.2.1/../../../arm-none-eabi/lib/thumb/v7e-m+fp/hard/libc.a(lib_a-fclose.o)
 .debug_info    0x000000000002fc53      0xa71 /usr/lib/gcc/arm-none-eabi/9.2.1/../../../arm-none-eabi/lib/thumb/v7e-m+fp/hard/libc.a(lib_a-fiprintf.o)
 .debug_info    0x00000000000306c4      0xe4a /usr/lib/gcc/arm-none-eabi/9.2.1/../../../arm-none-eabi/lib/thumb/v7e-m+fp/hard/libc.a(lib_a-fputwc.o)
 .debug_info    0x000000000003150e      0xc24 /usr/lib/gcc/arm-none-eabi/9.2.1/../../../arm-none-eabi/lib/thumb/v7e-m+fp/hard/libc.a(lib_a-fstatr.o)
 .debug_info    0x0000000000032132      0x9d8 /usr/lib/gcc/arm-none-eabi/9.2.1/../../../arm-none-eabi/lib/thumb/v7e-m+fp/hard/libc.a(lib_a-isattyr.o)
 .debug_info    0x0000000000032b0a     0x10ca /usr/lib/gcc/arm-none-eabi/9.2.1/../../../arm-none-eabi/lib/thumb/v7e-m+fp/hard/libc.a(lib_a-locale.o)
 .debug_info    0x0000000000033bd4      0xa0d /usr/lib/gcc/arm-none-eabi/9.2.1/../../../arm-none-eabi/lib/thumb/v7e-m+fp/hard/libc.a(lib_a-lseekr.o)
 .debug_info    0x00000000000345e1     0x1044 /usr/lib/gcc/arm-none-eabi/9.2.1/../../../arm-none-eabi/lib/thumb/v7e-m+fp/hard/libc.a(lib_a-mbtowc_r.o)
 .debug_info    0x0000000000035625      0xa25 /usr/lib/gcc/arm-none-eabi/9.2.1/../../../arm-none-eabi/lib/thumb/v7e-m+fp/hard/libc.a(lib_a-readr.o)
 .debug_info    0x000000000003604a       0x26 /usr/lib/gcc/arm-none-eabi/9.2.1/../../../arm-none-eabi/lib/thumb/v7e-m+fp/hard/libc.a(lib_a-strcmp.o)
 .debug_info    0x0000000000036070      0xc90 /usr/lib/gcc/arm-none-eabi/9.2.1/../../../arm-none-eabi/lib/thumb/v7e-m+fp/hard/libc.a(lib_a-wbuf.o)
 .debug_info    0x0000000000036d00     0x10b3 /usr/lib/gcc/arm-none-eabi/9.2.1/../../../arm-none-eabi/lib/thumb/v7e-m+fp/hard/libc.a(lib_a-wcrtomb.o)
 .debug_info    0x0000000000037db3      0xffd /usr/lib/gcc/arm-none-eabi/9.2.1/../../../arm-none-eabi/lib/thumb/v7e-m+fp/hard/libc.a(lib_a-wctomb_r.o)
 .debug_info    0x0000000000038db0      0xe91 /usr/lib/gcc/arm-none-eabi/9.2.1/../../../arm-none-eabi/lib/thumb/v7e-m+fp/hard/libc.a(lib_a-ctype_.o)
 .debug_info    0x0000000000039c41       0x26 /usr/lib/gcc/arm-none-eabi/9.2.1/thumb/v7e-m+fp/hard/libgcc.a(_arm_addsubdf3.o)
 .debug_info    0x0000000000039c67       0x26 /usr/lib/gcc/arm-none-eabi/9.2.1/thumb/v7e-m+fp/hard/libgcc.a(_arm_muldivdf3.o)
 .debug_info    0x0000000000039c8d       0x26 /usr/lib/gcc/arm-none-eabi/9.2.1/thumb/v7e-m+fp/hard/libgcc.a(_arm_cmpdf2.o)
 .debug_info    0x0000000000039cb3       0x26 /usr/lib/gcc/arm-none-eabi/9.2.1/thumb/v7e-m+fp/hard/libgcc.a(_arm_unorddf2.o)
 .debug_info    0x0000000000039cd9       0x26 /usr/lib/gcc/arm-none-eabi/9.2.1/thumb/v7e-m+fp/hard/libgcc.a(_arm_fixdfsi.o)
 .debug_info    0x0000000000039cff       0x26 /usr/lib/gcc/arm-none-eabi/9.2.1/thumb/v7e-m+fp/hard/libgcc.a(_aeabi_uldivmod.o)
 .debug_info    0x0000000000039d25      0xd7c /usr/lib/gcc/arm-none-eabi/9.2.1/thumb/v7e-m+fp/hard/libgcc.a(_udivmoddi4.o)
 .debug_info    0x000000000003aaa1       0x26 /usr/lib/gcc/arm-none-eabi/9.2.1/thumb/v7e-m+fp/hard/libgcc.a(_dvmd_tls.o)
 .debug_info    0x000000000003aac7      0x96e /usr/lib/gcc/arm-none-eabi/9.2.1/../../../arm-none-eabi/lib/thumb/v7e-m+fp/hard/libnosys.a(close.o)
 .debug_info    0x000000000003b435      0xbb1 /usr/lib/gcc/arm-none-eabi/9.2.1/../../../arm-none-eabi/lib/thumb/v7e-m+fp/hard/libnosys.a(fstat.o)
 .debug_info    0x000000000003bfe6      0x959 /usr/lib/gcc/arm-none-eabi/9.2.1/../../../arm-none-eabi/lib/thumb/v7e-m+fp/hard/libnosys.a(getpid.o)
 .debug_info    0x000000000003c93f      0x96e /usr/lib/gcc/arm-none-eabi/9.2.1/../../../arm-none-eabi/lib/thumb/v7e-m+fp/hard/libnosys.a(isatty.o)
 .debug_info    0x000000000003d2ad      0x97c /usr/lib/gcc/arm-none-eabi/9.2.1/../../../arm-none-eabi/lib/thumb/v7e-m+fp/hard/libnosys.a(kill.o)
 .debug_info    0x000000000003dc29      0x990 /usr/lib/gcc/arm-none-eabi/9.2.1/../../../arm-none-eabi/lib/thumb/v7e-m+fp/hard/libnosys.a(lseek.o)
 .debug_info    0x000000000003e5b9      0x990 /usr/lib/gcc/arm-none-eabi/9.2.1/../../../arm-none-eabi/lib/thumb/v7e-m+fp/hard/libnosys.a(read.o)
 .debug_info    0x000000000003ef49       0x9d /usr/lib/gcc/arm-none-eabi/9.2.1/../../../arm-none-eabi/lib/thumb/v7e-m+fp/hard/libnosys.a(sbrk.o)
 .debug_info    0x000000000003efe6      0x990 /usr/lib/gcc/arm-none-eabi/9.2.1/../../../arm-none-eabi/lib/thumb/v7e-m+fp/hard/libnosys.a(write.o)
 .debug_info    0x000000000003f976       0xa3 /usr/lib/gcc/arm-none-eabi/9.2.1/../../../arm-none-eabi/lib/thumb/v7e-m+fp/hard/libnosys.a(_exit.o)

.debug_abbrev   0x0000000000000000     0xbf77
 .debug_abbrev  0x0000000000000000      0x424 i2c_ctx.o
 .debug_abbrev  0x0000000000000424      0x3f9 fibre.o
 .debug_abbrev  0x000000000000081d       0x64 fibre_default.o
 .debug_abbrev  0x0000000000000881      0x2db list.o
 .debug_abbrev  0x0000000000000b5c      0x285 messageq.o
 .debug_abbrev  0x0000000000000de1       0xe1 time_libopencm3.o
 .debug_abbrev  0x0000000000000ec2      0x2a6 util.o
 .debug_abbrev  0x0000000000001168      0x477 i2c-stm32f7-usb.o
 .debug_abbrev  0x00000000000015df       0xbf ../../libopencm3//lib/libopencm3_stm32f7.a(gpio_common_f0234.o)
 .debug_abbrev  0x000000000000169e      0x2a5 ../../libopencm3//lib/libopencm3_stm32f7.a(i2c_common_v2.o)
 .debug_abbrev  0x0000000000001943      0x3b2 ../../libopencm3//lib/libopencm3_stm32f7.a(rcc.o)
 .debug_abbrev  0x0000000000001cf5      0x1c5 ../../libopencm3//lib/libopencm3_stm32f7.a(rcc_common_all.o)
 .debug_abbrev  0x0000000000001eba      0x347 ../../libopencm3//lib/libopencm3_stm32f7.a(usb.o)
 .debug_abbrev  0x0000000000002201      0x5b8 ../../libopencm3//lib/libopencm3_stm32f7.a(usb_standard.o)
 .debug_abbrev  0x00000000000027b9      0x48b ../../libopencm3//lib/libopencm3_stm32f7.a(usb_control.o)
 .debug_abbrev  0x0000000000002c44      0x2cb ../../libopencm3//lib/libopencm3_stm32f7.a(usb_f107.o)
 .debug_abbrev  0x0000000000002f0f      0x445 ../../libopencm3//lib/libopencm3_stm32f7.a(usb_dwc_common.o)
 .debug_abbrev  0x0000000000003354      0x15b ../../libopencm3//lib/libopencm3_stm32f7.a(vector.o)
 .debug_abbrev  0x00000000000034af      0x155 ../../libopencm3//lib/libopencm3_stm32f7.a(systick.o)
 .debug_abbrev  0x0000000000003604       0x9a ../../libopencm3//lib/libopencm3_stm32f7.a(flash_common_all.o)
 .debug_abbrev  0x000000000000369e       0xc5 ../../libopencm3//lib/libopencm3_stm32f7.a(flash.o)
 .debug_abbrev  0x0000000000003763       0x9f ../../libopencm3//lib/libopencm3_stm32f7.a(pwr.o)
 .debug_abbrev  0x0000000000003802      0x20b /usr/lib/gcc/arm-none-eabi/9.2.1/../../../arm-none-eabi/lib/thumb/v7e-m+fp/hard/libc.a(lib_a-abort.o)
 .debug_abbrev  0x0000000000003a0d      0x1b8 /usr/lib/gcc/arm-none-eabi/9.2.1/../../../arm-none-eabi/lib/thumb/v7e-m+fp/hard/libc.a(lib_a-impure.o)
 .debug_abbrev  0x0000000000003bc5      0x321 /usr/lib/gcc/arm-none-eabi/9.2.1/../../../arm-none-eabi/lib/thumb/v7e-m+fp/hard/libc.a(lib_a-mallocr.o)
 .debug_abbrev  0x0000000000003ee6       0x14 /usr/lib/gcc/arm-none-eabi/9.2.1/../../../arm-none-eabi/lib/thumb/v7e-m+fp/hard/libc.a(lib_a-memcpy.o)
 .debug_abbrev  0x0000000000003efa      0x217 /usr/lib/gcc/arm-none-eabi/9.2.1/../../../arm-none-eabi/lib/thumb/v7e-m+fp/hard/libc.a(lib_a-memset.o)
 .debug_abbrev  0x0000000000004111      0x203 /usr/lib/gcc/arm-none-eabi/9.2.1/../../../arm-none-eabi/lib/thumb/v7e-m+fp/hard/libc.a(lib_a-mlock.o)
 .debug_abbrev  0x0000000000004314      0x2b2 /usr/lib/gcc/arm-none-eabi/9.2.1/../../../arm-none-eabi/lib/thumb/v7e-m+fp/hard/libc.a(lib_a-printf.o)
 .debug_abbrev  0x00000000000045c6      0x2c5 /usr/lib/gcc/arm-none-eabi/9.2.1/../../../arm-none-eabi/lib/thumb/v7e-m+fp/hard/libc.a(lib_a-puts.o)
 .debug_abbrev  0x000000000000488b      0x250 /usr/lib/gcc/arm-none-eabi/9.2.1/../../../arm-none-eabi/lib/thumb/v7e-m+fp/hard/libc.a(lib_a-sbrkr.o)
 .debug_abbrev  0x0000000000004adb      0x36b /usr/lib/gcc/arm-none-eabi/9.2.1/../../../arm-none-eabi/lib/thumb/v7e-m+fp/hard/libc.a(lib_a-signal.o)
 .debug_abbrev  0x0000000000004e46      0x255 /usr/lib/gcc/arm-none-eabi/9.2.1/../../../arm-none-eabi/lib/thumb/v7e-m+fp/hard/libc.a(lib_a-signalr.o)
 .debug_abbrev  0x000000000000509b       0x14 /usr/lib/gcc/arm-none-eabi/9.2.1/../../../arm-none-eabi/lib/thumb/v7e-m+fp/hard/libc.a(lib_a-strlen.o)
 .debug_abbrev  0x00000000000050af      0x466 /usr/lib/gcc/arm-none-eabi/9.2.1/../../../arm-none-eabi/lib/thumb/v7e-m+fp/hard/libc.a(lib_a-vfprintf.o)
 .debug_abbrev  0x0000000000005515      0x283 /usr/lib/gcc/arm-none-eabi/9.2.1/../../../arm-none-eabi/lib/thumb/v7e-m+fp/hard/libc.a(lib_a-wsetup.o)
 .debug_abbrev  0x0000000000005798      0x343 /usr/lib/gcc/arm-none-eabi/9.2.1/../../../arm-none-eabi/lib/thumb/v7e-m+fp/hard/libc.a(lib_a-dtoa.o)
 .debug_abbrev  0x0000000000005adb      0x322 /usr/lib/gcc/arm-none-eabi/9.2.1/../../../arm-none-eabi/lib/thumb/v7e-m+fp/hard/libc.a(lib_a-fflush.o)
 .debug_abbrev  0x0000000000005dfd      0x425 /usr/lib/gcc/arm-none-eabi/9.2.1/../../../arm-none-eabi/lib/thumb/v7e-m+fp/hard/libc.a(lib_a-findfp.o)
 .debug_abbrev  0x0000000000006222      0x2c9 /usr/lib/gcc/arm-none-eabi/9.2.1/../../../arm-none-eabi/lib/thumb/v7e-m+fp/hard/libc.a(lib_a-freer.o)
 .debug_abbrev  0x00000000000064eb      0x2ae /usr/lib/gcc/arm-none-eabi/9.2.1/../../../arm-none-eabi/lib/thumb/v7e-m+fp/hard/libc.a(lib_a-fvwrite.o)
 .debug_abbrev  0x0000000000006799      0x24e /usr/lib/gcc/arm-none-eabi/9.2.1/../../../arm-none-eabi/lib/thumb/v7e-m+fp/hard/libc.a(lib_a-fwalk.o)
 .debug_abbrev  0x00000000000069e7      0x27d /usr/lib/gcc/arm-none-eabi/9.2.1/../../../arm-none-eabi/lib/thumb/v7e-m+fp/hard/libc.a(lib_a-localeconv.o)
 .debug_abbrev  0x0000000000006c64      0x334 /usr/lib/gcc/arm-none-eabi/9.2.1/../../../arm-none-eabi/lib/thumb/v7e-m+fp/hard/libc.a(lib_a-makebuf.o)
 .debug_abbrev  0x0000000000006f98       0x14 /usr/lib/gcc/arm-none-eabi/9.2.1/../../../arm-none-eabi/lib/thumb/v7e-m+fp/hard/libc.a(lib_a-memchr.o)
 .debug_abbrev  0x0000000000006fac      0x21c /usr/lib/gcc/arm-none-eabi/9.2.1/../../../arm-none-eabi/lib/thumb/v7e-m+fp/hard/libc.a(lib_a-memmove.o)
 .debug_abbrev  0x00000000000071c8      0x4b7 /usr/lib/gcc/arm-none-eabi/9.2.1/../../../arm-none-eabi/lib/thumb/v7e-m+fp/hard/libc.a(lib_a-mprec.o)
 .debug_abbrev  0x000000000000767f      0x2a8 /usr/lib/gcc/arm-none-eabi/9.2.1/../../../arm-none-eabi/lib/thumb/v7e-m+fp/hard/libc.a(lib_a-reallocr.o)
 .debug_abbrev  0x0000000000007927      0x2ba /usr/lib/gcc/arm-none-eabi/9.2.1/../../../arm-none-eabi/lib/thumb/v7e-m+fp/hard/libc.a(lib_a-reent.o)
 .debug_abbrev  0x0000000000007be1      0x2ad /usr/lib/gcc/arm-none-eabi/9.2.1/../../../arm-none-eabi/lib/thumb/v7e-m+fp/hard/libc.a(lib_a-stdio.o)
 .debug_abbrev  0x0000000000007e8e      0x468 /usr/lib/gcc/arm-none-eabi/9.2.1/../../../arm-none-eabi/lib/thumb/v7e-m+fp/hard/libc.a(lib_a-vfiprintf.o)
 .debug_abbrev  0x00000000000082f6      0x22a /usr/lib/gcc/arm-none-eabi/9.2.1/../../../arm-none-eabi/lib/thumb/v7e-m+fp/hard/libc.a(lib_a-writer.o)
 .debug_abbrev  0x0000000000008520      0x23d /usr/lib/gcc/arm-none-eabi/9.2.1/../../../arm-none-eabi/lib/thumb/v7e-m+fp/hard/libc.a(lib_a-assert.o)
 .debug_abbrev  0x000000000000875d      0x275 /usr/lib/gcc/arm-none-eabi/9.2.1/../../../arm-none-eabi/lib/thumb/v7e-m+fp/hard/libc.a(lib_a-callocr.o)
 .debug_abbrev  0x00000000000089d2      0x225 /usr/lib/gcc/arm-none-eabi/9.2.1/../../../arm-none-eabi/lib/thumb/v7e-m+fp/hard/libc.a(lib_a-closer.o)
 .debug_abbrev  0x0000000000008bf7      0x327 /usr/lib/gcc/arm-none-eabi/9.2.1/../../../arm-none-eabi/lib/thumb/v7e-m+fp/hard/libc.a(lib_a-fclose.o)
 .debug_abbrev  0x0000000000008f1e      0x255 /usr/lib/gcc/arm-none-eabi/9.2.1/../../../arm-none-eabi/lib/thumb/v7e-m+fp/hard/libc.a(lib_a-fiprintf.o)
 .debug_abbrev  0x0000000000009173      0x38c /usr/lib/gcc/arm-none-eabi/9.2.1/../../../arm-none-eabi/lib/thumb/v7e-m+fp/hard/libc.a(lib_a-fputwc.o)
 .debug_abbrev  0x00000000000094ff      0x239 /usr/lib/gcc/arm-none-eabi/9.2.1/../../../arm-none-eabi/lib/thumb/v7e-m+fp/hard/libc.a(lib_a-fstatr.o)
 .debug_abbrev  0x0000000000009738      0x225 /usr/lib/gcc/arm-none-eabi/9.2.1/../../../arm-none-eabi/lib/thumb/v7e-m+fp/hard/libc.a(lib_a-isattyr.o)
 .debug_abbrev  0x000000000000995d      0x2e8 /usr/lib/gcc/arm-none-eabi/9.2.1/../../../arm-none-eabi/lib/thumb/v7e-m+fp/hard/libc.a(lib_a-locale.o)
 .debug_abbrev  0x0000000000009c45      0x239 /usr/lib/gcc/arm-none-eabi/9.2.1/../../../arm-none-eabi/lib/thumb/v7e-m+fp/hard/libc.a(lib_a-lseekr.o)
 .debug_abbrev  0x0000000000009e7e      0x25f /usr/lib/gcc/arm-none-eabi/9.2.1/../../../arm-none-eabi/lib/thumb/v7e-m+fp/hard/libc.a(lib_a-mbtowc_r.o)
 .debug_abbrev  0x000000000000a0dd      0x225 /usr/lib/gcc/arm-none-eabi/9.2.1/../../../arm-none-eabi/lib/thumb/v7e-m+fp/hard/libc.a(lib_a-readr.o)
 .debug_abbrev  0x000000000000a302       0x14 /usr/lib/gcc/arm-none-eabi/9.2.1/../../../arm-none-eabi/lib/thumb/v7e-m+fp/hard/libc.a(lib_a-strcmp.o)
 .debug_abbrev  0x000000000000a316      0x2c3 /usr/lib/gcc/arm-none-eabi/9.2.1/../../../arm-none-eabi/lib/thumb/v7e-m+fp/hard/libc.a(lib_a-wbuf.o)
 .debug_abbrev  0x000000000000a5d9      0x256 /usr/lib/gcc/arm-none-eabi/9.2.1/../../../arm-none-eabi/lib/thumb/v7e-m+fp/hard/libc.a(lib_a-wcrtomb.o)
 .debug_abbrev  0x000000000000a82f      0x269 /usr/lib/gcc/arm-none-eabi/9.2.1/../../../arm-none-eabi/lib/thumb/v7e-m+fp/hard/libc.a(lib_a-wctomb_r.o)
 .debug_abbrev  0x000000000000aa98      0x1b6 /usr/lib/gcc/arm-none-eabi/9.2.1/../../../arm-none-eabi/lib/thumb/v7e-m+fp/hard/libc.a(lib_a-ctype_.o)
 .debug_abbrev  0x000000000000ac4e       0x14 /usr/lib/gcc/arm-none-eabi/9.2.1/thumb/v7e-m+fp/hard/libgcc.a(_arm_addsubdf3.o)
 .debug_abbrev  0x000000000000ac62       0x14 /usr/lib/gcc/arm-none-eabi/9.2.1/thumb/v7e-m+fp/hard/libgcc.a(_arm_muldivdf3.o)
 .debug_abbrev  0x000000000000ac76       0x14 /usr/lib/gcc/arm-none-eabi/9.2.1/thumb/v7e-m+fp/hard/libgcc.a(_arm_cmpdf2.o)
 .debug_abbrev  0x000000000000ac8a       0x14 /usr/lib/gcc/arm-none-eabi/9.2.1/thumb/v7e-m+fp/hard/libgcc.a(_arm_unorddf2.o)
 .debug_abbrev  0x000000000000ac9e       0x14 /usr/lib/gcc/arm-none-eabi/9.2.1/thumb/v7e-m+fp/hard/libgcc.a(_arm_fixdfsi.o)
 .debug_abbrev  0x000000000000acb2       0x14 /usr/lib/gcc/arm-none-eabi/9.2.1/thumb/v7e-m+fp/hard/libgcc.a(_aeabi_uldivmod.o)
 .debug_abbrev  0x000000000000acc6      0x1c2 /usr/lib/gcc/arm-none-eabi/9.2.1/thumb/v7e-m+fp/hard/libgcc.a(_udivmoddi4.o)
 .debug_abbrev  0x000000000000ae88       0x14 /usr/lib/gcc/arm-none-eabi/9.2.1/thumb/v7e-m+fp/hard/libgcc.a(_dvmd_tls.o)
 .debug_abbrev  0x000000000000ae9c      0x1ea /usr/lib/gcc/arm-none-eabi/9.2.1/../../../arm-none-eabi/lib/thumb/v7e-m+fp/hard/libnosys.a(close.o)
 .debug_abbrev  0x000000000000b086      0x1fd /usr/lib/gcc/arm-none-eabi/9.2.1/../../../arm-none-eabi/lib/thumb/v7e-m+fp/hard/libnosys.a(fstat.o)
 .debug_abbrev  0x000000000000b283      0x1d6 /usr/lib/gcc/arm-none-eabi/9.2.1/../../../arm-none-eabi/lib/thumb/v7e-m+fp/hard/libnosys.a(getpid.o)
 .debug_abbrev  0x000000000000b459      0x1ea /usr/lib/gcc/arm-none-eabi/9.2.1/../../../arm-none-eabi/lib/thumb/v7e-m+fp/hard/libnosys.a(isatty.o)
 .debug_abbrev  0x000000000000b643      0x1fb /usr/lib/gcc/arm-none-eabi/9.2.1/../../../arm-none-eabi/lib/thumb/v7e-m+fp/hard/libnosys.a(kill.o)
 .debug_abbrev  0x000000000000b83e      0x20f /usr/lib/gcc/arm-none-eabi/9.2.1/../../../arm-none-eabi/lib/thumb/v7e-m+fp/hard/libnosys.a(lseek.o)
 .debug_abbrev  0x000000000000ba4d      0x20f /usr/lib/gcc/arm-none-eabi/9.2.1/../../../arm-none-eabi/lib/thumb/v7e-m+fp/hard/libnosys.a(read.o)
 .debug_abbrev  0x000000000000bc5c       0xa2 /usr/lib/gcc/arm-none-eabi/9.2.1/../../../arm-none-eabi/lib/thumb/v7e-m+fp/hard/libnosys.a(sbrk.o)
 .debug_abbrev  0x000000000000bcfe      0x20f /usr/lib/gcc/arm-none-eabi/9.2.1/../../../arm-none-eabi/lib/thumb/v7e-m+fp/hard/libnosys.a(write.o)
 .debug_abbrev  0x000000000000bf0d       0x6a /usr/lib/gcc/arm-none-eabi/9.2.1/../../../arm-none-eabi/lib/thumb/v7e-m+fp/hard/libnosys.a(_exit.o)

.debug_loc      0x0000000000000000    0x17b75
 .debug_loc     0x0000000000000000      0x4f7 i2c_ctx.o
 .debug_loc     0x00000000000004f7      0x652 fibre.o
 .debug_loc     0x0000000000000b49      0x30b list.o
 .debug_loc     0x0000000000000e54      0x337 messageq.o
 .debug_loc     0x000000000000118b      0x109 util.o
 .debug_loc     0x0000000000001294      0x4da i2c-stm32f7-usb.o
 .debug_loc     0x000000000000176e      0x14d ../../libopencm3//lib/libopencm3_stm32f7.a(gpio_common_f0234.o)
 .debug_loc     0x00000000000018bb      0x75f ../../libopencm3//lib/libopencm3_stm32f7.a(i2c_common_v2.o)
 .debug_loc     0x000000000000201a      0x7e7 ../../libopencm3//lib/libopencm3_stm32f7.a(rcc.o)
 .debug_loc     0x0000000000002801      0x120 ../../libopencm3//lib/libopencm3_stm32f7.a(rcc_common_all.o)
 .debug_loc     0x0000000000002921      0x544 ../../libopencm3//lib/libopencm3_stm32f7.a(usb.o)
 .debug_loc     0x0000000000002e65     0x144d ../../libopencm3//lib/libopencm3_stm32f7.a(usb_standard.o)
 .debug_loc     0x00000000000042b2      0x70c ../../libopencm3//lib/libopencm3_stm32f7.a(usb_control.o)
 .debug_loc     0x00000000000049be      0x8f5 ../../libopencm3//lib/libopencm3_stm32f7.a(usb_dwc_common.o)
 .debug_loc     0x00000000000052b3      0x128 ../../libopencm3//lib/libopencm3_stm32f7.a(vector.o)
 .debug_loc     0x00000000000053db      0x192 ../../libopencm3//lib/libopencm3_stm32f7.a(systick.o)
 .debug_loc     0x000000000000556d       0x47 ../../libopencm3//lib/libopencm3_stm32f7.a(flash_common_all.o)
 .debug_loc     0x00000000000055b4      0xf44 /usr/lib/gcc/arm-none-eabi/9.2.1/../../../arm-none-eabi/lib/thumb/v7e-m+fp/hard/libc.a(lib_a-mallocr.o)
 .debug_loc     0x00000000000064f8      0x231 /usr/lib/gcc/arm-none-eabi/9.2.1/../../../arm-none-eabi/lib/thumb/v7e-m+fp/hard/libc.a(lib_a-memset.o)
 .debug_loc     0x0000000000006729       0x64 /usr/lib/gcc/arm-none-eabi/9.2.1/../../../arm-none-eabi/lib/thumb/v7e-m+fp/hard/libc.a(lib_a-printf.o)
 .debug_loc     0x000000000000678d      0x11a /usr/lib/gcc/arm-none-eabi/9.2.1/../../../arm-none-eabi/lib/thumb/v7e-m+fp/hard/libc.a(lib_a-puts.o)
 .debug_loc     0x00000000000068a7       0x6c /usr/lib/gcc/arm-none-eabi/9.2.1/../../../arm-none-eabi/lib/thumb/v7e-m+fp/hard/libc.a(lib_a-sbrkr.o)
 .debug_loc     0x0000000000006913      0x560 /usr/lib/gcc/arm-none-eabi/9.2.1/../../../arm-none-eabi/lib/thumb/v7e-m+fp/hard/libc.a(lib_a-signal.o)
 .debug_loc     0x0000000000006e73       0xd0 /usr/lib/gcc/arm-none-eabi/9.2.1/../../../arm-none-eabi/lib/thumb/v7e-m+fp/hard/libc.a(lib_a-signalr.o)
 .debug_loc     0x0000000000006f43     0x364f /usr/lib/gcc/arm-none-eabi/9.2.1/../../../arm-none-eabi/lib/thumb/v7e-m+fp/hard/libc.a(lib_a-vfprintf.o)
 .debug_loc     0x000000000000a592       0xba /usr/lib/gcc/arm-none-eabi/9.2.1/../../../arm-none-eabi/lib/thumb/v7e-m+fp/hard/libc.a(lib_a-wsetup.o)
 .debug_loc     0x000000000000a64c     0x305a /usr/lib/gcc/arm-none-eabi/9.2.1/../../../arm-none-eabi/lib/thumb/v7e-m+fp/hard/libc.a(lib_a-dtoa.o)
 .debug_loc     0x000000000000d6a6      0x334 /usr/lib/gcc/arm-none-eabi/9.2.1/../../../arm-none-eabi/lib/thumb/v7e-m+fp/hard/libc.a(lib_a-fflush.o)
 .debug_loc     0x000000000000d9da      0x32c /usr/lib/gcc/arm-none-eabi/9.2.1/../../../arm-none-eabi/lib/thumb/v7e-m+fp/hard/libc.a(lib_a-findfp.o)
 .debug_loc     0x000000000000dd06      0x6f8 /usr/lib/gcc/arm-none-eabi/9.2.1/../../../arm-none-eabi/lib/thumb/v7e-m+fp/hard/libc.a(lib_a-freer.o)
 .debug_loc     0x000000000000e3fe      0x669 /usr/lib/gcc/arm-none-eabi/9.2.1/../../../arm-none-eabi/lib/thumb/v7e-m+fp/hard/libc.a(lib_a-fvwrite.o)
 .debug_loc     0x000000000000ea67      0x24f /usr/lib/gcc/arm-none-eabi/9.2.1/../../../arm-none-eabi/lib/thumb/v7e-m+fp/hard/libc.a(lib_a-fwalk.o)
 .debug_loc     0x000000000000ecb6       0x6f /usr/lib/gcc/arm-none-eabi/9.2.1/../../../arm-none-eabi/lib/thumb/v7e-m+fp/hard/libc.a(lib_a-localeconv.o)
 .debug_loc     0x000000000000ed25      0x192 /usr/lib/gcc/arm-none-eabi/9.2.1/../../../arm-none-eabi/lib/thumb/v7e-m+fp/hard/libc.a(lib_a-makebuf.o)
 .debug_loc     0x000000000000eeb7      0x2f1 /usr/lib/gcc/arm-none-eabi/9.2.1/../../../arm-none-eabi/lib/thumb/v7e-m+fp/hard/libc.a(lib_a-memmove.o)
 .debug_loc     0x000000000000f1a8     0x234e /usr/lib/gcc/arm-none-eabi/9.2.1/../../../arm-none-eabi/lib/thumb/v7e-m+fp/hard/libc.a(lib_a-mprec.o)
 .debug_loc     0x00000000000114f6     0x12c8 /usr/lib/gcc/arm-none-eabi/9.2.1/../../../arm-none-eabi/lib/thumb/v7e-m+fp/hard/libc.a(lib_a-reallocr.o)
 .debug_loc     0x00000000000127be      0x152 /usr/lib/gcc/arm-none-eabi/9.2.1/../../../arm-none-eabi/lib/thumb/v7e-m+fp/hard/libc.a(lib_a-reent.o)
 .debug_loc     0x0000000000012910      0x393 /usr/lib/gcc/arm-none-eabi/9.2.1/../../../arm-none-eabi/lib/thumb/v7e-m+fp/hard/libc.a(lib_a-stdio.o)
 .debug_loc     0x0000000000012ca3     0x25f3 /usr/lib/gcc/arm-none-eabi/9.2.1/../../../arm-none-eabi/lib/thumb/v7e-m+fp/hard/libc.a(lib_a-vfiprintf.o)
 .debug_loc     0x0000000000015296       0xdd /usr/lib/gcc/arm-none-eabi/9.2.1/../../../arm-none-eabi/lib/thumb/v7e-m+fp/hard/libc.a(lib_a-writer.o)
 .debug_loc     0x0000000000015373      0x15c /usr/lib/gcc/arm-none-eabi/9.2.1/../../../arm-none-eabi/lib/thumb/v7e-m+fp/hard/libc.a(lib_a-assert.o)
 .debug_loc     0x00000000000154cf      0x2d6 /usr/lib/gcc/arm-none-eabi/9.2.1/../../../arm-none-eabi/lib/thumb/v7e-m+fp/hard/libc.a(lib_a-callocr.o)
 .debug_loc     0x00000000000157a5       0x6c /usr/lib/gcc/arm-none-eabi/9.2.1/../../../arm-none-eabi/lib/thumb/v7e-m+fp/hard/libc.a(lib_a-closer.o)
 .debug_loc     0x0000000000015811      0x179 /usr/lib/gcc/arm-none-eabi/9.2.1/../../../arm-none-eabi/lib/thumb/v7e-m+fp/hard/libc.a(lib_a-fclose.o)
 .debug_loc     0x000000000001598a       0xa6 /usr/lib/gcc/arm-none-eabi/9.2.1/../../../arm-none-eabi/lib/thumb/v7e-m+fp/hard/libc.a(lib_a-fiprintf.o)
 .debug_loc     0x0000000000015a30      0x3cc /usr/lib/gcc/arm-none-eabi/9.2.1/../../../arm-none-eabi/lib/thumb/v7e-m+fp/hard/libc.a(lib_a-fputwc.o)
 .debug_loc     0x0000000000015dfc       0xab /usr/lib/gcc/arm-none-eabi/9.2.1/../../../arm-none-eabi/lib/thumb/v7e-m+fp/hard/libc.a(lib_a-fstatr.o)
 .debug_loc     0x0000000000015ea7       0x6c /usr/lib/gcc/arm-none-eabi/9.2.1/../../../arm-none-eabi/lib/thumb/v7e-m+fp/hard/libc.a(lib_a-isattyr.o)
 .debug_loc     0x0000000000015f13      0x189 /usr/lib/gcc/arm-none-eabi/9.2.1/../../../arm-none-eabi/lib/thumb/v7e-m+fp/hard/libc.a(lib_a-locale.o)
 .debug_loc     0x000000000001609c       0xdd /usr/lib/gcc/arm-none-eabi/9.2.1/../../../arm-none-eabi/lib/thumb/v7e-m+fp/hard/libc.a(lib_a-lseekr.o)
 .debug_loc     0x0000000000016179      0x21d /usr/lib/gcc/arm-none-eabi/9.2.1/../../../arm-none-eabi/lib/thumb/v7e-m+fp/hard/libc.a(lib_a-mbtowc_r.o)
 .debug_loc     0x0000000000016396       0xdd /usr/lib/gcc/arm-none-eabi/9.2.1/../../../arm-none-eabi/lib/thumb/v7e-m+fp/hard/libc.a(lib_a-readr.o)
 .debug_loc     0x0000000000016473      0x1b0 /usr/lib/gcc/arm-none-eabi/9.2.1/../../../arm-none-eabi/lib/thumb/v7e-m+fp/hard/libc.a(lib_a-wbuf.o)
 .debug_loc     0x0000000000016623      0x2b1 /usr/lib/gcc/arm-none-eabi/9.2.1/../../../arm-none-eabi/lib/thumb/v7e-m+fp/hard/libc.a(lib_a-wcrtomb.o)
 .debug_loc     0x00000000000168d4      0x13a /usr/lib/gcc/arm-none-eabi/9.2.1/../../../arm-none-eabi/lib/thumb/v7e-m+fp/hard/libc.a(lib_a-wctomb_r.o)
 .debug_loc     0x0000000000016a0e      0xfa2 /usr/lib/gcc/arm-none-eabi/9.2.1/thumb/v7e-m+fp/hard/libgcc.a(_udivmoddi4.o)
 .debug_loc     0x00000000000179b0       0x25 /usr/lib/gcc/arm-none-eabi/9.2.1/../../../arm-none-eabi/lib/thumb/v7e-m+fp/hard/libnosys.a(close.o)
 .debug_loc     0x00000000000179d5       0x25 /usr/lib/gcc/arm-none-eabi/9.2.1/../../../arm-none-eabi/lib/thumb/v7e-m+fp/hard/libnosys.a(fstat.o)
 .debug_loc     0x00000000000179fa       0x25 /usr/lib/gcc/arm-none-eabi/9.2.1/../../../arm-none-eabi/lib/thumb/v7e-m+fp/hard/libnosys.a(isatty.o)
 .debug_loc     0x0000000000017a1f       0x25 /usr/lib/gcc/arm-none-eabi/9.2.1/../../../arm-none-eabi/lib/thumb/v7e-m+fp/hard/libnosys.a(kill.o)
 .debug_loc     0x0000000000017a44       0x4a /usr/lib/gcc/arm-none-eabi/9.2.1/../../../arm-none-eabi/lib/thumb/v7e-m+fp/hard/libnosys.a(lseek.o)
 .debug_loc     0x0000000000017a8e       0x4a /usr/lib/gcc/arm-none-eabi/9.2.1/../../../arm-none-eabi/lib/thumb/v7e-m+fp/hard/libnosys.a(read.o)
 .debug_loc     0x0000000000017ad8       0x3e /usr/lib/gcc/arm-none-eabi/9.2.1/../../../arm-none-eabi/lib/thumb/v7e-m+fp/hard/libnosys.a(sbrk.o)
 .debug_loc     0x0000000000017b16       0x4a /usr/lib/gcc/arm-none-eabi/9.2.1/../../../arm-none-eabi/lib/thumb/v7e-m+fp/hard/libnosys.a(write.o)
 .debug_loc     0x0000000000017b60       0x15 /usr/lib/gcc/arm-none-eabi/9.2.1/../../../arm-none-eabi/lib/thumb/v7e-m+fp/hard/libnosys.a(_exit.o)

.debug_aranges  0x0000000000000000     0x10f0
 .debug_aranges
                0x0000000000000000       0x50 i2c_ctx.o
 .debug_aranges
                0x0000000000000050       0x98 fibre.o
 .debug_aranges
                0x00000000000000e8       0x20 fibre_default.o
 .debug_aranges
                0x0000000000000108       0x68 list.o
 .debug_aranges
                0x0000000000000170       0x40 messageq.o
 .debug_aranges
                0x00000000000001b0       0x38 time_libopencm3.o
 .debug_aranges
                0x00000000000001e8       0x38 util.o
 .debug_aranges
                0x0000000000000220       0x38 i2c-stm32f7-usb.o
 .debug_aranges
                0x0000000000000258       0x30 ../../libopencm3//lib/libopencm3_stm32f7.a(gpio_common_f0234.o)
 .debug_aranges
                0x0000000000000288      0x190 ../../libopencm3//lib/libopencm3_stm32f7.a(i2c_common_v2.o)
 .debug_aranges
                0x0000000000000418      0x108 ../../libopencm3//lib/libopencm3_stm32f7.a(rcc.o)
 .debug_aranges
                0x0000000000000520       0x60 ../../libopencm3//lib/libopencm3_stm32f7.a(rcc_common_all.o)
 .debug_aranges
                0x0000000000000580       0x90 ../../libopencm3//lib/libopencm3_stm32f7.a(usb.o)
 .debug_aranges
                0x0000000000000610       0x98 ../../libopencm3//lib/libopencm3_stm32f7.a(usb_standard.o)
 .debug_aranges
                0x00000000000006a8       0x60 ../../libopencm3//lib/libopencm3_stm32f7.a(usb_control.o)
 .debug_aranges
                0x0000000000000708       0x20 ../../libopencm3//lib/libopencm3_stm32f7.a(usb_f107.o)
 .debug_aranges
                0x0000000000000728       0x68 ../../libopencm3//lib/libopencm3_stm32f7.a(usb_dwc_common.o)
 .debug_aranges
                0x0000000000000790       0x30 ../../libopencm3//lib/libopencm3_stm32f7.a(vector.o)
 .debug_aranges
                0x00000000000007c0       0x78 ../../libopencm3//lib/libopencm3_stm32f7.a(systick.o)
 .debug_aranges
                0x0000000000000838       0x38 ../../libopencm3//lib/libopencm3_stm32f7.a(flash_common_all.o)
 .debug_aranges
                0x0000000000000870       0x40 ../../libopencm3//lib/libopencm3_stm32f7.a(flash.o)
 .debug_aranges
                0x00000000000008b0       0x30 ../../libopencm3//lib/libopencm3_stm32f7.a(pwr.o)
 .debug_aranges
                0x00000000000008e0       0x20 /usr/lib/gcc/arm-none-eabi/9.2.1/../../../arm-none-eabi/lib/thumb/v7e-m+fp/hard/libc.a(lib_a-abort.o)
 .debug_aranges
                0x0000000000000900       0x18 /usr/lib/gcc/arm-none-eabi/9.2.1/../../../arm-none-eabi/lib/thumb/v7e-m+fp/hard/libc.a(lib_a-impure.o)
 .debug_aranges
                0x0000000000000918       0x20 /usr/lib/gcc/arm-none-eabi/9.2.1/../../../arm-none-eabi/lib/thumb/v7e-m+fp/hard/libc.a(lib_a-mallocr.o)
 .debug_aranges