Archive member included to satisfy reference by file (symbol)

/home/maddocks/src/i2c-f7/i2c-star/libopencm3/lib/libopencm3_stm32f7.a(gpio_common_f0234.o)
                              i2c-stm32f7-usb.o (gpio_mode_setup)
/home/maddocks/src/i2c-f7/i2c-star/libopencm3/lib/libopencm3_stm32f7.a(i2c_common_v2.o)
                              i2c_ctx.o (i2c_reset)
/home/maddocks/src/i2c-f7/i2c-star/libopencm3/lib/libopencm3_stm32f7.a(rcc.o)
                              i2c-stm32f7-usb.o (rcc_clock_setup_hse)
/home/maddocks/src/i2c-f7/i2c-star/libopencm3/lib/libopencm3_stm32f7.a(rcc_common_all.o)
                              i2c-stm32f7-usb.o (rcc_periph_clock_enable)
/home/maddocks/src/i2c-f7/i2c-star/libopencm3/lib/libopencm3_stm32f7.a(usb.o)
                              i2c-stm32f7-usb.o (usbd_init)
/home/maddocks/src/i2c-f7/i2c-star/libopencm3/lib/libopencm3_stm32f7.a(usb_standard.o)
                              i2c-stm32f7-usb.o (usbd_register_set_config_callback)
/home/maddocks/src/i2c-f7/i2c-star/libopencm3/lib/libopencm3_stm32f7.a(usb_control.o)
                              i2c-stm32f7-usb.o (usbd_register_control_callback)
/home/maddocks/src/i2c-f7/i2c-star/libopencm3/lib/libopencm3_stm32f7.a(usb_f107.o)
                              i2c-stm32f7-usb.o (stm32f107_usb_driver)
/home/maddocks/src/i2c-f7/i2c-star/libopencm3/lib/libopencm3_stm32f7.a(usb_dwc_common.o)
                              /home/maddocks/src/i2c-f7/i2c-star/libopencm3/lib/libopencm3_stm32f7.a(usb_f107.o) (dwc_set_address)
/home/maddocks/src/i2c-f7/i2c-star/libopencm3/lib/libopencm3_stm32f7.a(vector.o)
                              (reset_handler)
/home/maddocks/src/i2c-f7/i2c-star/libopencm3/lib/libopencm3_stm32f7.a(systick.o)
                              time_libopencm3.o (systick_set_reload)
/home/maddocks/src/i2c-f7/i2c-star/libopencm3/lib/libopencm3_stm32f7.a(assert.o)
                              /home/maddocks/src/i2c-f7/i2c-star/libopencm3/lib/libopencm3_stm32f7.a(rcc.o) (cm3_assert_failed)
/home/maddocks/src/i2c-f7/i2c-star/libopencm3/lib/libopencm3_stm32f7.a(flash_common_all.o)
                              /home/maddocks/src/i2c-f7/i2c-star/libopencm3/lib/libopencm3_stm32f7.a(rcc.o) (flash_prefetch_enable)
/home/maddocks/src/i2c-f7/i2c-star/libopencm3/lib/libopencm3_stm32f7.a(flash.o)
                              /home/maddocks/src/i2c-f7/i2c-star/libopencm3/lib/libopencm3_stm32f7.a(rcc.o) (flash_art_enable)
/home/maddocks/src/i2c-f7/i2c-star/libopencm3/lib/libopencm3_stm32f7.a(pwr.o)
                              /home/maddocks/src/i2c-f7/i2c-star/libopencm3/lib/libopencm3_stm32f7.a(rcc.o) (pwr_set_vos_scale)
/home/maddocks/src/i2c-f7/i2c-star/libopencm3/lib/libopencm3_stm32f7.a(flash_common_f.o)
                              /home/maddocks/src/i2c-f7/i2c-star/libopencm3/lib/libopencm3_stm32f7.a(flash.o) (flash_clear_eop_flag)
/home/maddocks/src/i2c-f7/i2c-star/libopencm3/lib/libopencm3_stm32f7.a(flash_common_f24.o)
                              /home/maddocks/src/i2c-f7/i2c-star/libopencm3/lib/libopencm3_stm32f7.a(flash.o) (flash_clear_pgaerr_flag)
/usr/lib/gcc/arm-none-eabi/9.2.1/../../../arm-none-eabi/lib/thumb/v7e-m+fp/hard/libc.a(lib_a-abort.o)
                              util.o (abort)
/usr/lib/gcc/arm-none-eabi/9.2.1/../../../arm-none-eabi/lib/thumb/v7e-m+fp/hard/libc.a(lib_a-fprintf.o)
                              regdump.o (fprintf)
/usr/lib/gcc/arm-none-eabi/9.2.1/../../../arm-none-eabi/lib/thumb/v7e-m+fp/hard/libc.a(lib_a-impure.o)
                              regdump.o (_impure_ptr)
/usr/lib/gcc/arm-none-eabi/9.2.1/../../../arm-none-eabi/lib/thumb/v7e-m+fp/hard/libc.a(lib_a-malloc.o)
                              util.o (malloc)
/usr/lib/gcc/arm-none-eabi/9.2.1/../../../arm-none-eabi/lib/thumb/v7e-m+fp/hard/libc.a(lib_a-mallocr.o)
                              /usr/lib/gcc/arm-none-eabi/9.2.1/../../../arm-none-eabi/lib/thumb/v7e-m+fp/hard/libc.a(lib_a-malloc.o) (_malloc_r)
/usr/lib/gcc/arm-none-eabi/9.2.1/../../../arm-none-eabi/lib/thumb/v7e-m+fp/hard/libc.a(lib_a-memcpy.o)
                              /home/maddocks/src/i2c-f7/i2c-star/libopencm3/lib/libopencm3_stm32f7.a(usb_standard.o) (memcpy)
/usr/lib/gcc/arm-none-eabi/9.2.1/../../../arm-none-eabi/lib/thumb/v7e-m+fp/hard/libc.a(lib_a-memset.o)
                              i2c_ctx.o (memset)
/usr/lib/gcc/arm-none-eabi/9.2.1/../../../arm-none-eabi/lib/thumb/v7e-m+fp/hard/libc.a(lib_a-mlock.o)
                              /usr/lib/gcc/arm-none-eabi/9.2.1/../../../arm-none-eabi/lib/thumb/v7e-m+fp/hard/libc.a(lib_a-mallocr.o) (__malloc_lock)
/usr/lib/gcc/arm-none-eabi/9.2.1/../../../arm-none-eabi/lib/thumb/v7e-m+fp/hard/libc.a(lib_a-puts.o)
                              i2c_ctx.o (puts)
/usr/lib/gcc/arm-none-eabi/9.2.1/../../../arm-none-eabi/lib/thumb/v7e-m+fp/hard/libc.a(lib_a-sbrkr.o)
                              /usr/lib/gcc/arm-none-eabi/9.2.1/../../../arm-none-eabi/lib/thumb/v7e-m+fp/hard/libc.a(lib_a-mallocr.o) (_sbrk_r)
[...]
Memory Configuration

Name             Origin             Length             Attributes
rom              0x0000000008000000 0x0000000000200000 xr
ram              0x0000000020000000 0x0000000000080000 xrw
*default*        0x0000000000000000 0xffffffffffffffff

Linker script and memory map

LOAD i2c_ctx.o
LOAD bitops.o
LOAD fibre.o
LOAD fibre_default.o
LOAD list.o
LOAD messageq.o
LOAD regdump.o
LOAD ringbuf.o
LOAD time_libopencm3.o
LOAD util.o
LOAD i2c-stm32f7-usb.o
LOAD /home/maddocks/src/i2c-f7/i2c-star/libopencm3/lib/libopencm3_stm32f7.a
START GROUP
LOAD /usr/lib/gcc/arm-none-eabi/9.2.1/../../../arm-none-eabi/lib/thumb/v7e-m+fp/hard/libc.a
LOAD /usr/lib/gcc/arm-none-eabi/9.2.1/thumb/v7e-m+fp/hard/libgcc.a
LOAD /usr/lib/gcc/arm-none-eabi/9.2.1/../../../arm-none-eabi/lib/thumb/v7e-m+fp/hard/libnosys.a
END GROUP
START GROUP
LOAD /usr/lib/gcc/arm-none-eabi/9.2.1/thumb/v7e-m+fp/hard/libgcc.a
LOAD /usr/lib/gcc/arm-none-eabi/9.2.1/../../../arm-none-eabi/lib/thumb/v7e-m+fp/hard/libc.a
END GROUP

.text           0x0000000008000000     0x9290
 *(.vectors)
 .vectors       0x0000000008000000      0x1e0 /home/maddocks/src/i2c-f7/i2c-star/libopencm3/lib/libopencm3_stm32f7.a(vector.o)
                0x0000000008000000                vector_table
 *(.text*)
 .text.i2c_ctx_is_timed_out
                0x00000000080001e0       0x3c i2c_ctx.o
 .text.i2c_ctx_init
                0x000000000800021c       0x1e i2c_ctx.o
                0x000000000800021c                i2c_ctx_init
 *fill*         0x000000000800023a        0x2 
 .text.i2c_ctx_reset
                0x000000000800023c       0x6c i2c_ctx.o
                0x000000000800023c                i2c_ctx_reset
 .text.i2c_ctx_start
                0x00000000080002a8       0x2e i2c_ctx.o
                0x00000000080002a8                i2c_ctx_start
 .text.i2c_ctx_sendaddr
                0x00000000080002d6       0x72 i2c_ctx.o
                0x00000000080002d6                i2c_ctx_sendaddr
 .text.i2c_ctx_senddata
                0x0000000008000348       0x40 i2c_ctx.o
                0x0000000008000348                i2c_ctx_senddata
 .text.i2c_ctx_getdata
                0x0000000008000388       0x60 i2c_ctx.o
                0x0000000008000388                i2c_ctx_getdata
 .text.i2c_ctx_stop
                0x00000000080003e8       0x46 i2c_ctx.o
                0x00000000080003e8                i2c_ctx_stop
 .text.bitcnt   0x000000000800042e       0x2a bitops.o
                0x000000000800042e                bitcnt
 .text.ctz      0x0000000008000458        0xa bitops.o
                0x0000000008000458                ctz
 .text.messageq_empty
                0x0000000008000462       0x1a fibre.o
 .text.fibre_run
                0x000000000800047c       0x3c fibre.o
                0x000000000800047c                fibre_run
 .text.handle_atomic_runq
                0x00000000080004b8       0x24 fibre.o
 .text.fibre_scheduler_next
                0x00000000080004dc       0xfc fibre.o
                0x00000000080004dc                fibre_scheduler_next
 .text.fibre_scheduler_main_loop
                0x00000000080005d8        0xc fibre_default.o
                0x00000000080005d8                fibre_scheduler_main_loop
 .text.list_insert
                0x00000000080005e4       0x10 list.o
                0x00000000080005e4                list_insert
 .text.list_extract
                0x00000000080005f4       0x10 list.o
                0x00000000080005f4                list_extract
 .text.list_iterate
                0x0000000008000604        0x8 list.o
                0x0000000008000604                list_iterate
 .text.list_iterator_next
                0x000000000800060c        0xe list.o
                0x000000000800060c                list_iterator_next
 .text.list_iterator_remove
                0x000000000800061a       0x1a list.o
                0x000000000800061a                list_iterator_remove
 .text.list_contains
                0x0000000008000634       0x24 list.o
                0x0000000008000634                list_contains
 .text.list_remove
                0x0000000008000658       0x18 list.o
                0x0000000008000658                list_remove
 .text.messageq_receive
                0x0000000008000670       0x4a messageq.o
                0x0000000008000670                messageq_receive
 .text.messageq_release
                0x00000000080006ba       0x1a messageq.o
                0x00000000080006ba                messageq_release
 .text.fregdump_single
                0x00000000080006d4       0x58 regdump.o
                0x00000000080006d4                fregdump_single
 .text.fregdump
                0x000000000800072c       0x20 regdump.o
                0x000000000800072c                fregdump
 .text.regdump  0x000000000800074c       0x14 regdump.o
                0x000000000800074c                regdump
 .text.time_init
                0x0000000008000760       0x1c time_libopencm3.o
                0x0000000008000760                time_init
 .text.sys_tick_handler
                0x000000000800077c       0x18 time_libopencm3.o
                0x000000000800077c                sys_tick_handler
 .text.time_now
                0x0000000008000794        0xc time_libopencm3.o
                0x0000000008000794                time_now
 .text.cyclecmp32
                0x00000000080007a0        0x4 util.o
                0x00000000080007a0                cyclecmp32
 .text.usb_fibre
                0x00000000080007a4       0xa8 i2c-stm32f7-usb.o
 .text.usb_set_config
                0x000000000800084c       0x28 i2c-stm32f7-usb.o
 .text.usb_control_request
                0x0000000008000874      0x144 i2c-stm32f7-usb.o
 .text.startup.main
                0x00000000080009b8       0x8c i2c-stm32f7-usb.o
                0x00000000080009b8                main
 .text.gpio_mode_setup
                0x0000000008000a44       0x40 /home/maddocks/src/i2c-f7/i2c-star/libopencm3/lib/libopencm3_stm32f7.a(gpio_common_f0234.o)
                0x0000000008000a44                gpio_mode_setup
 .text.gpio_set_output_options
                0x0000000008000a84       0x36 /home/maddocks/src/i2c-f7/i2c-star/libopencm3/lib/libopencm3_stm32f7.a(gpio_common_f0234.o)
                0x0000000008000a84                gpio_set_output_options
 .text.gpio_set_af
                0x0000000008000aba       0x54 /home/maddocks/src/i2c-f7/i2c-star/libopencm3/lib/libopencm3_stm32f7.a(gpio_common_f0234.o)
                0x0000000008000aba                gpio_set_af
 *fill*         0x0000000008000b0e        0x2 
 .text.i2c_reset
                0x0000000008000b10       0x44 /home/maddocks/src/i2c-f7/i2c-star/libopencm3/lib/libopencm3_stm32f7.a(i2c_common_v2.o)
                0x0000000008000b10                i2c_reset
 .text.i2c_peripheral_enable
                0x0000000008000b54        0xa /home/maddocks/src/i2c-f7/i2c-star/libopencm3/lib/libopencm3_stm32f7.a(i2c_common_v2.o)
                0x0000000008000b54                i2c_peripheral_enable
 .text.i2c_peripheral_disable
                0x0000000008000b5e        0xa /home/maddocks/src/i2c-f7/i2c-star/libopencm3/lib/libopencm3_stm32f7.a(i2c_common_v2.o)
                0x0000000008000b5e                i2c_peripheral_disable
 .text.i2c_send_start
                0x0000000008000b68        0xa /home/maddocks/src/i2c-f7/i2c-star/libopencm3/lib/libopencm3_stm32f7.a(i2c_common_v2.o)
                0x0000000008000b68                i2c_send_start
 .text.i2c_send_stop
                0x0000000008000b72        0xa /home/maddocks/src/i2c-f7/i2c-star/libopencm3/lib/libopencm3_stm32f7.a(i2c_common_v2.o)
                0x0000000008000b72                i2c_send_stop
 .text.i2c_send_data
                0x0000000008000b7c        0x4 /home/maddocks/src/i2c-f7/i2c-star/libopencm3/lib/libopencm3_stm32f7.a(i2c_common_v2.o)
                0x0000000008000b7c                i2c_send_data
 .text.i2c_get_data
                0x0000000008000b80        0x6 /home/maddocks/src/i2c-f7/i2c-star/libopencm3/lib/libopencm3_stm32f7.a(i2c_common_v2.o)
                0x0000000008000b80                i2c_get_data
 .text.i2c_enable_analog_filter
                0x0000000008000b86        0xa /home/maddocks/src/i2c-f7/i2c-star/libopencm3/lib/libopencm3_stm32f7.a(i2c_common_v2.o)
                0x0000000008000b86                i2c_enable_analog_filter
 .text.i2c_set_digital_filter
                0x0000000008000b90        0xe /home/maddocks/src/i2c-f7/i2c-star/libopencm3/lib/libopencm3_stm32f7.a(i2c_common_v2.o)
                0x0000000008000b90                i2c_set_digital_filter
 .text.i2c_set_prescaler
                0x0000000008000b9e        0xe /home/maddocks/src/i2c-f7/i2c-star/libopencm3/lib/libopencm3_stm32f7.a(i2c_common_v2.o)
                0x0000000008000b9e                i2c_set_prescaler
 .text.i2c_set_data_setup_time
                0x0000000008000bac        0xe /home/maddocks/src/i2c-f7/i2c-star/libopencm3/lib/libopencm3_stm32f7.a(i2c_common_v2.o)
                0x0000000008000bac                i2c_set_data_setup_time
 .text.i2c_set_data_hold_time
                0x0000000008000bba        0xe /home/maddocks/src/i2c-f7/i2c-star/libopencm3/lib/libopencm3_stm32f7.a(i2c_common_v2.o)
                0x0000000008000bba                i2c_set_data_hold_time
 .text.i2c_set_scl_high_period
                0x0000000008000bc8        0xe /home/maddocks/src/i2c-f7/i2c-star/libopencm3/lib/libopencm3_stm32f7.a(i2c_common_v2.o)
                0x0000000008000bc8                i2c_set_scl_high_period
 .text.i2c_set_scl_low_period
                0x0000000008000bd6        0xc /home/maddocks/src/i2c-f7/i2c-star/libopencm3/lib/libopencm3_stm32f7.a(i2c_common_v2.o)
                0x0000000008000bd6                i2c_set_scl_low_period
 .text.i2c_set_7bit_addr_mode
                0x0000000008000be2        0xa /home/maddocks/src/i2c-f7/i2c-star/libopencm3/lib/libopencm3_stm32f7.a(i2c_common_v2.o)
                0x0000000008000be2                i2c_set_7bit_addr_mode
 .text.i2c_set_7bit_address
                0x0000000008000bec       0x10 /home/maddocks/src/i2c-f7/i2c-star/libopencm3/lib/libopencm3_stm32f7.a(i2c_common_v2.o)
                0x0000000008000bec                i2c_set_7bit_address
 .text.i2c_set_speed
                0x0000000008000bfc       0x56 /home/maddocks/src/i2c-f7/i2c-star/libopencm3/lib/libopencm3_stm32f7.a(i2c_common_v2.o)
                0x0000000008000bfc                i2c_set_speed
 *fill*         0x0000000008000c52        0x2 
 .text.rcc_wait_for_osc_ready.part.0
                0x0000000008000c54       0x10 /home/maddocks/src/i2c-f7/i2c-star/libopencm3/lib/libopencm3_stm32f7.a(rcc.o)
 .text.rcc_wait_for_sysclk_status.part.0
                0x0000000008000c64       0x14 /home/maddocks/src/i2c-f7/i2c-star/libopencm3/lib/libopencm3_stm32f7.a(rcc.o)
 .text.rcc_wait_for_osc_ready
                0x0000000008000c78       0x48 /home/maddocks/src/i2c-f7/i2c-star/libopencm3/lib/libopencm3_stm32f7.a(rcc.o)
                0x0000000008000c78                rcc_wait_for_osc_ready
 .text.rcc_osc_on
                0x0000000008000cc0       0x44 /home/maddocks/src/i2c-f7/i2c-star/libopencm3/lib/libopencm3_stm32f7.a(rcc.o)
                0x0000000008000cc0                rcc_osc_on
 .text.rcc_osc_off
                0x0000000008000d04       0x44 /home/maddocks/src/i2c-f7/i2c-star/libopencm3/lib/libopencm3_stm32f7.a(rcc.o)
                0x0000000008000d04                rcc_osc_off
 .text.rcc_set_sysclk_source
                0x0000000008000d48       0x14 /home/maddocks/src/i2c-f7/i2c-star/libopencm3/lib/libopencm3_stm32f7.a(rcc.o)
                0x0000000008000d48                rcc_set_sysclk_source
 .text.rcc_set_ppre2
                0x0000000008000d5c       0x14 /home/maddocks/src/i2c-f7/i2c-star/libopencm3/lib/libopencm3_stm32f7.a(rcc.o)
                0x0000000008000d5c                rcc_set_ppre2
 .text.rcc_set_ppre1
                0x0000000008000d70       0x14 /home/maddocks/src/i2c-f7/i2c-star/libopencm3/lib/libopencm3_stm32f7.a(rcc.o)
                0x0000000008000d70                rcc_set_ppre1
 .text.rcc_set_hpre
                0x0000000008000d84       0x14 /home/maddocks/src/i2c-f7/i2c-star/libopencm3/lib/libopencm3_stm32f7.a(rcc.o)
                0x0000000008000d84                rcc_set_hpre
 .text.rcc_set_main_pll_hse
                0x0000000008000d98       0x20 /home/maddocks/src/i2c-f7/i2c-star/libopencm3/lib/libopencm3_stm32f7.a(rcc.o)
                0x0000000008000d98                rcc_set_main_pll_hse
 .text.rcc_clock_setup_hse
                0x0000000008000db8       0xb4 /home/maddocks/src/i2c-f7/i2c-star/libopencm3/lib/libopencm3_stm32f7.a(rcc.o)
                0x0000000008000db8                rcc_clock_setup_hse
 .text.rcc_periph_clock_enable
                0x0000000008000e6c       0x1c /home/maddocks/src/i2c-f7/i2c-star/libopencm3/lib/libopencm3_stm32f7.a(rcc_common_all.o)
                0x0000000008000e6c                rcc_periph_clock_enable
 .text.rcc_periph_reset_pulse
                0x0000000008000e88       0x24 /home/maddocks/src/i2c-f7/i2c-star/libopencm3/lib/libopencm3_stm32f7.a(rcc_common_all.o)
                0x0000000008000e88                rcc_periph_reset_pulse
 .text.usbd_init
                0x0000000008000eac       0x54 /home/maddocks/src/i2c-f7/i2c-star/libopencm3/lib/libopencm3_stm32f7.a(usb.o)
                0x0000000008000eac                usbd_init
 .text.usbd_poll
                0x0000000008000f00        0x8 /home/maddocks/src/i2c-f7/i2c-star/libopencm3/lib/libopencm3_stm32f7.a(usb.o)
                0x0000000008000f00                usbd_poll
 .text.usbd_ep_setup
                0x0000000008000f08       0x10 /home/maddocks/src/i2c-f7/i2c-star/libopencm3/lib/libopencm3_stm32f7.a(usb.o)
                0x0000000008000f08                usbd_ep_setup
 .text._usbd_reset
                0x0000000008000f18       0x30 /home/maddocks/src/i2c-f7/i2c-star/libopencm3/lib/libopencm3_stm32f7.a(usb.o)
                0x0000000008000f18                _usbd_reset
 .text.usbd_ep_write_packet
                0x0000000008000f48       0x10 /home/maddocks/src/i2c-f7/i2c-star/libopencm3/lib/libopencm3_stm32f7.a(usb.o)
                0x0000000008000f48                usbd_ep_write_packet
 .text.usbd_ep_read_packet
                0x0000000008000f58       0x10 /home/maddocks/src/i2c-f7/i2c-star/libopencm3/lib/libopencm3_stm32f7.a(usb.o)
                0x0000000008000f58                usbd_ep_read_packet
 .text.usbd_ep_stall_set
                0x0000000008000f68        0x8 /home/maddocks/src/i2c-f7/i2c-star/libopencm3/lib/libopencm3_stm32f7.a(usb.o)
                0x0000000008000f68                usbd_ep_stall_set
 .text.usbd_ep_stall_get
                0x0000000008000f70        0x8 /home/maddocks/src/i2c-f7/i2c-star/libopencm3/lib/libopencm3_stm32f7.a(usb.o)
                0x0000000008000f70                usbd_ep_stall_get
 .text.usb_standard_set_address
                0x0000000008000f78       0x2a /home/maddocks/src/i2c-f7/i2c-star/libopencm3/lib/libopencm3_stm32f7.a(usb_standard.o)
 .text.usb_standard_set_configuration
                0x0000000008000fa2       0x96 /home/maddocks/src/i2c-f7/i2c-star/libopencm3/lib/libopencm3_stm32f7.a(usb_standard.o)
 .text.usb_standard_get_configuration
                0x0000000008001038       0x22 /home/maddocks/src/i2c-f7/i2c-star/libopencm3/lib/libopencm3_stm32f7.a(usb_standard.o)
 .text.usb_standard_get_interface
                0x000000000800105a       0x38 /home/maddocks/src/i2c-f7/i2c-star/libopencm3/lib/libopencm3_stm32f7.a(usb_standard.o)
 .text.usb_standard_device_get_status
                0x0000000008001092       0x18 /home/maddocks/src/i2c-f7/i2c-star/libopencm3/lib/libopencm3_stm32f7.a(usb_standard.o)
 .text.usb_standard_endpoint_get_status
                0x00000000080010aa       0x2c /home/maddocks/src/i2c-f7/i2c-star/libopencm3/lib/libopencm3_stm32f7.a(usb_standard.o)
 .text.usb_standard_endpoint_stall
                0x00000000080010d6       0x10 /home/maddocks/src/i2c-f7/i2c-star/libopencm3/lib/libopencm3_stm32f7.a(usb_standard.o)
 .text.usb_standard_endpoint_unstall
                0x00000000080010e6       0x10 /home/maddocks/src/i2c-f7/i2c-star/libopencm3/lib/libopencm3_stm32f7.a(usb_standard.o)
 .text.usb_standard_set_interface
                0x00000000080010f6       0x54 /home/maddocks/src/i2c-f7/i2c-star/libopencm3/lib/libopencm3_stm32f7.a(usb_standard.o)
 .text.usb_standard_get_descriptor
                0x000000000800114a      0x2a0 /home/maddocks/src/i2c-f7/i2c-star/libopencm3/lib/libopencm3_stm32f7.a(usb_standard.o)
 .text.usb_standard_interface_get_status
                0x00000000080013ea       0x18 /home/maddocks/src/i2c-f7/i2c-star/libopencm3/lib/libopencm3_stm32f7.a(usb_standard.o)
 .text.usbd_register_set_config_callback
                0x0000000008001402       0x28 /home/maddocks/src/i2c-f7/i2c-star/libopencm3/lib/libopencm3_stm32f7.a(usb_standard.o)
                0x0000000008001402                usbd_register_set_config_callback
 *fill*         0x000000000800142a        0x2 
 .text._usbd_standard_request_device
                0x000000000800142c       0x4c /home/maddocks/src/i2c-f7/i2c-star/libopencm3/lib/libopencm3_stm32f7.a(usb_standard.o)
                0x000000000800142c                _usbd_standard_request_device
 .text._usbd_standard_request_interface
                0x0000000008001478       0x34 /home/maddocks/src/i2c-f7/i2c-star/libopencm3/lib/libopencm3_stm32f7.a(usb_standard.o)
                0x0000000008001478                _usbd_standard_request_interface
 .text._usbd_standard_request_endpoint
                0x00000000080014ac       0x40 /home/maddocks/src/i2c-f7/i2c-star/libopencm3/lib/libopencm3_stm32f7.a(usb_standard.o)
                0x00000000080014ac                _usbd_standard_request_endpoint
 .text._usbd_standard_request
                0x00000000080014ec       0x38 /home/maddocks/src/i2c-f7/i2c-star/libopencm3/lib/libopencm3_stm32f7.a(usb_standard.o)
                0x00000000080014ec                _usbd_standard_request
 .text.stall_transaction
                0x0000000008001524       0x14 /home/maddocks/src/i2c-f7/i2c-star/libopencm3/lib/libopencm3_stm32f7.a(usb_control.o)
 .text.usb_control_recv_chunk
                0x0000000008001538       0x3c /home/maddocks/src/i2c-f7/i2c-star/libopencm3/lib/libopencm3_stm32f7.a(usb_control.o)
 .text.usb_control_send_chunk
                0x0000000008001574       0x52 /home/maddocks/src/i2c-f7/i2c-star/libopencm3/lib/libopencm3_stm32f7.a(usb_control.o)
 .text.usb_control_request_dispatch
                0x00000000080015c6       0x60 /home/maddocks/src/i2c-f7/i2c-star/libopencm3/lib/libopencm3_stm32f7.a(usb_control.o)
 .text.usb_control_setup_read
                0x0000000008001626       0x66 /home/maddocks/src/i2c-f7/i2c-star/libopencm3/lib/libopencm3_stm32f7.a(usb_control.o)
 .text.usbd_register_control_callback
                0x000000000800168c       0x2c /home/maddocks/src/i2c-f7/i2c-star/libopencm3/lib/libopencm3_stm32f7.a(usb_control.o)
                0x000000000800168c                usbd_register_control_callback
 .text._usbd_control_setup
                0x00000000080016b8       0x5a /home/maddocks/src/i2c-f7/i2c-star/libopencm3/lib/libopencm3_stm32f7.a(usb_control.o)
                0x00000000080016b8                _usbd_control_setup
 .text._usbd_control_out
                0x0000000008001712       0x82 /home/maddocks/src/i2c-f7/i2c-star/libopencm3/lib/libopencm3_stm32f7.a(usb_control.o)
                0x0000000008001712                _usbd_control_out
 .text._usbd_control_in
                0x0000000008001794       0x56 /home/maddocks/src/i2c-f7/i2c-star/libopencm3/lib/libopencm3_stm32f7.a(usb_control.o)
                0x0000000008001794                _usbd_control_in
 *fill*         0x00000000080017ea        0x2 
 .text.stm32f107_usbd_init
                0x00000000080017ec       0xd4 /home/maddocks/src/i2c-f7/i2c-star/libopencm3/lib/libopencm3_stm32f7.a(usb_f107.o)
 .text.dwc_set_address
                0x00000000080018c0       0x18 /home/maddocks/src/i2c-f7/i2c-star/libopencm3/lib/libopencm3_stm32f7.a(usb_dwc_common.o)
                0x00000000080018c0                dwc_set_address
 .text.dwc_ep_setup
                0x00000000080018d8      0x12a /home/maddocks/src/i2c-f7/i2c-star/libopencm3/lib/libopencm3_stm32f7.a(usb_dwc_common.o)
                0x00000000080018d8                dwc_ep_setup
 .text.dwc_endpoints_reset
                0x0000000008001a02       0x48 /home/maddocks/src/i2c-f7/i2c-star/libopencm3/lib/libopencm3_stm32f7.a(usb_dwc_common.o)
                0x0000000008001a02                dwc_endpoints_reset
 .text.dwc_ep_stall_set
                0x0000000008001a4a       0x7a /home/maddocks/src/i2c-f7/i2c-star/libopencm3/lib/libopencm3_stm32f7.a(usb_dwc_common.o)
                0x0000000008001a4a                dwc_ep_stall_set
 .text.dwc_ep_stall_get
                0x0000000008001ac4       0x1e /home/maddocks/src/i2c-f7/i2c-star/libopencm3/lib/libopencm3_stm32f7.a(usb_dwc_common.o)
                0x0000000008001ac4                dwc_ep_stall_get
 .text.dwc_ep_nak_set
                0x0000000008001ae2       0x28 /home/maddocks/src/i2c-f7/i2c-star/libopencm3/lib/libopencm3_stm32f7.a(usb_dwc_common.o)
                0x0000000008001ae2                dwc_ep_nak_set
 .text.dwc_ep_write_packet
                0x0000000008001b0a       0x4a /home/maddocks/src/i2c-f7/i2c-star/libopencm3/lib/libopencm3_stm32f7.a(usb_dwc_common.o)
                0x0000000008001b0a                dwc_ep_write_packet
 .text.dwc_ep_read_packet
                0x0000000008001b54       0x74 /home/maddocks/src/i2c-f7/i2c-star/libopencm3/lib/libopencm3_stm32f7.a(usb_dwc_common.o)
                0x0000000008001b54                dwc_ep_read_packet
 .text.dwc_poll
                0x0000000008001bc8      0x1e4 /home/maddocks/src/i2c-f7/i2c-star/libopencm3/lib/libopencm3_stm32f7.a(usb_dwc_common.o)
                0x0000000008001bc8                dwc_poll
 .text.dwc_disconnect
                0x0000000008001dac       0x1c /home/maddocks/src/i2c-f7/i2c-star/libopencm3/lib/libopencm3_stm32f7.a(usb_dwc_common.o)
                0x0000000008001dac                dwc_disconnect
 .text.blocking_handler
                0x0000000008001dc8        0x2 /home/maddocks/src/i2c-f7/i2c-star/libopencm3/lib/libopencm3_stm32f7.a(vector.o)
                0x0000000008001dc8                i2c4_ev_isr
                0x0000000008001dc8                dma2_stream1_isr
                0x0000000008001dc8                tim8_brk_tim12_isr
                0x0000000008001dc8                dma1_stream7_isr
                0x0000000008001dc8                usart3_isr
                0x0000000008001dc8                dfsdm1_flt3_isr
                0x0000000008001dc8                tim7_isr
                0x0000000008001dc8                dma2d_isr
                0x0000000008001dc8                uart8_isr
                0x0000000008001dc8                dma1_stream2_isr
                0x0000000008001dc8                dsihost_isr
                0x0000000008001dc8                i2c4_er_isr
                0x0000000008001dc8                otg_hs_isr
                0x0000000008001dc8                dfsdm1_flt2_isr
                0x0000000008001dc8                blocking_handler
                0x0000000008001dc8                tim5_isr
                0x0000000008001dc8                rtc_wkup_isr
                0x0000000008001dc8                otg_fs_isr
                0x0000000008001dc8                spi1_isr
                0x0000000008001dc8                i2c3_er_isr
                0x0000000008001dc8                exti2_isr
                0x0000000008001dc8                spi5_isr
                0x0000000008001dc8                usb_fs_wkup_isr
                0x0000000008001dc8                tamp_stamp_isr
                0x0000000008001dc8                can1_rx1_isr
                0x0000000008001dc8                dma2_stream0_isr
                0x0000000008001dc8                usart1_isr
                0x0000000008001dc8                i2c3_ev_isr
                0x0000000008001dc8                usage_fault_handler
                0x0000000008001dc8                can2_rx0_isr
                0x0000000008001dc8                dma1_stream6_isr
                0x0000000008001dc8                can2_rx1_isr
                0x0000000008001dc8                can1_sce_isr
                0x0000000008001dc8                tim1_cc_isr
                0x0000000008001dc8                can1_tx_isr
                0x0000000008001dc8                tim1_up_tim10_isr
                0x0000000008001dc8                eth_isr
                0x0000000008001dc8                spi6_isr
                0x0000000008001dc8                dma2_stream5_isr
                0x0000000008001dc8                pvd_isr
                0x0000000008001dc8                can1_rx0_isr
                0x0000000008001dc8                rcc_isr
                0x0000000008001dc8                dma2_stream3_isr
                0x0000000008001dc8                flash_isr
                0x0000000008001dc8                uart4_isr
                0x0000000008001dc8                lcd_tft_isr
                0x0000000008001dc8                rtc_alarm_isr
                0x0000000008001dc8                exti15_10_isr
                0x0000000008001dc8                hash_rng_isr
                0x0000000008001dc8                tim1_trg_com_tim11_isr
                0x0000000008001dc8                hard_fault_handler
                0x0000000008001dc8                exti1_isr
                0x0000000008001dc8                i2c1_ev_isr
                0x0000000008001dc8                usart6_isr
                0x0000000008001dc8                sdmmc2_isr
                0x0000000008001dc8                spi2_isr
                0x0000000008001dc8                cryp_isr
                0x0000000008001dc8                nvic_wwdg_isr
                0x0000000008001dc8                dma1_stream1_isr
                0x0000000008001dc8                dma2_stream4_isr
                0x0000000008001dc8                exti3_isr
                0x0000000008001dc8                tim3_isr
                0x0000000008001dc8                usart2_isr
                0x0000000008001dc8                sai1_isr
                0x0000000008001dc8                fpu_isr
                0x0000000008001dc8                dma1_stream4_isr
                0x0000000008001dc8                i2c2_er_isr
                0x0000000008001dc8                i2c2_ev_isr
                0x0000000008001dc8                dfsdm1_flt0_isr
                0x0000000008001dc8                uart5_isr
                0x0000000008001dc8                dma2_stream6_isr
                0x0000000008001dc8                spi4_isr
                0x0000000008001dc8                adc_isr
                0x0000000008001dc8                dma2_stream7_isr
                0x0000000008001dc8                tim8_up_tim13_isr
                0x0000000008001dc8                fsmc_isr
                0x0000000008001dc8                exti4_isr
                0x0000000008001dc8                tim6_dac_isr
                0x0000000008001dc8                spdifrx_isr
                0x0000000008001dc8                lp_timer1_isr
                0x0000000008001dc8                dma1_stream3_isr
                0x0000000008001dc8                tim8_trg_com_tim14_isr
                0x0000000008001dc8                mem_manage_handler
                0x0000000008001dc8                lcd_tft_err_isr
                0x0000000008001dc8                can2_tx_isr
                0x0000000008001dc8                exti9_5_isr
                0x0000000008001dc8                tim1_brk_tim9_isr
                0x0000000008001dc8                uart7_isr
                0x0000000008001dc8                can2_sce_isr
                0x0000000008001dc8                tim4_isr
                0x0000000008001dc8                hdmi_cec_isr
                0x0000000008001dc8                sai2_isr
                0x0000000008001dc8                otg_hs_wkup_isr
                0x0000000008001dc8                i2c1_er_isr
                0x0000000008001dc8                dma1_stream0_isr
                0x0000000008001dc8                tim8_cc_isr
                0x0000000008001dc8                dcmi_isr
                0x0000000008001dc8                dfsdm1_flt1_isr
                0x0000000008001dc8                dma2_stream2_isr
                0x0000000008001dc8                eth_wkup_isr
                0x0000000008001dc8                bus_fault_handler
                0x0000000008001dc8                otg_hs_ep1_out_isr
                0x0000000008001dc8                sdmmc1_isr
                0x0000000008001dc8                spi3_isr
                0x0000000008001dc8                quadspi_isr
                0x0000000008001dc8                dma1_stream5_isr
                0x0000000008001dc8                otg_hs_ep1_in_isr
                0x0000000008001dc8                tim2_isr
                0x0000000008001dc8                exti0_isr
 .text.null_handler
                0x0000000008001dca        0x2 /home/maddocks/src/i2c-f7/i2c-star/libopencm3/lib/libopencm3_stm32f7.a(vector.o)
                0x0000000008001dca                null_handler
                0x0000000008001dca                sv_call_handler
                0x0000000008001dca                pend_sv_handler
                0x0000000008001dca                debug_monitor_handler
                0x0000000008001dca                nmi_handler
 .text.reset_handler
                0x0000000008001dcc       0x98 /home/maddocks/src/i2c-f7/i2c-star/libopencm3/lib/libopencm3_stm32f7.a(vector.o)
                0x0000000008001dcc                reset_handler
 .text.systick_set_reload
                0x0000000008001e64       0x10 /home/maddocks/src/i2c-f7/i2c-star/libopencm3/lib/libopencm3_stm32f7.a(systick.o)
                0x0000000008001e64                systick_set_reload
 .text.systick_set_clocksource
                0x0000000008001e74       0x18 /home/maddocks/src/i2c-f7/i2c-star/libopencm3/lib/libopencm3_stm32f7.a(systick.o)
                0x0000000008001e74                systick_set_clocksource
 .text.systick_interrupt_enable
                0x0000000008001e8c       0x10 /home/maddocks/src/i2c-f7/i2c-star/libopencm3/lib/libopencm3_stm32f7.a(systick.o)
                0x0000000008001e8c                systick_interrupt_enable
 .text.systick_counter_enable
                0x0000000008001e9c       0x10 /home/maddocks/src/i2c-f7/i2c-star/libopencm3/lib/libopencm3_stm32f7.a(systick.o)
                0x0000000008001e9c                systick_counter_enable
 .text.flash_prefetch_enable
                0x0000000008001eac       0x10 /home/maddocks/src/i2c-f7/i2c-star/libopencm3/lib/libopencm3_stm32f7.a(flash_common_all.o)
                0x0000000008001eac                flash_prefetch_enable
 .text.flash_set_ws
                0x0000000008001ebc       0x14 /home/maddocks/src/i2c-f7/i2c-star/libopencm3/lib/libopencm3_stm32f7.a(flash_common_all.o)
                0x0000000008001ebc                flash_set_ws
 .text.flash_art_enable
                0x0000000008001ed0       0x10 /home/maddocks/src/i2c-f7/i2c-star/libopencm3/lib/libopencm3_stm32f7.a(flash.o)
                0x0000000008001ed0                flash_art_enable
 .text.pwr_set_vos_scale
                0x0000000008001ee0       0x34 /home/maddocks/src/i2c-f7/i2c-star/libopencm3/lib/libopencm3_stm32f7.a(pwr.o)
                0x0000000008001ee0                pwr_set_vos_scale
 .text.pwr_enable_overdrive
                0x0000000008001f14       0x2c /home/maddocks/src/i2c-f7/i2c-star/libopencm3/lib/libopencm3_stm32f7.a(pwr.o)
                0x0000000008001f14                pwr_enable_overdrive
 .text          0x0000000008001f40       0x10 /usr/lib/gcc/arm-none-eabi/9.2.1/../../../arm-none-eabi/lib/thumb/v7e-m+fp/hard/libc.a(lib_a-abort.o)
                0x0000000008001f40                abort
 .text          0x0000000008001f50       0x44 /usr/lib/gcc/arm-none-eabi/9.2.1/../../../arm-none-eabi/lib/thumb/v7e-m+fp/hard/libc.a(lib_a-fprintf.o)
                0x0000000008001f50                _fprintf_r
                0x0000000008001f6c                fprintf
 .text          0x0000000008001f94      0x564 /usr/lib/gcc/arm-none-eabi/9.2.1/../../../arm-none-eabi/lib/thumb/v7e-m+fp/hard/libc.a(lib_a-mallocr.o)
                0x0000000008001f94                _malloc_r
 .text          0x00000000080024f8      0x134 /usr/lib/gcc/arm-none-eabi/9.2.1/../../../arm-none-eabi/lib/thumb/v7e-m+fp/hard/libc.a(lib_a-memcpy.o)
                0x00000000080024f8                memcpy
 .text          0x000000000800262c       0xa0 /usr/lib/gcc/arm-none-eabi/9.2.1/../../../arm-none-eabi/lib/thumb/v7e-m+fp/hard/libc.a(lib_a-memset.o)
                0x000000000800262c                memset
 .text          0x00000000080026cc        0x8 /usr/lib/gcc/arm-none-eabi/9.2.1/../../../arm-none-eabi/lib/thumb/v7e-m+fp/hard/libc.a(lib_a-mlock.o)
                0x00000000080026cc                __malloc_lock
                0x00000000080026d0                __malloc_unlock
 .text          0x00000000080026d4       0x78 /usr/lib/gcc/arm-none-eabi/9.2.1/../../../arm-none-eabi/lib/thumb/v7e-m+fp/hard/libc.a(lib_a-puts.o)
                0x00000000080026d4                _puts_r
                0x000000000800273c                puts
 .text          0x000000000800274c       0x24 /usr/lib/gcc/arm-none-eabi/9.2.1/../../../arm-none-eabi/lib/thumb/v7e-m+fp/hard/libc.a(lib_a-sbrkr.o)
                0x000000000800274c                _sbrk_r
 .text          0x0000000008002770      0x15c /usr/lib/gcc/arm-none-eabi/9.2.1/../../../arm-none-eabi/lib/thumb/v7e-m+fp/hard/libc.a(lib_a-signal.o)
                0x0000000008002798                _init_signal_r
                0x00000000080027a4                _signal_r
                0x00000000080027dc                _raise_r
                0x0000000008002834                __sigtramp_r
                0x0000000008002888                raise
                0x0000000008002898                signal
                0x00000000080028a8                _init_signal
                0x00000000080028bc                __sigtramp
 .text          0x00000000080028cc       0x2c /usr/lib/gcc/arm-none-eabi/9.2.1/../../../arm-none-eabi/lib/thumb/v7e-m+fp/hard/libc.a(lib_a-signalr.o)
                0x00000000080028cc                _kill_r
                0x00000000080028f4                _getpid_r
 *fill*         0x00000000080028f8        0x8 
 .text          0x0000000008002900       0xdc /usr/lib/gcc/arm-none-eabi/9.2.1/../../../arm-none-eabi/lib/thumb/v7e-m+fp/hard/libc.a(lib_a-strlen.o)
                0x0000000008002900                strlen
 *fill*         0x00000000080029dc        0x4 
 .text          0x00000000080029e0     0x1580 /usr/lib/gcc/arm-none-eabi/9.2.1/../../../arm-none-eabi/lib/thumb/v7e-m+fp/hard/libc.a(lib_a-vfprintf.o)
                0x00000000080029e0                _vfprintf_r
                0x0000000008003edc                vfprintf
 .text          0x0000000008003f60       0xd0 /usr/lib/gcc/arm-none-eabi/9.2.1/../../../arm-none-eabi/lib/thumb/v7e-m+fp/hard/libc.a(lib_a-wsetup.o)
                0x0000000008003f60                __swsetup_r
 .text          0x0000000008004030      0xfc0 /usr/lib/gcc/arm-none-eabi/9.2.1/../../../arm-none-eabi/lib/thumb/v7e-m+fp/hard/libc.a(lib_a-dtoa.o)
                0x0000000008004154                _dtoa_r
 .text          0x0000000008004ff0      0x1a4 /usr/lib/gcc/arm-none-eabi/9.2.1/../../../arm-none-eabi/lib/thumb/v7e-m+fp/hard/libc.a(lib_a-fflush.o)
                0x0000000008004ff0                __sflush_r
                0x000000000800513c                _fflush_r
                0x0000000008005170                fflush
 .text          0x0000000008005194      0x1f4 /usr/lib/gcc/arm-none-eabi/9.2.1/../../../arm-none-eabi/lib/thumb/v7e-m+fp/hard/libc.a(lib_a-findfp.o)
                0x0000000008005198                _cleanup_r
                0x000000000800527c                __sfmoreglue
                0x00000000080052ac                __sfp
                0x0000000008005334                _cleanup
                0x0000000008005348                __sinit
                0x0000000008005350                __sfp_lock_acquire
                0x0000000008005354                __sfp_lock_release
                0x0000000008005358                __sinit_lock_acquire
                0x000000000800535c                __sinit_lock_release
                0x0000000008005360                __fp_lock_all
                0x0000000008005374                __fp_unlock_all
 .text          0x0000000008005388      0x294 /usr/lib/gcc/arm-none-eabi/9.2.1/../../../arm-none-eabi/lib/thumb/v7e-m+fp/hard/libc.a(lib_a-freer.o)
                0x0000000008005388                _malloc_trim_r
                0x0000000008005428                _free_r
 .text          0x000000000800561c      0x308 /usr/lib/gcc/arm-none-eabi/9.2.1/../../../arm-none-eabi/lib/thumb/v7e-m+fp/hard/libc.a(lib_a-fvwrite.o)
                0x000000000800561c                __sfvwrite_r
 .text          0x0000000008005924       0xa0 /usr/lib/gcc/arm-none-eabi/9.2.1/../../../arm-none-eabi/lib/thumb/v7e-m+fp/hard/libc.a(lib_a-fwalk.o)
                0x0000000008005924                _fwalk
                0x0000000008005970                _fwalk_reent
 .text          0x00000000080059c4       0x14 /usr/lib/gcc/arm-none-eabi/9.2.1/../../../arm-none-eabi/lib/thumb/v7e-m+fp/hard/libc.a(lib_a-localeconv.o)
                0x00000000080059c4                __localeconv_l
                0x00000000080059c8                _localeconv_r
                0x00000000080059d0                localeconv
 .text          0x00000000080059d8       0xf0 /usr/lib/gcc/arm-none-eabi/9.2.1/../../../arm-none-eabi/lib/thumb/v7e-m+fp/hard/libc.a(lib_a-makebuf.o)
                0x00000000080059d8                __swhatbuf_r
                0x0000000008005a34                __smakebuf_r
 *fill*         0x0000000008005ac8        0x8 
 .text          0x0000000008005ad0       0xa0 /usr/lib/gcc/arm-none-eabi/9.2.1/../../../arm-none-eabi/lib/thumb/v7e-m+fp/hard/libc.a(lib_a-memchr.o)
                0x0000000008005ad0                memchr
 .text          0x0000000008005b70       0xd0 /usr/lib/gcc/arm-none-eabi/9.2.1/../../../arm-none-eabi/lib/thumb/v7e-m+fp/hard/libc.a(lib_a-memmove.o)
                0x0000000008005b70                memmove
 .text          0x0000000008005c40      0x9a8 /usr/lib/gcc/arm-none-eabi/9.2.1/../../../arm-none-eabi/lib/thumb/v7e-m+fp/hard/libc.a(lib_a-mprec.o)
                0x0000000008005c40                _Balloc
                0x0000000008005c8c                _Bfree
                0x0000000008005ca0                __multadd
                0x0000000008005d44                __s2b
                0x0000000008005df0                __hi0bits
                0x0000000008005e30                __lo0bits
                0x0000000008005e90                __i2b
                0x0000000008005ebc                __multiply
                0x0000000008006008                __pow5mult
                0x00000000080060a0                __lshift
                0x000000000800616c                __mcmp
                0x00000000080061a4                __mdiff
                0x00000000080062cc                __ulp
                0x000000000800631c                __b2d
                0x00000000080063d4                __d2b
                0x00000000080064a8                __ratio
                0x0000000008006508                _mprec_log10
                0x0000000008006548                __copybits
                0x0000000008006590                __any_on
 .text          0x00000000080065e8      0x36c /usr/lib/gcc/arm-none-eabi/9.2.1/../../../arm-none-eabi/lib/thumb/v7e-m+fp/hard/libc.a(lib_a-reallocr.o)
                0x00000000080065e8                _realloc_r
 .text          0x0000000008006954       0x90 /usr/lib/gcc/arm-none-eabi/9.2.1/../../../arm-none-eabi/lib/thumb/v7e-m+fp/hard/libc.a(lib_a-stdio.o)
                0x0000000008006954                __sread
                0x0000000008006978                __seofread
                0x000000000800697c                __swrite
                0x00000000080069bc                __sseek
                0x00000000080069dc                __sclose
 .text          0x00000000080069e4      0xd00 /usr/lib/gcc/arm-none-eabi/9.2.1/../../../arm-none-eabi/lib/thumb/v7e-m+fp/hard/libc.a(lib_a-vfiprintf.o)
                0x0000000008006a5c                __sprint_r
                0x0000000008006a70                _vfiprintf_r
                0x0000000008007660                vfiprintf
 .text          0x00000000080076e4       0x2c /usr/lib/gcc/arm-none-eabi/9.2.1/../../../arm-none-eabi/lib/thumb/v7e-m+fp/hard/libc.a(lib_a-writer.o)
                0x00000000080076e4                _write_r
 .text          0x0000000008007710       0x48 /usr/lib/gcc/arm-none-eabi/9.2.1/../../../arm-none-eabi/lib/thumb/v7e-m+fp/hard/libc.a(lib_a-assert.o)
                0x0000000008007710                __assert_func
                0x000000000800774c                __assert
 .text          0x0000000008007758       0x60 /usr/lib/gcc/arm-none-eabi/9.2.1/../../../arm-none-eabi/lib/thumb/v7e-m+fp/hard/libc.a(lib_a-callocr.o)
                0x0000000008007758                _calloc_r
 .text          0x00000000080077b8       0x24 /usr/lib/gcc/arm-none-eabi/9.2.1/../../../arm-none-eabi/lib/thumb/v7e-m+fp/hard/libc.a(lib_a-closer.o)
                0x00000000080077b8                _close_r
 .text          0x00000000080077dc       0x98 /usr/lib/gcc/arm-none-eabi/9.2.1/../../../arm-none-eabi/lib/thumb/v7e-m+fp/hard/libc.a(lib_a-fclose.o)
                0x00000000080077dc                _fclose_r
                0x0000000008007864                fclose
 .text          0x0000000008007874       0x44 /usr/lib/gcc/arm-none-eabi/9.2.1/../../../arm-none-eabi/lib/thumb/v7e-m+fp/hard/libc.a(lib_a-fiprintf.o)
                0x0000000008007874                _fiprintf_r
                0x0000000008007890                fiprintf
 .text          0x00000000080078b8      0x110 /usr/lib/gcc/arm-none-eabi/9.2.1/../../../arm-none-eabi/lib/thumb/v7e-m+fp/hard/libc.a(lib_a-fputwc.o)
                0x00000000080078b8                __fputwc
                0x0000000008007960                _fputwc_r
                0x0000000008007988                fputwc
 .text          0x00000000080079c8       0x28 /usr/lib/gcc/arm-none-eabi/9.2.1/../../../arm-none-eabi/lib/thumb/v7e-m+fp/hard/libc.a(lib_a-fstatr.o)
                0x00000000080079c8                _fstat_r
 .text          0x00000000080079f0       0x24 /usr/lib/gcc/arm-none-eabi/9.2.1/../../../arm-none-eabi/lib/thumb/v7e-m+fp/hard/libc.a(lib_a-isattyr.o)
                0x00000000080079f0                _isatty_r
 .text          0x0000000008007a14       0x5c /usr/lib/gcc/arm-none-eabi/9.2.1/../../../arm-none-eabi/lib/thumb/v7e-m+fp/hard/libc.a(lib_a-locale.o)
                0x0000000008007a14                _setlocale_r
                0x0000000008007a54                __locale_mb_cur_max
                0x0000000008007a60                setlocale
 .text          0x0000000008007a70       0x2c /usr/lib/gcc/arm-none-eabi/9.2.1/../../../arm-none-eabi/lib/thumb/v7e-m+fp/hard/libc.a(lib_a-lseekr.o)
                0x0000000008007a70                _lseek_r
 .text          0x0000000008007a9c       0x40 /usr/lib/gcc/arm-none-eabi/9.2.1/../../../arm-none-eabi/lib/thumb/v7e-m+fp/hard/libc.a(lib_a-mbtowc_r.o)
                0x0000000008007a9c                _mbtowc_r
                0x0000000008007ab0                __ascii_mbtowc
 .text          0x0000000008007adc       0x2c /usr/lib/gcc/arm-none-eabi/9.2.1/../../../arm-none-eabi/lib/thumb/v7e-m+fp/hard/libc.a(lib_a-readr.o)
                0x0000000008007adc                _read_r
 *fill*         0x0000000008007b08       0x18 
 .text          0x0000000008007b20      0x2dc /usr/lib/gcc/arm-none-eabi/9.2.1/../../../arm-none-eabi/lib/thumb/v7e-m+fp/hard/libc.a(lib_a-strcmp.o)
                0x0000000008007b28                strcmp
 .text          0x0000000008007dfc       0xc0 /usr/lib/gcc/arm-none-eabi/9.2.1/../../../arm-none-eabi/lib/thumb/v7e-m+fp/hard/libc.a(lib_a-wbuf.o)
                0x0000000008007dfc                __swbuf_r
                0x0000000008007eac                __swbuf
 .text          0x0000000008007ebc       0x7c /usr/lib/gcc/arm-none-eabi/9.2.1/../../../arm-none-eabi/lib/thumb/v7e-m+fp/hard/libc.a(lib_a-wcrtomb.o)
                0x0000000008007ebc                _wcrtomb_r
                0x0000000008007ef0                wcrtomb
 .text          0x0000000008007f38       0x30 /usr/lib/gcc/arm-none-eabi/9.2.1/../../../arm-none-eabi/lib/thumb/v7e-m+fp/hard/libc.a(lib_a-wctomb_r.o)
                0x0000000008007f38                _wctomb_r
                0x0000000008007f4c                __ascii_wctomb
 .text          0x0000000008007f68      0x378 /usr/lib/gcc/arm-none-eabi/9.2.1/thumb/v7e-m+fp/hard/libgcc.a(_arm_addsubdf3.o)
                0x0000000008007f68                __aeabi_drsub
                0x0000000008007f70                __aeabi_dsub
                0x0000000008007f70                __subdf3
                0x0000000008007f74                __adddf3
                0x0000000008007f74                __aeabi_dadd
                0x00000000080081ec                __aeabi_ui2d
                0x00000000080081ec                __floatunsidf
                0x000000000800820c                __floatsidf
                0x000000000800820c                __aeabi_i2d
                0x0000000008008230                __extendsfdf2
                0x0000000008008230                __aeabi_f2d
                0x0000000008008274                __aeabi_ul2d
                0x0000000008008274                __floatundidf
                0x0000000008008284                __floatdidf
                0x0000000008008284                __aeabi_l2d
 .text          0x00000000080082e0      0x424 /usr/lib/gcc/arm-none-eabi/9.2.1/thumb/v7e-m+fp/hard/libgcc.a(_arm_muldivdf3.o)
                0x00000000080082e0                __aeabi_dmul
                0x00000000080082e0                __muldf3
                0x0000000008008534                __aeabi_ddiv
                0x0000000008008534                __divdf3
 .text          0x0000000008008704      0x110 /usr/lib/gcc/arm-none-eabi/9.2.1/thumb/v7e-m+fp/hard/libgcc.a(_arm_cmpdf2.o)
                0x0000000008008704                __gtdf2
                0x0000000008008704                __gedf2
                0x000000000800870c                __ltdf2
                0x000000000800870c                __ledf2
                0x0000000008008714                __cmpdf2
                0x0000000008008714                __eqdf2
                0x0000000008008714                __nedf2
                0x0000000008008790                __aeabi_cdrcmple
                0x00000000080087a0                __aeabi_cdcmple
                0x00000000080087a0                __aeabi_cdcmpeq
                0x00000000080087b0                __aeabi_dcmpeq
                0x00000000080087c4                __aeabi_dcmplt
                0x00000000080087d8                __aeabi_dcmple
                0x00000000080087ec                __aeabi_dcmpge
                0x0000000008008800                __aeabi_dcmpgt
 .text          0x0000000008008814       0x2c /usr/lib/gcc/arm-none-eabi/9.2.1/thumb/v7e-m+fp/hard/libgcc.a(_arm_unorddf2.o)
                0x0000000008008814                __aeabi_dcmpun
                0x0000000008008814                __unorddf2
 .text          0x0000000008008840       0x50 /usr/lib/gcc/arm-none-eabi/9.2.1/thumb/v7e-m+fp/hard/libgcc.a(_arm_fixdfsi.o)
                0x0000000008008840                __fixdfsi
                0x0000000008008840                __aeabi_d2iz
 .text          0x0000000008008890       0x30 /usr/lib/gcc/arm-none-eabi/9.2.1/thumb/v7e-m+fp/hard/libgcc.a(_aeabi_uldivmod.o)
                0x0000000008008890                __aeabi_uldivmod
 .text          0x00000000080088c0      0x2c4 /usr/lib/gcc/arm-none-eabi/9.2.1/thumb/v7e-m+fp/hard/libgcc.a(_udivmoddi4.o)
                0x00000000080088c0                __udivmoddi4
 .text          0x0000000008008b84        0x4 /usr/lib/gcc/arm-none-eabi/9.2.1/thumb/v7e-m+fp/hard/libgcc.a(_dvmd_tls.o)
                0x0000000008008b84                __aeabi_ldiv0
                0x0000000008008b84                __aeabi_idiv0
 .text          0x0000000008008b88       0x10 /usr/lib/gcc/arm-none-eabi/9.2.1/../../../arm-none-eabi/lib/thumb/v7e-m+fp/hard/libnosys.a(close.o)
                0x0000000008008b88                _close
 .text          0x0000000008008b98       0x10 /usr/lib/gcc/arm-none-eabi/9.2.1/../../../arm-none-eabi/lib/thumb/v7e-m+fp/hard/libnosys.a(fstat.o)
                0x0000000008008b98                _fstat
 .text          0x0000000008008ba8       0x10 /usr/lib/gcc/arm-none-eabi/9.2.1/../../../arm-none-eabi/lib/thumb/v7e-m+fp/hard/libnosys.a(getpid.o)
                0x0000000008008ba8                _getpid
 .text          0x0000000008008bb8       0x10 /usr/lib/gcc/arm-none-eabi/9.2.1/../../../arm-none-eabi/lib/thumb/v7e-m+fp/hard/libnosys.a(isatty.o)
                0x0000000008008bb8                _isatty
 .text          0x0000000008008bc8       0x10 /usr/lib/gcc/arm-none-eabi/9.2.1/../../../arm-none-eabi/lib/thumb/v7e-m+fp/hard/libnosys.a(kill.o)
                0x0000000008008bc8                _kill
 .text          0x0000000008008bd8       0x10 /usr/lib/gcc/arm-none-eabi/9.2.1/../../../arm-none-eabi/lib/thumb/v7e-m+fp/hard/libnosys.a(lseek.o)
                0x0000000008008bd8                _lseek
 .text          0x0000000008008be8       0x10 /usr/lib/gcc/arm-none-eabi/9.2.1/../../../arm-none-eabi/lib/thumb/v7e-m+fp/hard/libnosys.a(read.o)
                0x0000000008008be8                _read
 .text          0x0000000008008bf8       0x1c /usr/lib/gcc/arm-none-eabi/9.2.1/../../../arm-none-eabi/lib/thumb/v7e-m+fp/hard/libnosys.a(sbrk.o)
                0x0000000008008bf8                _sbrk
 .text          0x0000000008008c14       0x10 /usr/lib/gcc/arm-none-eabi/9.2.1/../../../arm-none-eabi/lib/thumb/v7e-m+fp/hard/libnosys.a(write.o)
                0x0000000008008c14                _write
 .text          0x0000000008008c24        0x4 /usr/lib/gcc/arm-none-eabi/9.2.1/../../../arm-none-eabi/lib/thumb/v7e-m+fp/hard/libnosys.a(_exit.o)
                0x0000000008008c24                _exit
                0x0000000008008c28                . = ALIGN (0x4)
 *(.rodata*)
 .rodata.i2c_ctx_is_timed_out.str1.1
                0x0000000008008c28       0x1a i2c_ctx.o
 .rodata.str1.1
                0x0000000008008c42       0xc3 i2c_ctx.o
 *fill*         0x0000000008008d05        0x3 
 .rodata.i2c_cr1_desc
                0x0000000008008d08       0x80 i2c_ctx.o
 .rodata.fregdump_single.str1.1
                0x0000000008008d88       0x1d regdump.o
 .rodata.str1.1
                0x0000000008008da5       0x26 i2c-stm32f7-usb.o
 .rodata.config
                0x0000000008008dcb        0xd i2c-stm32f7-usb.o
 .rodata.dev    0x0000000008008dd8       0x12 i2c-stm32f7-usb.o
 .rodata.i2c_endpoint
                0x0000000008008dea        0xf i2c-stm32f7-usb.o
                0x0000000008008dea                i2c_endpoint
 .rodata.i2c_iface
                0x0000000008008df9       0x15 i2c-stm32f7-usb.o
                0x0000000008008df9                i2c_iface
 *fill*         0x0000000008008e0e        0x2 
 .rodata.ifaces
                0x0000000008008e10       0x10 i2c-stm32f7-usb.o
                0x0000000008008e10                ifaces
 .rodata.rcc_3v3
                0x0000000008008e20       0xa8 /home/maddocks/src/i2c-f7/i2c-star/libopencm3/lib/libopencm3_stm32f7.a(rcc.o)
                0x0000000008008e20                rcc_3v3
 .rodata.stm32f107_usb_driver
                0x0000000008008ec8       0x34 /home/maddocks/src/i2c-f7/i2c-star/libopencm3/lib/libopencm3_stm32f7.a(usb_f107.o)
                0x0000000008008ec8                stm32f107_usb_driver
 .rodata        0x0000000008008efc        0x4 /usr/lib/gcc/arm-none-eabi/9.2.1/../../../arm-none-eabi/lib/thumb/v7e-m+fp/hard/libc.a(lib_a-impure.o)
                0x0000000008008efc                _global_impure_ptr
 .rodata.str1.4
                0x0000000008008f00        0x2 /usr/lib/gcc/arm-none-eabi/9.2.1/../../../arm-none-eabi/lib/thumb/v7e-m+fp/hard/libc.a(lib_a-puts.o)
 *fill*         0x0000000008008f02        0x2 
 .rodata        0x0000000008008f04       0x20 /usr/lib/gcc/arm-none-eabi/9.2.1/../../../arm-none-eabi/lib/thumb/v7e-m+fp/hard/libc.a(lib_a-vfprintf.o)
 .rodata.str1.4
                0x0000000008008f24       0x42 /usr/lib/gcc/arm-none-eabi/9.2.1/../../../arm-none-eabi/lib/thumb/v7e-m+fp/hard/libc.a(lib_a-vfprintf.o)
 *fill*         0x0000000008008f66        0x2 
 .rodata.str1.4
                0x0000000008008f68       0x56 /usr/lib/gcc/arm-none-eabi/9.2.1/../../../arm-none-eabi/lib/thumb/v7e-m+fp/hard/libc.a(lib_a-dtoa.o)
                                         0x5a (size before relaxing)
 *fill*         0x0000000008008fbe        0x2 
 .rodata        0x0000000008008fc0      0x128 /usr/lib/gcc/arm-none-eabi/9.2.1/../../../arm-none-eabi/lib/thumb/v7e-m+fp/hard/libc.a(lib_a-mprec.o)
                0x0000000008008fd0                __mprec_tens
                0x0000000008009098                __mprec_tinytens
                0x00000000080090c0                __mprec_bigtens
 .rodata.str1.4
                0x00000000080090e8       0x33 /usr/lib/gcc/arm-none-eabi/9.2.1/../../../arm-none-eabi/lib/thumb/v7e-m+fp/hard/libc.a(lib_a-mprec.o)
                                         0x47 (size before relaxing)
 *fill*         0x000000000800911b        0x1 
 .rodata        0x000000000800911c       0x20 /usr/lib/gcc/arm-none-eabi/9.2.1/../../../arm-none-eabi/lib/thumb/v7e-m+fp/hard/libc.a(lib_a-vfiprintf.o)
 .rodata.str1.4
                0x000000000800913c       0x2f /usr/lib/gcc/arm-none-eabi/9.2.1/../../../arm-none-eabi/lib/thumb/v7e-m+fp/hard/libc.a(lib_a-vfiprintf.o)
 .rodata.str1.4
                0x000000000800913c       0x3f /usr/lib/gcc/arm-none-eabi/9.2.1/../../../arm-none-eabi/lib/thumb/v7e-m+fp/hard/libc.a(lib_a-assert.o)
                                         0x43 (size before relaxing)
 *fill*         0x000000000800917b        0x1 
 .rodata.str1.4
                0x000000000800917c        0xe /usr/lib/gcc/arm-none-eabi/9.2.1/../../../arm-none-eabi/lib/thumb/v7e-m+fp/hard/libc.a(lib_a-locale.o)
                                         0x12 (size before relaxing)
 *fill*         0x000000000800918a        0x2 
 .rodata        0x000000000800918c      0x101 /usr/lib/gcc/arm-none-eabi/9.2.1/../../../arm-none-eabi/lib/thumb/v7e-m+fp/hard/libc.a(lib_a-ctype_.o)
                0x000000000800918c                _ctype_
                0x0000000008009290                . = ALIGN (0x4)
 *fill*         0x000000000800928d        0x3 

.glue_7         0x0000000008009290        0x0
 .glue_7        0x0000000008009290        0x0 linker stubs

.glue_7t        0x0000000008009290        0x0
 .glue_7t       0x0000000008009290        0x0 linker stubs

.vfp11_veneer   0x0000000008009290        0x0
 .vfp11_veneer  0x0000000008009290        0x0 linker stubs

.v4_bx          0x0000000008009290        0x0
 .v4_bx         0x0000000008009290        0x0 linker stubs

.iplt           0x0000000008009290        0x0
 .iplt          0x0000000008009290        0x0 i2c_ctx.o

.preinit_array  0x0000000008009290        0x0
                0x0000000008009290                . = ALIGN (0x4)
                0x0000000008009290                __preinit_array_start = .
 *(.preinit_array)
                0x0000000008009290                __preinit_array_end = .

.init_array     0x0000000008009290        0x0
                0x0000000008009290                . = ALIGN (0x4)
                0x0000000008009290                __init_array_start = .
 *(SORT_BY_NAME(.init_array.*))
 *(.init_array)
                0x0000000008009290                __init_array_end = .

.fini_array     0x0000000008009290        0x0
                0x0000000008009290                . = ALIGN (0x4)
                0x0000000008009290                __fini_array_start = .
 *(.fini_array)
 *(SORT_BY_NAME(.fini_array.*))
                0x0000000008009290                __fini_array_end = .

.ARM.extab
 *(.ARM.extab*)

.ARM.exidx      0x0000000008009290        0x8
                0x0000000008009290                __exidx_start = .
 *(.ARM.exidx*)
 .ARM.exidx     0x0000000008009290        0x8 /usr/lib/gcc/arm-none-eabi/9.2.1/thumb/v7e-m+fp/hard/libgcc.a(_udivmoddi4.o)
                0x0000000008009298                __exidx_end = .

.rel.dyn        0x0000000008009298        0x0
 .rel.iplt      0x0000000008009298        0x0 i2c_ctx.o
                0x0000000008009298                . = ALIGN (0x4)
                0x0000000008009298                _etext = .

.data           0x0000000020000000      0xa04 load address 0x0000000008009298
                0x0000000020000000                _data = .
 *(.data*)
 .data.kernel   0x0000000020000000       0x34 fibre.o
 .data.usb_strings
                0x0000000020000034        0x8 i2c-stm32f7-usb.o
 .data.usb_task
                0x000000002000003c       0x10 i2c-stm32f7-usb.o
 .data.rcc_ahb_frequency
                0x000000002000004c        0x4 /home/maddocks/src/i2c-f7/i2c-star/libopencm3/lib/libopencm3_stm32f7.a(rcc.o)
                0x000000002000004c                rcc_ahb_frequency
 .data.rcc_apb1_frequency
                0x0000000020000050        0x4 /home/maddocks/src/i2c-f7/i2c-star/libopencm3/lib/libopencm3_stm32f7.a(rcc.o)
                0x0000000020000050                rcc_apb1_frequency
 .data.rcc_apb2_frequency
                0x0000000020000054        0x4 /home/maddocks/src/i2c-f7/i2c-star/libopencm3/lib/libopencm3_stm32f7.a(rcc.o)
                0x0000000020000054                rcc_apb2_frequency
 .data          0x0000000020000058      0x430 /usr/lib/gcc/arm-none-eabi/9.2.1/../../../arm-none-eabi/lib/thumb/v7e-m+fp/hard/libc.a(lib_a-impure.o)
                0x0000000020000058                _impure_ptr
 .data          0x0000000020000488      0x410 /usr/lib/gcc/arm-none-eabi/9.2.1/../../../arm-none-eabi/lib/thumb/v7e-m+fp/hard/libc.a(lib_a-mallocr.o)
                0x0000000020000488                __malloc_av_
                0x0000000020000890                __malloc_sbrk_base
                0x0000000020000894                __malloc_trim_threshold
 .data          0x0000000020000898      0x16c /usr/lib/gcc/arm-none-eabi/9.2.1/../../../arm-none-eabi/lib/thumb/v7e-m+fp/hard/libc.a(lib_a-locale.o)
                0x0000000020000898                __global_locale
                0x0000000020000a04                . = ALIGN (0x4)
                0x0000000020000a04                _edata = .
                0x0000000008009298                _data_loadaddr = LOADADDR (.data)

.igot.plt       0x0000000020000a04        0x0 load address 0x0000000008009c9c
 .igot.plt      0x0000000020000a04        0x0 i2c_ctx.o

.bss            0x0000000020000a08      0x230 load address 0x0000000008009c9c
 *(.bss*)
 .bss.atomic_runq_buf
                0x0000000020000a08       0x20 fibre.o
 .bss.sys_tick_counter
                0x0000000020000a28        0x8 time_libopencm3.o
 .bss.reply_buf.8496
                0x0000000020000a30       0x40 i2c-stm32f7-usb.o
 .bss.status    0x0000000020000a70        0x1 i2c-stm32f7-usb.o
 .bss.usbd_control_buffer
                0x0000000020000a71       0x80 i2c-stm32f7-usb.o
                0x0000000020000a71                usbd_control_buffer
 *fill*         0x0000000020000af1        0x3 
 .bss.usbd_dev  0x0000000020000af4        0x4 i2c-stm32f7-usb.o
 .bss.usbd_dev  0x0000000020000af8      0x104 /home/maddocks/src/i2c-f7/i2c-star/libopencm3/lib/libopencm3_stm32f7.a(usb_f107.o)
 .bss           0x0000000020000bfc       0x34 /usr/lib/gcc/arm-none-eabi/9.2.1/../../../arm-none-eabi/lib/thumb/v7e-m+fp/hard/libc.a(lib_a-mallocr.o)
                0x0000000020000bfc                __malloc_top_pad
                0x0000000020000c00                __malloc_current_mallinfo
                0x0000000020000c28                __malloc_max_sbrked_mem
                0x0000000020000c2c                __malloc_max_total_mem
 .bss           0x0000000020000c30        0x4 /usr/lib/gcc/arm-none-eabi/9.2.1/../../../arm-none-eabi/lib/thumb/v7e-m+fp/hard/libnosys.a(sbrk.o)
 *(COMMON)
 COMMON         0x0000000020000c34        0x4 /usr/lib/gcc/arm-none-eabi/9.2.1/../../../arm-none-eabi/lib/thumb/v7e-m+fp/hard/libc.a(lib_a-reent.o)
                0x0000000020000c34                errno
                0x0000000020000c38                . = ALIGN (0x4)
                0x0000000020000c38                _ebss = .

/DISCARD/
 *(.eh_frame)
                0x0000000020000c38                . = ALIGN (0x4)
                0x0000000020000c38                end = .
                0x0000000020080000                PROVIDE (_stack = (ORIGIN (ram) + LENGTH (ram)))
OUTPUT(i2c-stm32f7-usb.elf elf32-littlearm)
LOAD linker stubs

.debug_info     0x0000000000000000    0x4079c
 .debug_info    0x0000000000000000     0x1a4b i2c_ctx.o
 .debug_info    0x0000000000001a4b      0x235 bitops.o
 .debug_info    0x0000000000001c80     0x151d fibre.o
 .debug_info    0x000000000000319d       0xd0 fibre_default.o
 .debug_info    0x000000000000326d      0xdf4 list.o
 .debug_info    0x0000000000004061      0xc3b messageq.o
 .debug_info    0x0000000000004c9c      0xbb1 regdump.o
 .debug_info    0x000000000000584d      0x155 time_libopencm3.o
 .debug_info    0x00000000000059a2      0xb15 util.o
 .debug_info    0x00000000000064b7     0x1d89 i2c-stm32f7-usb.o
 .debug_info    0x0000000000008240      0x20f /home/maddocks/src/i2c-f7/i2c-star/libopencm3/lib/libopencm3_stm32f7.a(gpio_common_f0234.o)
 .debug_info    0x000000000000844f      0xeed /home/maddocks/src/i2c-f7/i2c-star/libopencm3/lib/libopencm3_stm32f7.a(i2c_common_v2.o)
 .debug_info    0x000000000000933c     0x1029 /home/maddocks/src/i2c-f7/i2c-star/libopencm3/lib/libopencm3_stm32f7.a(rcc.o)
 .debug_info    0x000000000000a365      0xa7d /home/maddocks/src/i2c-f7/i2c-star/libopencm3/lib/libopencm3_stm32f7.a(rcc_common_all.o)
 .debug_info    0x000000000000ade2     0x1826 /home/maddocks/src/i2c-f7/i2c-star/libopencm3/lib/libopencm3_stm32f7.a(usb.o)
 .debug_info    0x000000000000c608     0x1fc7 /home/maddocks/src/i2c-f7/i2c-star/libopencm3/lib/libopencm3_stm32f7.a(usb_standard.o)
 .debug_info    0x000000000000e5cf     0x18cc /home/maddocks/src/i2c-f7/i2c-star/libopencm3/lib/libopencm3_stm32f7.a(usb_control.o)
 .debug_info    0x000000000000fe9b     0x18e3 /home/maddocks/src/i2c-f7/i2c-star/libopencm3/lib/libopencm3_stm32f7.a(usb_f107.o)
 .debug_info    0x000000000001177e     0x17d1 /home/maddocks/src/i2c-f7/i2c-star/libopencm3/lib/libopencm3_stm32f7.a(usb_dwc_common.o)
 .debug_info    0x0000000000012f4f      0x2e6 /home/maddocks/src/i2c-f7/i2c-star/libopencm3/lib/libopencm3_stm32f7.a(vector.o)
 .debug_info    0x0000000000013235      0x268 /home/maddocks/src/i2c-f7/i2c-star/libopencm3/lib/libopencm3_stm32f7.a(systick.o)
 .debug_info    0x000000000001349d       0xf0 /home/maddocks/src/i2c-f7/i2c-star/libopencm3/lib/libopencm3_stm32f7.a(flash_common_all.o)
 .debug_info    0x000000000001358d      0x15b /home/maddocks/src/i2c-f7/i2c-star/libopencm3/lib/libopencm3_stm32f7.a(flash.o)
 .debug_info    0x00000000000136e8       0xe7 /home/maddocks/src/i2c-f7/i2c-star/libopencm3/lib/libopencm3_stm32f7.a(pwr.o)
 .debug_info    0x00000000000137cf      0x9b5 /usr/lib/gcc/arm-none-eabi/9.2.1/../../../arm-none-eabi/lib/thumb/v7e-m+fp/hard/libc.a(lib_a-abort.o)
 .debug_info    0x0000000000014184      0xa7a /usr/lib/gcc/arm-none-eabi/9.2.1/../../../arm-none-eabi/lib/thumb/v7e-m+fp/hard/libc.a(lib_a-fprintf.o)
 .debug_info    0x0000000000014bfe      0x92a /usr/lib/gcc/arm-none-eabi/9.2.1/../../../arm-none-eabi/lib/thumb/v7e-m+fp/hard/libc.a(lib_a-impure.o)
 .debug_info    0x0000000000015528      0xf41 /usr/lib/gcc/arm-none-eabi/9.2.1/../../../arm-none-eabi/lib/thumb/v7e-m+fp/hard/libc.a(lib_a-mallocr.o)
 .debug_info    0x0000000000016469       0x26 /usr/lib/gcc/arm-none-eabi/9.2.1/../../../arm-none-eabi/lib/thumb/v7e-m+fp/hard/libc.a(lib_a-memcpy.o)
 .debug_info    0x000000000001648f      0xf21 /usr/lib/gcc/arm-none-eabi/9.2.1/../../../arm-none-eabi/lib/thumb/v7e-m+fp/hard/libc.a(lib_a-memset.o)
 .debug_info    0x00000000000173b0      0x961 /usr/lib/gcc/arm-none-eabi/9.2.1/../../../arm-none-eabi/lib/thumb/v7e-m+fp/hard/libc.a(lib_a-mlock.o)
 .debug_info    0x0000000000017d11      0xce5 /usr/lib/gcc/arm-none-eabi/9.2.1/../../../arm-none-eabi/lib/thumb/v7e-m+fp/hard/libc.a(lib_a-puts.o)
 .debug_info    0x00000000000189f6      0x9fb /usr/lib/gcc/arm-none-eabi/9.2.1/../../../arm-none-eabi/lib/thumb/v7e-m+fp/hard/libc.a(lib_a-sbrkr.o)
 .debug_info    0x00000000000193f1      0xd5c /usr/lib/gcc/arm-none-eabi/9.2.1/../../../arm-none-eabi/lib/thumb/v7e-m+fp/hard/libc.a(lib_a-signal.o)
 .debug_info    0x000000000001a14d      0xa44 /usr/lib/gcc/arm-none-eabi/9.2.1/../../../arm-none-eabi/lib/thumb/v7e-m+fp/hard/libc.a(lib_a-signalr.o)
 .debug_info    0x000000000001ab91       0x26 /usr/lib/gcc/arm-none-eabi/9.2.1/../../../arm-none-eabi/lib/thumb/v7e-m+fp/hard/libc.a(lib_a-strlen.o)
 .debug_info    0x000000000001abb7     0x209a /usr/lib/gcc/arm-none-eabi/9.2.1/../../../arm-none-eabi/lib/thumb/v7e-m+fp/hard/libc.a(lib_a-vfprintf.o)
 .debug_info    0x000000000001cc51      0xbf3 /usr/lib/gcc/arm-none-eabi/9.2.1/../../../arm-none-eabi/lib/thumb/v7e-m+fp/hard/libc.a(lib_a-wsetup.o)
 .debug_info    0x000000000001d844     0x1acf /usr/lib/gcc/arm-none-eabi/9.2.1/../../../arm-none-eabi/lib/thumb/v7e-m+fp/hard/libc.a(lib_a-dtoa.o)
 .debug_info    0x000000000001f313      0xd73 /usr/lib/gcc/arm-none-eabi/9.2.1/../../../arm-none-eabi/lib/thumb/v7e-m+fp/hard/libc.a(lib_a-fflush.o)
 .debug_info    0x0000000000020086     0x1143 /usr/lib/gcc/arm-none-eabi/9.2.1/../../../arm-none-eabi/lib/thumb/v7e-m+fp/hard/libc.a(lib_a-findfp.o)
 .debug_info    0x00000000000211c9      0xdc4 /usr/lib/gcc/arm-none-eabi/9.2.1/../../../arm-none-eabi/lib/thumb/v7e-m+fp/hard/libc.a(lib_a-freer.o)
 .debug_info    0x0000000000021f8d      0xeed /usr/lib/gcc/arm-none-eabi/9.2.1/../../../arm-none-eabi/lib/thumb/v7e-m+fp/hard/libc.a(lib_a-fvwrite.o)
 .debug_info    0x0000000000022e7a      0xca4 /usr/lib/gcc/arm-none-eabi/9.2.1/../../../arm-none-eabi/lib/thumb/v7e-m+fp/hard/libc.a(lib_a-fwalk.o)
 .debug_info    0x0000000000023b1e      0xf49 /usr/lib/gcc/arm-none-eabi/9.2.1/../../../arm-none-eabi/lib/thumb/v7e-m+fp/hard/libc.a(lib_a-localeconv.o)
 .debug_info    0x0000000000024a67      0xf69 /usr/lib/gcc/arm-none-eabi/9.2.1/../../../arm-none-eabi/lib/thumb/v7e-m+fp/hard/libc.a(lib_a-makebuf.o)
 .debug_info    0x00000000000259d0       0x26 /usr/lib/gcc/arm-none-eabi/9.2.1/../../../arm-none-eabi/lib/thumb/v7e-m+fp/hard/libc.a(lib_a-memchr.o)
 .debug_info    0x00000000000259f6      0xf2b /usr/lib/gcc/arm-none-eabi/9.2.1/../../../arm-none-eabi/lib/thumb/v7e-m+fp/hard/libc.a(lib_a-memmove.o)
 .debug_info    0x0000000000026921     0x228d /usr/lib/gcc/arm-none-eabi/9.2.1/../../../arm-none-eabi/lib/thumb/v7e-m+fp/hard/libc.a(lib_a-mprec.o)
 .debug_info    0x0000000000028bae      0xefd /usr/lib/gcc/arm-none-eabi/9.2.1/../../../arm-none-eabi/lib/thumb/v7e-m+fp/hard/libc.a(lib_a-reallocr.o)
 .debug_info    0x0000000000029aab      0xac5 /usr/lib/gcc/arm-none-eabi/9.2.1/../../../arm-none-eabi/lib/thumb/v7e-m+fp/hard/libc.a(lib_a-reent.o)
 .debug_info    0x000000000002a570      0xe67 /usr/lib/gcc/arm-none-eabi/9.2.1/../../../arm-none-eabi/lib/thumb/v7e-m+fp/hard/libc.a(lib_a-stdio.o)
 .debug_info    0x000000000002b3d7     0x1eb6 /usr/lib/gcc/arm-none-eabi/9.2.1/../../../arm-none-eabi/lib/thumb/v7e-m+fp/hard/libc.a(lib_a-vfiprintf.o)
 .debug_info    0x000000000002d28d      0xa2c /usr/lib/gcc/arm-none-eabi/9.2.1/../../../arm-none-eabi/lib/thumb/v7e-m+fp/hard/libc.a(lib_a-writer.o)
 .debug_info    0x000000000002dcb9      0xa41 /usr/lib/gcc/arm-none-eabi/9.2.1/../../../arm-none-eabi/lib/thumb/v7e-m+fp/hard/libc.a(lib_a-assert.o)
 .debug_info    0x000000000002e6fa      0xc2f /usr/lib/gcc/arm-none-eabi/9.2.1/../../../arm-none-eabi/lib/thumb/v7e-m+fp/hard/libc.a(lib_a-callocr.o)
 .debug_info    0x000000000002f329      0x9d8 /usr/lib/gcc/arm-none-eabi/9.2.1/../../../arm-none-eabi/lib/thumb/v7e-m+fp/hard/libc.a(lib_a-closer.o)
 .debug_info    0x000000000002fd01      0xcd5 /usr/lib/gcc/arm-none-eabi/9.2.1/../../../arm-none-eabi/lib/thumb/v7e-m+fp/hard/libc.a(lib_a-fclose.o)
 .debug_info    0x00000000000309d6      0xa71 /usr/lib/gcc/arm-none-eabi/9.2.1/../../../arm-none-eabi/lib/thumb/v7e-m+fp/hard/libc.a(lib_a-fiprintf.o)
 .debug_info    0x0000000000031447      0xe4a /usr/lib/gcc/arm-none-eabi/9.2.1/../../../arm-none-eabi/lib/thumb/v7e-m+fp/hard/libc.a(lib_a-fputwc.o)
 .debug_info    0x0000000000032291      0xc24 /usr/lib/gcc/arm-none-eabi/9.2.1/../../../arm-none-eabi/lib/thumb/v7e-m+fp/hard/libc.a(lib_a-fstatr.o)
 .debug_info    0x0000000000032eb5      0x9d8 /usr/lib/gcc/arm-none-eabi/9.2.1/../../../arm-none-eabi/lib/thumb/v7e-m+fp/hard/libc.a(lib_a-isattyr.o)
 .debug_info    0x000000000003388d     0x10ca /usr/lib/gcc/arm-none-eabi/9.2.1/../../../arm-none-eabi/lib/thumb/v7e-m+fp/hard/libc.a(lib_a-locale.o)
 .debug_info    0x0000000000034957      0xa0d /usr/lib/gcc/arm-none-eabi/9.2.1/../../../arm-none-eabi/lib/thumb/v7e-m+fp/hard/libc.a(lib_a-lseekr.o)
 .debug_info    0x0000000000035364     0x1044 /usr/lib/gcc/arm-none-eabi/9.2.1/../../../arm-none-eabi/lib/thumb/v7e-m+fp/hard/libc.a(lib_a-mbtowc_r.o)
 .debug_info    0x00000000000363a8      0xa25 /usr/lib/gcc/arm-none-eabi/9.2.1/../../../arm-none-eabi/lib/thumb/v7e-m+fp/hard/libc.a(lib_a-readr.o)
 .debug_info    0x0000000000036dcd       0x26 /usr/lib/gcc/arm-none-eabi/9.2.1/../../../arm-none-eabi/lib/thumb/v7e-m+fp/hard/libc.a(lib_a-strcmp.o)
 .debug_info    0x0000000000036df3      0xc90 /usr/lib/gcc/arm-none-eabi/9.2.1/../../../arm-none-eabi/lib/thumb/v7e-m+fp/hard/libc.a(lib_a-wbuf.o)
 .debug_info    0x0000000000037a83     0x10b3 /usr/lib/gcc/arm-none-eabi/9.2.1/../../../arm-none-eabi/lib/thumb/v7e-m+fp/hard/libc.a(lib_a-wcrtomb.o)
 .debug_info    0x0000000000038b36      0xffd /usr/lib/gcc/arm-none-eabi/9.2.1/../../../arm-none-eabi/lib/thumb/v7e-m+fp/hard/libc.a(lib_a-wctomb_r.o)
 .debug_info    0x0000000000039b33      0xe91 /usr/lib/gcc/arm-none-eabi/9.2.1/../../../arm-none-eabi/lib/thumb/v7e-m+fp/hard/libc.a(lib_a-ctype_.o)
 .debug_info    0x000000000003a9c4       0x26 /usr/lib/gcc/arm-none-eabi/9.2.1/thumb/v7e-m+fp/hard/libgcc.a(_arm_addsubdf3.o)
 .debug_info    0x000000000003a9ea       0x26 /usr/lib/gcc/arm-none-eabi/9.2.1/thumb/v7e-m+fp/hard/libgcc.a(_arm_muldivdf3.o)
 .debug_info    0x000000000003aa10       0x26 /usr/lib/gcc/arm-none-eabi/9.2.1/thumb/v7e-m+fp/hard/libgcc.a(_arm_cmpdf2.o)
 .debug_info    0x000000000003aa36       0x26 /usr/lib/gcc/arm-none-eabi/9.2.1/thumb/v7e-m+fp/hard/libgcc.a(_arm_unorddf2.o)
 .debug_info    0x000000000003aa5c       0x26 /usr/lib/gcc/arm-none-eabi/9.2.1/thumb/v7e-m+fp/hard/libgcc.a(_arm_fixdfsi.o)
 .debug_info    0x000000000003aa82       0x26 /usr/lib/gcc/arm-none-eabi/9.2.1/thumb/v7e-m+fp/hard/libgcc.a(_aeabi_uldivmod.o)
 .debug_info    0x000000000003aaa8      0xd7c /usr/lib/gcc/arm-none-eabi/9.2.1/thumb/v7e-m+fp/hard/libgcc.a(_udivmoddi4.o)
 .debug_info    0x000000000003b824       0x26 /usr/lib/gcc/arm-none-eabi/9.2.1/thumb/v7e-m+fp/hard/libgcc.a(_dvmd_tls.o)
 .debug_info    0x000000000003b84a      0x96e /usr/lib/gcc/arm-none-eabi/9.2.1/../../../arm-none-eabi/lib/thumb/v7e-m+fp/hard/libnosys.a(close.o)
 .debug_info    0x000000000003c1b8      0xbb1 /usr/lib/gcc/arm-none-eabi/9.2.1/../../../arm-none-eabi/lib/thumb/v7e-m+fp/hard/libnosys.a(fstat.o)
 .debug_info    0x000000000003cd69      0x959 /usr/lib/gcc/arm-none-eabi/9.2.1/../../../arm-none-eabi/lib/thumb/v7e-m+fp/hard/libnosys.a(getpid.o)
 .debug_info    0x000000000003d6c2      0x96e /usr/lib/gcc/arm-none-eabi/9.2.1/../../../arm-none-eabi/lib/thumb/v7e-m+fp/hard/libnosys.a(isatty.o)
 .debug_info    0x000000000003e030      0x97c /usr/lib/gcc/arm-none-eabi/9.2.1/../../../arm-none-eabi/lib/thumb/v7e-m+fp/hard/libnosys.a(kill.o)
 .debug_info    0x000000000003e9ac      0x990 /usr/lib/gcc/arm-none-eabi/9.2.1/../../../arm-none-eabi/lib/thumb/v7e-m+fp/hard/libnosys.a(lseek.o)
 .debug_info    0x000000000003f33c      0x990 /usr/lib/gcc/arm-none-eabi/9.2.1/../../../arm-none-eabi/lib/thumb/v7e-m+fp/hard/libnosys.a(read.o)
 .debug_info    0x000000000003fccc       0x9d /usr/lib/gcc/arm-none-eabi/9.2.1/../../../arm-none-eabi/lib/thumb/v7e-m+fp/hard/libnosys.a(sbrk.o)
 .debug_info    0x000000000003fd69      0x990 /usr/lib/gcc/arm-none-eabi/9.2.1/../../../arm-none-eabi/lib/thumb/v7e-m+fp/hard/libnosys.a(write.o)
 .debug_info    0x00000000000406f9       0xa3 /usr/lib/gcc/arm-none-eabi/9.2.1/../../../arm-none-eabi/lib/thumb/v7e-m+fp/hard/libnosys.a(_exit.o)

.debug_abbrev   0x0000000000000000     0xc26d
 .debug_abbrev  0x0000000000000000      0x459 i2c_ctx.o
 .debug_abbrev  0x0000000000000459       0xde bitops.o
 .debug_abbrev  0x0000000000000537      0x3f9 fibre.o
 .debug_abbrev  0x0000000000000930       0x64 fibre_default.o
 .debug_abbrev  0x0000000000000994      0x2db list.o
 .debug_abbrev  0x0000000000000c6f      0x285 messageq.o
 .debug_abbrev  0x0000000000000ef4      0x29e regdump.o
 .debug_abbrev  0x0000000000001192       0xe1 time_libopencm3.o
 .debug_abbrev  0x0000000000001273      0x2a6 util.o
 .debug_abbrev  0x0000000000001519      0x487 i2c-stm32f7-usb.o
 .debug_abbrev  0x00000000000019a0       0xbf /home/maddocks/src/i2c-f7/i2c-star/libopencm3/lib/libopencm3_stm32f7.a(gpio_common_f0234.o)
 .debug_abbrev  0x0000000000001a5f      0x29c /home/maddocks/src/i2c-f7/i2c-star/libopencm3/lib/libopencm3_stm32f7.a(i2c_common_v2.o)
 .debug_abbrev  0x0000000000001cfb      0x35a /home/maddocks/src/i2c-f7/i2c-star/libopencm3/lib/libopencm3_stm32f7.a(rcc.o)
 .debug_abbrev  0x0000000000002055      0x193 /home/maddocks/src/i2c-f7/i2c-star/libopencm3/lib/libopencm3_stm32f7.a(rcc_common_all.o)
 .debug_abbrev  0x00000000000021e8      0x347 /home/maddocks/src/i2c-f7/i2c-star/libopencm3/lib/libopencm3_stm32f7.a(usb.o)
 .debug_abbrev  0x000000000000252f      0x5b8 /home/maddocks/src/i2c-f7/i2c-star/libopencm3/lib/libopencm3_stm32f7.a(usb_standard.o)
 .debug_abbrev  0x0000000000002ae7      0x48b /home/maddocks/src/i2c-f7/i2c-star/libopencm3/lib/libopencm3_stm32f7.a(usb_control.o)
 .debug_abbrev  0x0000000000002f72      0x2cb /home/maddocks/src/i2c-f7/i2c-star/libopencm3/lib/libopencm3_stm32f7.a(usb_f107.o)
 .debug_abbrev  0x000000000000323d      0x445 /home/maddocks/src/i2c-f7/i2c-star/libopencm3/lib/libopencm3_stm32f7.a(usb_dwc_common.o)
 .debug_abbrev  0x0000000000003682      0x15b /home/maddocks/src/i2c-f7/i2c-star/libopencm3/lib/libopencm3_stm32f7.a(vector.o)
 .debug_abbrev  0x00000000000037dd      0x155 /home/maddocks/src/i2c-f7/i2c-star/libopencm3/lib/libopencm3_stm32f7.a(systick.o)
 .debug_abbrev  0x0000000000003932       0x9a /home/maddocks/src/i2c-f7/i2c-star/libopencm3/lib/libopencm3_stm32f7.a(flash_common_all.o)
 .debug_abbrev  0x00000000000039cc       0xc5 /home/maddocks/src/i2c-f7/i2c-star/libopencm3/lib/libopencm3_stm32f7.a(flash.o)
 .debug_abbrev  0x0000000000003a91       0x9f /home/maddocks/src/i2c-f7/i2c-star/libopencm3/lib/libopencm3_stm32f7.a(pwr.o)
 .debug_abbrev  0x0000000000003b30      0x20b /usr/lib/gcc/arm-none-eabi/9.2.1/../../../arm-none-eabi/lib/thumb/v7e-m+fp/hard/libc.a(lib_a-abort.o)
 .debug_abbrev  0x0000000000003d3b      0x27a /usr/lib/gcc/arm-none-eabi/9.2.1/../../../arm-none-eabi/lib/thumb/v7e-m+fp/hard/libc.a(lib_a-fprintf.o)
 .debug_abbrev  0x0000000000003fb5      0x1b8 /usr/lib/gcc/arm-none-eabi/9.2.1/../../../arm-none-eabi/lib/thumb/v7e-m+fp/hard/libc.a(lib_a-impure.o)
 .debug_abbrev  0x000000000000416d      0x321 /usr/lib/gcc/arm-none-eabi/9.2.1/../../../arm-none-eabi/lib/thumb/v7e-m+fp/hard/libc.a(lib_a-mallocr.o)
 .debug_abbrev  0x000000000000448e       0x14 /usr/lib/gcc/arm-none-eabi/9.2.1/../../../arm-none-eabi/lib/thumb/v7e-m+fp/hard/libc.a(lib_a-memcpy.o)
 .debug_abbrev  0x00000000000044a2      0x217 /usr/lib/gcc/arm-none-eabi/9.2.1/../../../arm-none-eabi/lib/thumb/v7e-m+fp/hard/libc.a(lib_a-memset.o)
 .debug_abbrev  0x00000000000046b9      0x203 /usr/lib/gcc/arm-none-eabi/9.2.1/../../../arm-none-eabi/lib/thumb/v7e-m+fp/hard/libc.a(lib_a-mlock.o)
 .debug_abbrev  0x00000000000048bc      0x2c5 /usr/lib/gcc/arm-none-eabi/9.2.1/../../../arm-none-eabi/lib/thumb/v7e-m+fp/hard/libc.a(lib_a-puts.o)
 .debug_abbrev  0x0000000000004b81      0x250 /usr/lib/gcc/arm-none-eabi/9.2.1/../../../arm-none-eabi/lib/thumb/v7e-m+fp/hard/libc.a(lib_a-sbrkr.o)
 .debug_abbrev  0x0000000000004dd1      0x36b /usr/lib/gcc/arm-none-eabi/9.2.1/../../../arm-none-eabi/lib/thumb/v7e-m+fp/hard/libc.a(lib_a-signal.o)
 .debug_abbrev  0x000000000000513c      0x255 /usr/lib/gcc/arm-none-eabi/9.2.1/../../../arm-none-eabi/lib/thumb/v7e-m+fp/hard/libc.a(lib_a-signalr.o)
 .debug_abbrev  0x0000000000005391       0x14 /usr/lib/gcc/arm-none-eabi/9.2.1/../../../arm-none-eabi/lib/thumb/v7e-m+fp/hard/libc.a(lib_a-strlen.o)
 .debug_abbrev  0x00000000000053a5      0x466 /usr/lib/gcc/arm-none-eabi/9.2.1/../../../arm-none-eabi/lib/thumb/v7e-m+fp/hard/libc.a(lib_a-vfprintf.o)
 .debug_abbrev  0x000000000000580b      0x283 /usr/lib/gcc/arm-none-eabi/9.2.1/../../../arm-none-eabi/lib/thumb/v7e-m+fp/hard/libc.a(lib_a-wsetup.o)
 .debug_abbrev  0x0000000000005a8e      0x343 /usr/lib/gcc/arm-none-eabi/9.2.1/../../../arm-none-eabi/lib/thumb/v7e-m+fp/hard/libc.a(lib_a-dtoa.o)
 .debug_abbrev  0x0000000000005dd1      0x322 /usr/lib/gcc/arm-none-eabi/9.2.1/../../../arm-none-eabi/lib/thumb/v7e-m+fp/hard/libc.a(lib_a-fflush.o)
 .debug_abbrev  0x00000000000060f3      0x425 /usr/lib/gcc/arm-none-eabi/9.2.1/../../../arm-none-eabi/lib/thumb/v7e-m+fp/hard/libc.a(lib_a-findfp.o)
 .debug_abbrev  0x0000000000006518      0x2c9 /usr/lib/gcc/arm-none-eabi/9.2.1/../../../arm-none-eabi/lib/thumb/v7e-m+fp/hard/libc.a(lib_a-freer.o)
 .debug_abbrev  0x00000000000067e1      0x2ae /usr/lib/gcc/arm-none-eabi/9.2.1/../../../arm-none-eabi/lib/thumb/v7e-m+fp/hard/libc.a(lib_a-fvwrite.o)
 .debug_abbrev  0x0000000000006a8f      0x24e /usr/lib/gcc/arm-none-eabi/9.2.1/../../../arm-none-eabi/lib/thumb/v7e-m+fp/hard/libc.a(lib_a-fwalk.o)
 .debug_abbrev  0x0000000000006cdd      0x27d /usr/lib/gcc/arm-none-eabi/9.2.1/../../../arm-none-eabi/lib/thumb/v7e-m+fp/hard/libc.a(lib_a-localeconv.o)
 .debug_abbrev  0x0000000000006f5a      0x334 /usr/lib/gcc/arm-none-eabi/9.2.1/../../../arm-none-eabi/lib/thumb/v7e-m+fp/hard/libc.a(lib_a-makebuf.o)
 .debug_abbrev  0x000000000000728e       0x14 /usr/lib/gcc/arm-none-eabi/9.2.1/../../../arm-none-eabi/lib/thumb/v7e-m+fp/hard/libc.a(lib_a-memchr.o)
 .debug_abbrev  0x00000000000072a2      0x21c /usr/lib/gcc/arm-none-eabi/9.2.1/../../../arm-none-eabi/lib/thumb/v7e-m+fp/hard/libc.a(lib_a-memmove.o)
 .debug_abbrev  0x00000000000074be      0x4b7 /usr/lib/gcc/arm-none-eabi/9.2.1/../../../arm-none-eabi/lib/thumb/v7e-m+fp/hard/libc.a(lib_a-mprec.o)
 .debug_abbrev  0x0000000000007975      0x2a8 /usr/lib/gcc/arm-none-eabi/9.2.1/../../../arm-none-eabi/lib/thumb/v7e-m+fp/hard/libc.a(lib_a-reallocr.o)
 .debug_abbrev  0x0000000000007c1d      0x2ba /usr/lib/gcc/arm-none-eabi/9.2.1/../../../arm-none-eabi/lib/thumb/v7e-m+fp/hard/libc.a(lib_a-reent.o)
 .debug_abbrev  0x0000000000007ed7      0x2ad /usr/lib/gcc/arm-none-eabi/9.2.1/../../../arm-none-eabi/lib/thumb/v7e-m+fp/hard/libc.a(lib_a-stdio.o)
 .debug_abbrev  0x0000000000008184      0x468 /usr/lib/gcc/arm-none-eabi/9.2.1/../../../arm-none-eabi/lib/thumb/v7e-m+fp/hard/libc.a(lib_a-vfiprintf.o)
 .debug_abbrev  0x00000000000085ec      0x22a /usr/lib/gcc/arm-none-eabi/9.2.1/../../../arm-none-eabi/lib/thumb/v7e-m+fp/hard/libc.a(lib_a-writer.o)
 .debug_abbrev  0x0000000000008816      0x23d /usr/lib/gcc/arm-none-eabi/9.2.1/../../../arm-none-eabi/lib/thumb/v7e-m+fp/hard/libc.a(lib_a-assert.o)
 .debug_abbrev  0x0000000000008a53      0x275 /usr/lib/gcc/arm-none-eabi/9.2.1/../../../arm-none-eabi/lib/thumb/v7e-m+fp/hard/libc.a(lib_a-callocr.o)
 .debug_abbrev  0x0000000000008cc8      0x225 /usr/lib/gcc/arm-none-eabi/9.2.1/../../../arm-none-eabi/lib/thumb/v7e-m+fp/hard/libc.a(lib_a-closer.o)
 .debug_abbrev  0x0000000000008eed      0x327 /usr/lib/gcc/arm-none-eabi/9.2.1/../../../arm-none-eabi/lib/thumb/v7e-m+fp/hard/libc.a(lib_a-fclose.o)
 .debug_abbrev  0x0000000000009214      0x255 /usr/lib/gcc/arm-none-eabi/9.2.1/../../../arm-none-eabi/lib/thumb/v7e-m+fp/hard/libc.a(lib_a-fiprintf.o)
 .debug_abbrev  0x0000000000009469      0x38c /usr/lib/gcc/arm-none-eabi/9.2.1/../../../arm-none-eabi/lib/thumb/v7e-m+fp/hard/libc.a(lib_a-fputwc.o)
 .debug_abbrev  0x00000000000097f5      0x239 /usr/lib/gcc/arm-none-eabi/9.2.1/../../../arm-none-eabi/lib/thumb/v7e-m+fp/hard/libc.a(lib_a-fstatr.o)
 .debug_abbrev  0x0000000000009a2e      0x225 /usr/lib/gcc/arm-none-eabi/9.2.1/../../../arm-none-eabi/lib/thumb/v7e-m+fp/hard/libc.a(lib_a-isattyr.o)
 .debug_abbrev  0x0000000000009c53      0x2e8 /usr/lib/gcc/arm-none-eabi/9.2.1/../../../arm-none-eabi/lib/thumb/v7e-m+fp/hard/libc.a(lib_a-locale.o)
 .debug_abbrev  0x0000000000009f3b      0x239 /usr/lib/gcc/arm-none-eabi/9.2.1/../../../arm-none-eabi/lib/thumb/v7e-m+fp/hard/libc.a(lib_a-lseekr.o)
 .debug_abbrev  0x000000000000a174      0x25f /usr/lib/gcc/arm-none-eabi/9.2.1/../../../arm-none-eabi/lib/thumb/v7e-m+fp/hard/libc.a(lib_a-mbtowc_r.o)
 .debug_abbrev  0x000000000000a3d3      0x225 /usr/lib/gcc/arm-none-eabi/9.2.1/../../../arm-none-eabi/lib/thumb/v7e-m+fp/hard/libc.a(lib_a-readr.o)
 .debug_abbrev  0x000000000000a5f8       0x14 /usr/lib/gcc/arm-none-eabi/9.2.1/../../../arm-none-eabi/lib/thumb/v7e-m+fp/hard/libc.a(lib_a-strcmp.o)
 .debug_abbrev  0x000000000000a60c      0x2c3 /usr/lib/gcc/arm-none-eabi/9.2.1/../../../arm-none-eabi/lib/thumb/v7e-m+fp/hard/libc.a(lib_a-wbuf.o)
 .debug_abbrev  0x000000000000a8cf      0x256 /usr/lib/gcc/arm-none-eabi/9.2.1/../../../arm-none-eabi/lib/thumb/v7e-m+fp/hard/libc.a(lib_a-wcrtomb.o)
 .debug_abbrev  0x000000000000ab25      0x269 /usr/lib/gcc/arm-none-eabi/9.2.1/../../../arm-none-eabi/lib/thumb/v7e-m+fp/hard/libc.a(lib_a-wctomb_r.o)
 .debug_abbrev  0x000000000000ad8e      0x1b6 /usr/lib/gcc/arm-none-eabi/9.2.1/../../../arm-none-eabi/lib/thumb/v7e-m+fp/hard/libc.a(lib_a-ctype_.o)
 .debug_abbrev  0x000000000000af44       0x14 /usr/lib/gcc/arm-none-eabi/9.2.1/thumb/v7e-m+fp/hard/libgcc.a(_arm_addsubdf3.o)
 .debug_abbrev  0x000000000000af58       0x14 /usr/lib/gcc/arm-none-eabi/9.2.1/thumb/v7e-m+fp/hard/libgcc.a(_arm_muldivdf3.o)
 .debug_abbrev  0x000000000000af6c       0x14 /usr/lib/gcc/arm-none-eabi/9.2.1/thumb/v7e-m+fp/hard/libgcc.a(_arm_cmpdf2.o)
 .debug_abbrev  0x000000000000af80       0x14 /usr/lib/gcc/arm-none-eabi/9.2.1/thumb/v7e-m+fp/hard/libgcc.a(_arm_unorddf2.o)
 .debug_abbrev  0x000000000000af94       0x14 /usr/lib/gcc/arm-none-eabi/9.2.1/thumb/v7e-m+fp/hard/libgcc.a(_arm_fixdfsi.o)
 .debug_abbrev  0x000000000000afa8       0x14 /usr/lib/gcc/arm-none-eabi/9.2.1/thumb/v7e-m+fp/hard/libgcc.a(_aeabi_uldivmod.o)
 .debug_abbrev  0x000000000000afbc      0x1c2 /usr/lib/gcc/arm-none-eabi/9.2.1/thumb/v7e-m+fp/hard/libgcc.a(_udivmoddi4.o)
 .debug_abbrev  0x000000000000b17e       0x14 /usr/lib/gcc/arm-none-eabi/9.2.1/thumb/v7e-m+fp/hard/libgcc.a(_dvmd_tls.o)
 .debug_abbrev  0x000000000000b192      0x1ea /usr/lib/gcc/arm-none-eabi/9.2.1/../../../arm-none-eabi/lib/thumb/v7e-m+fp/hard/libnosys.a(close.o)
 .debug_abbrev  0x000000000000b37c      0x1fd /usr/lib/gcc/arm-none-eabi/9.2.1/../../../arm-none-eabi/lib/thumb/v7e-m+fp/hard/libnosys.a(fstat.o)
 .debug_abbrev  0x000000000000b579      0x1d6 /usr/lib/gcc/arm-none-eabi/9.2.1/../../../arm-none-eabi/lib/thumb/v7e-m+fp/hard/libnosys.a(getpid.o)
 .debug_abbrev  0x000000000000b74f      0x1ea /usr/lib/gcc/arm-none-eabi/9.2.1/../../../arm-none-eabi/lib/thumb/v7e-m+fp/hard/libnosys.a(isatty.o)
 .debug_abbrev  0x000000000000b939      0x1fb /usr/lib/gcc/arm-none-eabi/9.2.1/../../../arm-none-eabi/lib/thumb/v7e-m+fp/hard/libnosys.a(kill.o)
 .debug_abbrev  0x000000000000bb34      0x20f /usr/lib/gcc/arm-none-eabi/9.2.1/../../../arm-none-eabi/lib/thumb/v7e-m+fp/hard/libnosys.a(lseek.o)
 .debug_abbrev  0x000000000000bd43      0x20f /usr/lib/gcc/arm-none-eabi/9.2.1/../../../arm-none-eabi/lib/thumb/v7e-m+fp/hard/libnosys.a(read.o)
 .debug_abbrev  0x000000000000bf52       0xa2 /usr/lib/gcc/arm-none-eabi/9.2.1/../../../arm-none-eabi/lib/thumb/v7e-m+fp/hard/libnosys.a(sbrk.o)
 .debug_abbrev  0x000000000000bff4      0x20f /usr/lib/gcc/arm-none-eabi/9.2.1/../../../arm-none-eabi/lib/thumb/v7e-m+fp/hard/libnosys.a(write.o)
 .debug_abbrev  0x000000000000c203       0x6a /usr/lib/gcc/arm-none-eabi/9.2.1/../../../arm-none-eabi/lib/thumb/v7e-m+fp/hard/libnosys.a(_exit.o)

.debug_loc      0x0000000000000000    0x1834b
 .debug_loc     0x0000000000000000      0x9c8 i2c_ctx.o
 .debug_loc     0x00000000000009c8      0x331 bitops.o
 .debug_loc     0x0000000000000cf9      0x652 fibre.o
 .debug_loc     0x000000000000134b      0x30b list.o
 .debug_loc     0x0000000000001656      0x337 messageq.o
 .debug_loc     0x000000000000198d      0x260 regdump.o
 .debug_loc     0x0000000000001bed      0x109 util.o
 .debug_loc     0x0000000000001cf6      0x4c8 i2c-stm32f7-usb.o
 .debug_loc     0x00000000000021be      0x14d /home/maddocks/src/i2c-f7/i2c-star/libopencm3/lib/libopencm3_stm32f7.a(gpio_common_f0234.o)
 .debug_loc     0x000000000000230b      0x6ca /home/maddocks/src/i2c-f7/i2c-star/libopencm3/lib/libopencm3_stm32f7.a(i2c_common_v2.o)
 .debug_loc     0x00000000000029d5      0x602 /home/maddocks/src/i2c-f7/i2c-star/libopencm3/lib/libopencm3_stm32f7.a(rcc.o)
 .debug_loc     0x0000000000002fd7       0xde /home/maddocks/src/i2c-f7/i2c-star/libopencm3/lib/libopencm3_stm32f7.a(rcc_common_all.o)
 .debug_loc     0x00000000000030b5      0x544 /home/maddocks/src/i2c-f7/i2c-star/libopencm3/lib/libopencm3_stm32f7.a(usb.o)
 .debug_loc     0x00000000000035f9     0x144d /home/maddocks/src/i2c-f7/i2c-star/libopencm3/lib/libopencm3_stm32f7.a(usb_standard.o)
 .debug_loc     0x0000000000004a46      0x70c /home/maddocks/src/i2c-f7/i2c-star/libopencm3/lib/libopencm3_stm32f7.a(usb_control.o)
 .debug_loc     0x0000000000005152      0x8f5 /home/maddocks/src/i2c-f7/i2c-star/libopencm3/lib/libopencm3_stm32f7.a(usb_dwc_common.o)
 .debug_loc     0x0000000000005a47      0x128 /home/maddocks/src/i2c-f7/i2c-star/libopencm3/lib/libopencm3_stm32f7.a(vector.o)
 .debug_loc     0x0000000000005b6f      0x192 /home/maddocks/src/i2c-f7/i2c-star/libopencm3/lib/libopencm3_stm32f7.a(systick.o)
 .debug_loc     0x0000000000005d01       0x47 /home/maddocks/src/i2c-f7/i2c-star/libopencm3/lib/libopencm3_stm32f7.a(flash_common_all.o)
 .debug_loc     0x0000000000005d48       0xa6 /usr/lib/gcc/arm-none-eabi/9.2.1/../../../arm-none-eabi/lib/thumb/v7e-m+fp/hard/libc.a(lib_a-fprintf.o)
 .debug_loc     0x0000000000005dee      0xf44 /usr/lib/gcc/arm-none-eabi/9.2.1/../../../arm-none-eabi/lib/thumb/v7e-m+fp/hard/libc.a(lib_a-mallocr.o)
 .debug_loc     0x0000000000006d32      0x231 /usr/lib/gcc/arm-none-eabi/9.2.1/../../../arm-none-eabi/lib/thumb/v7e-m+fp/hard/libc.a(lib_a-memset.o)
 .debug_loc     0x0000000000006f63      0x11a /usr/lib/gcc/arm-none-eabi/9.2.1/../../../arm-none-eabi/lib/thumb/v7e-m+fp/hard/libc.a(lib_a-puts.o)
 .debug_loc     0x000000000000707d       0x6c /usr/lib/gcc/arm-none-eabi/9.2.1/../../../arm-none-eabi/lib/thumb/v7e-m+fp/hard/libc.a(lib_a-sbrkr.o)
 .debug_loc     0x00000000000070e9      0x560 /usr/lib/gcc/arm-none-eabi/9.2.1/../../../arm-none-eabi/lib/thumb/v7e-m+fp/hard/libc.a(lib_a-signal.o)
 .debug_loc     0x0000000000007649       0xd0 /usr/lib/gcc/arm-none-eabi/9.2.1/../../../arm-none-eabi/lib/thumb/v7e-m+fp/hard/libc.a(lib_a-signalr.o)
 .debug_loc     0x0000000000007719     0x364f /usr/lib/gcc/arm-none-eabi/9.2.1/../../../arm-none-eabi/lib/thumb/v7e-m+fp/hard/libc.a(lib_a-vfprintf.o)
 .debug_loc     0x000000000000ad68       0xba /usr/lib/gcc/arm-none-eabi/9.2.1/../../../arm-none-eabi/lib/thumb/v7e-m+fp/hard/libc.a(lib_a-wsetup.o)
 .debug_loc     0x000000000000ae22     0x305a /usr/lib/gcc/arm-none-eabi/9.2.1/../../../arm-none-eabi/lib/thumb/v7e-m+fp/hard/libc.a(lib_a-dtoa.o)
 .debug_loc     0x000000000000de7c      0x334 /usr/lib/gcc/arm-none-eabi/9.2.1/../../../arm-none-eabi/lib/thumb/v7e-m+fp/hard/libc.a(lib_a-fflush.o)
 .debug_loc     0x000000000000e1b0      0x32c /usr/lib/gcc/arm-none-eabi/9.2.1/../../../arm-none-eabi/lib/thumb/v7e-m+fp/hard/libc.a(lib_a-findfp.o)
 .debug_loc     0x000000000000e4dc      0x6f8 /usr/lib/gcc/arm-none-eabi/9.2.1/../../../arm-none-eabi/lib/thumb/v7e-m+fp/hard/libc.a(lib_a-freer.o)
 .debug_loc     0x000000000000ebd4      0x669 /usr/lib/gcc/arm-none-eabi/9.2.1/../../../arm-none-eabi/lib/thumb/v7e-m+fp/hard/libc.a(lib_a-fvwrite.o)
 .debug_loc     0x000000000000f23d      0x24f /usr/lib/gcc/arm-none-eabi/9.2.1/../../../arm-none-eabi/lib/thumb/v7e-m+fp/hard/libc.a(lib_a-fwalk.o)
 .debug_loc     0x000000000000f48c       0x6f /usr/lib/gcc/arm-none-eabi/9.2.1/../../../arm-none-eabi/lib/thumb/v7e-m+fp/hard/libc.a(lib_a-localeconv.o)
 .debug_loc     0x000000000000f4fb      0x192 /usr/lib/gcc/arm-none-eabi/9.2.1/../../../arm-none-eabi/lib/thumb/v7e-m+fp/hard/libc.a(lib_a-makebuf.o)
 .debug_loc     0x000000000000f68d      0x2f1 /usr/lib/gcc/arm-none-eabi/9.2.1/../../../arm-none-eabi/lib/thumb/v7e-m+fp/hard/libc.a(lib_a-memmove.o)
 .debug_loc     0x000000000000f97e     0x234e /usr/lib/gcc/arm-none-eabi/9.2.1/../../../arm-none-eabi/lib/thumb/v7e-m+fp/hard/libc.a(lib_a-mprec.o)
 .debug_loc     0x0000000000011ccc     0x12c8 /usr/lib/gcc/arm-none-eabi/9.2.1/../../../arm-none-eabi/lib/thumb/v7e-m+fp/hard/libc.a(lib_a-reallocr.o)
 .debug_loc     0x0000000000012f94      0x152 /usr/lib/gcc/arm-none-eabi/9.2.1/../../../arm-none-eabi/lib/thumb/v7e-m+fp/hard/libc.a(lib_a-reent.o)
 .debug_loc     0x00000000000130e6      0x393 /usr/lib/gcc/arm-none-eabi/9.2.1/../../../arm-none-eabi/lib/thumb/v7e-m+fp/hard/libc.a(lib_a-stdio.o)
 .debug_loc     0x0000000000013479     0x25f3 /usr/lib/gcc/arm-none-eabi/9.2.1/../../../arm-none-eabi/lib/thumb/v7e-m+fp/hard/libc.a(lib_a-vfiprintf.o)
 .debug_loc     0x0000000000015a6c       0xdd /usr/lib/gcc/arm-none-eabi/9.2.1/../../../arm-none-eabi/lib/thumb/v7e-m+fp/hard/libc.a(lib_a-writer.o)
 .debug_loc     0x0000000000015b49      0x15c /usr/lib/gcc/arm-none-eabi/9.2.1/../../../arm-none-eabi/lib/thumb/v7e-m+fp/hard/libc.a(lib_a-assert.o)
 .debug_loc     0x0000000000015ca5      0x2d6 /usr/lib/gcc/arm-none-eabi/9.2.1/../../../arm-none-eabi/lib/thumb/v7e-m+fp/hard/libc.a(lib_a-callocr.o)
 .debug_loc     0x0000000000015f7b       0x6c /usr/lib/gcc/arm-none-eabi/9.2.1/../../../arm-none-eabi/lib/thumb/v7e-m+fp/hard/libc.a(lib_a-closer.o)
 .debug_loc     0x0000000000015fe7      0x179 /usr/lib/gcc/arm-none-eabi/9.2.1/../../../arm-none-eabi/lib/thumb/v7e-m+fp/hard/libc.a(lib_a-fclose.o)
 .debug_loc     0x0000000000016160       0xa6 /usr/lib/gcc/arm-none-eabi/9.2.1/../../../arm-none-eabi/lib/thumb/v7e-m+fp/hard/libc.a(lib_a-fiprintf.o)
 .debug_loc     0x0000000000016206      0x3cc /usr/lib/gcc/arm-none-eabi/9.2.1/../../../arm-none-eabi/lib/thumb/v7e-m+fp/hard/libc.a(lib_a-fputwc.o)
 .debug_loc     0x00000000000165d2       0xab /usr/lib/gcc/arm-none-eabi/9.2.1/../../../arm-none-eabi/lib/thumb/v7e-m+fp/hard/libc.a(lib_a-fstatr.o)
 .debug_loc     0x000000000001667d       0x6c /usr/lib/gcc/arm-none-eabi/9.2.1/../../../arm-none-eabi/lib/thumb/v7e-m+fp/hard/libc.a(lib_a-isattyr.o)
 .debug_loc     0x00000000000166e9      0x189 /usr/lib/gcc/arm-none-eabi/9.2.1/../../../arm-none-eabi/lib/thumb/v7e-m+fp/hard/libc.a(lib_a-locale.o)
 .debug_loc     0x0000000000016872       0xdd /usr/lib/gcc/arm-none-eabi/9.2.1/../../../arm-none-eabi/lib/thumb/v7e-m+fp/hard/libc.a(lib_a-lseekr.o)
 .debug_loc     0x000000000001694f      0x21d /usr/lib/gcc/arm-none-eabi/9.2.1/../../../arm-none-eabi/lib/thumb/v7e-m+fp/hard/libc.a(lib_a-mbtowc_r.o)
 .debug_loc     0x0000000000016b6c       0xdd /usr/lib/gcc/arm-none-eabi/9.2.1/../../../arm-none-eabi/lib/thumb/v7e-m+fp/hard/libc.a(lib_a-readr.o)
 .debug_loc     0x0000000000016c49      0x1b0 /usr/lib/gcc/arm-none-eabi/9.2.1/../../../arm-none-eabi/lib/thumb/v7e-m+fp/hard/libc.a(lib_a-wbuf.o)
 .debug_loc     0x0000000000016df9      0x2b1 /usr/lib/gcc/arm-none-eabi/9.2.1/../../../arm-none-eabi/lib/thumb/v7e-m+fp/hard/libc.a(lib_a-wcrtomb.o)
 .debug_loc     0x00000000000170aa      0x13a /usr/lib/gcc/arm-none-eabi/9.2.1/../../../arm-none-eabi/lib/thumb/v7e-m+fp/hard/libc.a(lib_a-wctomb_r.o)
 .debug_loc     0x00000000000171e4      0xfa2 /usr/lib/gcc/arm-none-eabi/9.2.1/thumb/v7e-m+fp/hard/libgcc.a(_udivmoddi4.o)
 .debug_loc     0x0000000000018186       0x25 /usr/lib/gcc/arm-none-eabi/9.2.1/../../../arm-none-eabi/lib/thumb/v7e-m+fp/hard/libnosys.a(close.o)
 .debug_loc     0x00000000000181ab       0x25 /usr/lib/gcc/arm-none-eabi/9.2.1/../../../arm-none-eabi/lib/thumb/v7e-m+fp/hard/libnosys.a(fstat.o)
 .debug_loc     0x00000000000181d0       0x25 /usr/lib/gcc/arm-none-eabi/9.2.1/../../../arm-none-eabi/lib/thumb/v7e-m+fp/hard/libnosys.a(isatty.o)
 .debug_loc     0x00000000000181f5       0x25 /usr/lib/gcc/arm-none-eabi/9.2.1/../../../arm-none-eabi/lib/thumb/v7e-m+fp/hard/libnosys.a(kill.o)
 .debug_loc     0x000000000001821a       0x4a /usr/lib/gcc/arm-none-eabi/9.2.1/../../../arm-none-eabi/lib/thumb/v7e-m+fp/hard/libnosys.a(lseek.o)
 .debug_loc     0x0000000000018264       0x4a /usr/lib/gcc/arm-none-eabi/9.2.1/../../../arm-none-eabi/lib/thumb/v7e-m+fp/hard/libnosys.a(read.o)
 .debug_loc     0x00000000000182ae       0x3e /usr/lib/gcc/arm-none-eabi/9.2.1/../../../arm-none-eabi/lib/thumb/v7e-m+fp/hard/libnosys.a(sbrk.o)
 .debug_loc     0x00000000000182ec       0x4a /usr/lib/gcc/arm-none-eabi/9.2.1/../../../arm-none-eabi/lib/thumb/v7e-m+fp/hard/libnosys.a(write.o)
 .debug_loc     0x0000000000018336       0x15 /usr/lib/gcc/arm-none-eabi/9.2.1/../../../arm-none-eabi/lib/thumb/v7e-m+fp/hard/libnosys.a(_exit.o)

.debug_aranges  0x0000000000000000     0x1138
 .debug_aranges
                0x0000000000000000       0x78 i2c_ctx.o
 .debug_aranges
                0x0000000000000078       0x38 bitops.o
 .debug_aranges
                0x00000000000000b0       0x98 fibre.o
 .debug_aranges